Archive member included to satisfy reference by file (symbol)

/home/kirill/Projects/Pico/test/pico2/libmicroros/libmicroros.a(libgeometry_msgs__rosidl_typesupport_c-vector3__type_support.cpp.obj)
                              CMakeFiles/pico2.dir/pico2.cpp.obj (rosidl_typesupport_c__get_message_type_support_handle__geometry_msgs__msg__Vector3)
/home/kirill/Projects/Pico/test/pico2/libmicroros/libmicroros.a(libgeometry_msgs__rosidl_typesupport_introspection_c-vector3__type_support.c.obj)
                              /home/kirill/Projects/Pico/test/pico2/libmicroros/libmicroros.a(libgeometry_msgs__rosidl_typesupport_c-vector3__type_support.cpp.obj) (rosidl_typesupport_introspection_c__get_message_type_support_handle__geometry_msgs__msg__Vector3)
/home/kirill/Projects/Pico/test/pico2/libmicroros/libmicroros.a(libgeometry_msgs__rosidl_typesupport_microxrcedds_c-vector3__type_support_c.c.obj)
                              /home/kirill/Projects/Pico/test/pico2/libmicroros/libmicroros.a(libgeometry_msgs__rosidl_typesupport_c-vector3__type_support.cpp.obj) (rosidl_typesupport_microxrcedds_c__get_message_type_support_handle__geometry_msgs__msg__Vector3)
/home/kirill/Projects/Pico/test/pico2/libmicroros/libmicroros.a(libmicrocdr-basic.c.obj)
                              /home/kirill/Projects/Pico/test/pico2/libmicroros/libmicroros.a(libgeometry_msgs__rosidl_typesupport_microxrcedds_c-vector3__type_support_c.c.obj) (ucdr_serialize_double)
/home/kirill/Projects/Pico/test/pico2/libmicroros/libmicroros.a(libmicrocdr-common.c.obj)
                              /home/kirill/Projects/Pico/test/pico2/libmicroros/libmicroros.a(libmicrocdr-basic.c.obj) (ucdr_check_buffer_available_for)
/home/kirill/Projects/Pico/test/pico2/libmicroros/libmicroros.a(librcl-publisher.c.obj)
                              CMakeFiles/pico2.dir/pico2.cpp.obj (rcl_publish)
/home/kirill/Projects/Pico/test/pico2/libmicroros/libmicroros.a(librclc-executor.c.obj)
                              CMakeFiles/pico2.dir/pico2.cpp.obj (rclc_executor_init)
/home/kirill/Projects/Pico/test/pico2/libmicroros/libmicroros.a(librclc-executor_handle.c.obj)
                              /home/kirill/Projects/Pico/test/pico2/libmicroros/libmicroros.a(librclc-executor.c.obj) (rclc_executor_handle_counters_zero_init)
/home/kirill/Projects/Pico/test/pico2/libmicroros/libmicroros.a(librclc-init.c.obj)
                              CMakeFiles/pico2.dir/pico2.cpp.obj (rclc_support_init)
/home/kirill/Projects/Pico/test/pico2/libmicroros/libmicroros.a(librclc-node.c.obj)
                              CMakeFiles/pico2.dir/pico2.cpp.obj (rclc_node_init_default)
/home/kirill/Projects/Pico/test/pico2/libmicroros/libmicroros.a(librclc-publisher.c.obj)
                              CMakeFiles/pico2.dir/pico2.cpp.obj (rclc_publisher_init_default)
/home/kirill/Projects/Pico/test/pico2/libmicroros/libmicroros.a(librclc-sleep.c.obj)
                              /home/kirill/Projects/Pico/test/pico2/libmicroros/libmicroros.a(librclc-executor.c.obj) (rclc_sleep_ms)
/home/kirill/Projects/Pico/test/pico2/libmicroros/libmicroros.a(librclc-subscription.c.obj)
                              CMakeFiles/pico2.dir/pico2.cpp.obj (rclc_subscription_init_default)
/home/kirill/Projects/Pico/test/pico2/libmicroros/libmicroros.a(librclc-timer.c.obj)
                              CMakeFiles/pico2.dir/pico2.cpp.obj (rclc_timer_init_default)
/home/kirill/Projects/Pico/test/pico2/libmicroros/libmicroros.a(librcutils-allocator.c.obj)
                              CMakeFiles/pico2.dir/pico2.cpp.obj (rcutils_get_default_allocator)
/home/kirill/Projects/Pico/test/pico2/libmicroros/libmicroros.a(librcutils-error_handling.c.obj)
                              /home/kirill/Projects/Pico/test/pico2/libmicroros/libmicroros.a(librclc-executor.c.obj) (rcutils_reset_error)
/home/kirill/Projects/Pico/test/pico2/libmicroros/libmicroros.a(librcutils-time_unix.c.obj)
                              /home/kirill/Projects/Pico/test/pico2/libmicroros/libmicroros.a(librclc-executor.c.obj) (rcutils_system_time_now)
/home/kirill/Projects/Pico/test/pico2/libmicroros/libmicroros.a(librmw-publisher_options.c.obj)
                              /home/kirill/Projects/Pico/test/pico2/libmicroros/libmicroros.a(librcl-publisher.c.obj) (rmw_get_default_publisher_options)
/home/kirill/Projects/Pico/test/pico2/libmicroros/libmicroros.a(librmw_microxrcedds-custom_transport.c.obj)
                              CMakeFiles/pico2.dir/pico2.cpp.obj (rmw_uros_set_custom_transport)
/home/kirill/Projects/Pico/test/pico2/libmicroros/libmicroros.a(librmw_microxrcedds-ping.c.obj)
                              CMakeFiles/pico2.dir/pico2.cpp.obj (rmw_uros_ping_agent)
/home/kirill/Projects/Pico/test/pico2/libmicroros/libmicroros.a(librmw_microxrcedds-rmw_publish.c.obj)
                              /home/kirill/Projects/Pico/test/pico2/libmicroros/libmicroros.a(librcl-publisher.c.obj) (rmw_publish)
[...]
Memory Configuration

Name             Origin             Length             Attributes
FLASH            0x0000000010000000 0x0000000000200000 xr
RAM              0x0000000020000000 0x0000000000040000 xrw
SCRATCH_X        0x0000000020040000 0x0000000000001000 xrw
SCRATCH_Y        0x0000000020041000 0x0000000000001000 xrw
*default*        0x0000000000000000 0xffffffffffffffff

Linker script and memory map

LOAD /usr/lib/gcc/arm-none-eabi/10.3.1/thumb/v6-m/nofp/crti.o
LOAD /usr/lib/gcc/arm-none-eabi/10.3.1/thumb/v6-m/nofp/crtbegin.o
LOAD /usr/lib/gcc/arm-none-eabi/10.3.1/../../../arm-none-eabi/lib/thumb/v6-m/nofp/crt0.o

.flash_begin    0x0000000010000000        0x0
                0x0000000010000000                __flash_binary_start = .

.boot2          0x0000000010000000      0x100
                0x0000000010000000                __boot2_start__ = .
 *(.boot2)
 .boot2         0x0000000010000000      0x100 /tmp/ccc1Du2D.o
                0x0000000010000100                __boot2_end__ = .
                0x0000000000000001                ASSERT (((__boot2_end__ - __boot2_start__) == 0x100), ERROR: Pico second stage bootloader must be 256 bytes in size)

.text           0x0000000010000100    0x170b8
                0x0000000010000100                __logical_binary_start = .
 *(.vectors)
 .vectors       0x0000000010000100       0xd4 CMakeFiles/pico2.dir/home/kirill/pico/pico-sdk/src/rp2_common/pico_standard_link/crt0.S.obj
                0x0000000010000100                __vectors
                0x0000000010000100                __VECTOR_TABLE
                0x00000000100001c0                isr_invalid
                0x00000000100001c0                __default_isrs_start
                0x00000000100001c2                isr_nmi
                0x00000000100001c4                isr_hardfault
                0x00000000100001c6                isr_svcall
                0x00000000100001c8                isr_pendsv
                0x00000000100001ca                isr_systick
                0x00000000100001cc                isr_irq30
                0x00000000100001cc                __unhandled_user_irq
                0x00000000100001cc                isr_irq13
                0x00000000100001cc                isr_irq27
                0x00000000100001cc                isr_irq31
                0x00000000100001cc                isr_irq5
                0x00000000100001cc                isr_irq11
                0x00000000100001cc                isr_irq23
                0x00000000100001cc                isr_irq18
                0x00000000100001cc                isr_irq28
                0x00000000100001cc                isr_irq19
                0x00000000100001cc                isr_irq0
                0x00000000100001cc                isr_irq6
                0x00000000100001cc                isr_irq22
                0x00000000100001cc                isr_irq17
                0x00000000100001cc                isr_irq14
                0x00000000100001cc                isr_irq2
                0x00000000100001cc                isr_irq10
                0x00000000100001cc                isr_irq8
                0x00000000100001cc                isr_irq24
                0x00000000100001cc                isr_irq1
                0x00000000100001cc                isr_irq7
                0x00000000100001cc                isr_irq21
                0x00000000100001cc                isr_irq20
                0x00000000100001cc                isr_irq15
                0x00000000100001cc                isr_irq25
                0x00000000100001cc                isr_irq4
                0x00000000100001cc                isr_irq16
                0x00000000100001cc                isr_irq29
                0x00000000100001cc                isr_irq26
                0x00000000100001cc                __default_isrs_end
                0x00000000100001cc                isr_irq3
                0x00000000100001cc                isr_irq12
                0x00000000100001cc                isr_irq9
                0x00000000100001d2                unhandled_user_irq_num_in_r0
 *(.binary_info_header)
 .binary_info_header
                0x00000000100001d4       0x14 CMakeFiles/pico2.dir/home/kirill/pico/pico-sdk/src/rp2_common/pico_standard_link/crt0.S.obj
                0x00000000100001e8                __binary_info_header_end = .
 *(.reset)
 .reset         0x00000000100001e8       0xa0 CMakeFiles/pico2.dir/home/kirill/pico/pico-sdk/src/rp2_common/pico_standard_link/crt0.S.obj
                0x00000000100001e8                _entry_point
 .reset         0x0000000010000288       0x30 CMakeFiles/pico2.dir/home/kirill/pico/pico-sdk/src/rp2_common/pico_standard_link/binary_info.c.obj
 *(.init)
 .init          0x00000000100002b8        0x4 /usr/lib/gcc/arm-none-eabi/10.3.1/thumb/v6-m/nofp/crti.o
                0x00000000100002b8                _init
 *(EXCLUDE_FILE(*libm.a: *libc.a:*lib_a-mem*.o *libgcc.a:) .text*)
 .text          0x00000000100002bc       0x98 /usr/lib/gcc/arm-none-eabi/10.3.1/thumb/v6-m/nofp/crtbegin.o
 .text._Z27pico_serial_transport_closeP18uxrCustomTransport
                0x0000000010000354        0x4 CMakeFiles/pico2.dir/pico2.cpp.obj
                0x0000000010000354                pico_serial_transport_close(uxrCustomTransport*)
 .text._Z26pico_serial_transport_openP18uxrCustomTransport
                0x0000000010000358        0xa CMakeFiles/pico2.dir/pico2.cpp.obj
                0x0000000010000358                pico_serial_transport_open(uxrCustomTransport*)
 .text._Z27pico_serial_transport_writeP18uxrCustomTransportPKhjPh
                0x0000000010000362       0x2e CMakeFiles/pico2.dir/pico2.cpp.obj
                0x0000000010000362                pico_serial_transport_write(uxrCustomTransport*, unsigned char const*, unsigned int, unsigned char*)
 .text._Z26pico_serial_transport_readP18uxrCustomTransportPhjiS1_
                0x0000000010000390       0x82 CMakeFiles/pico2.dir/pico2.cpp.obj
                0x0000000010000390                pico_serial_transport_read(uxrCustomTransport*, unsigned char*, unsigned int, int, unsigned char*)
 *fill*         0x0000000010000412        0x2 
 .text._Z14timer_callbackP11rcl_timer_sx
                0x0000000010000414       0x20 CMakeFiles/pico2.dir/pico2.cpp.obj
                0x0000000010000414                timer_callback(rcl_timer_s*, long long)
 .text._Z5blinkv
                0x0000000010000434       0x2c CMakeFiles/pico2.dir/pico2.cpp.obj
                0x0000000010000434                blink()
 .text._Z27display_subscriber_callbackPKv
                0x0000000010000460       0x18 CMakeFiles/pico2.dir/pico2.cpp.obj
                0x0000000010000460                display_subscriber_callback(void const*)
 .text._Z27stepper_subscriber_callbackPKv
                0x0000000010000478       0x3c CMakeFiles/pico2.dir/pico2.cpp.obj
                0x0000000010000478                stepper_subscriber_callback(void const*)
 .text.main     0x00000000100004b4      0x144 CMakeFiles/pico2.dir/pico2.cpp.obj
                0x00000000100004b4                main
 .text.gpio_set_function
                0x00000000100005f8       0x30 CMakeFiles/pico2.dir/home/kirill/pico/pico-sdk/src/rp2_common/hardware_gpio/gpio.c.obj
                0x00000000100005f8                gpio_set_function
 .text.gpio_set_pulls
                0x0000000010000628       0x34 CMakeFiles/pico2.dir/home/kirill/pico/pico-sdk/src/rp2_common/hardware_gpio/gpio.c.obj
                0x0000000010000628                gpio_set_pulls
 .text.gpio_init
                0x000000001000065c       0x16 CMakeFiles/pico2.dir/home/kirill/pico/pico-sdk/src/rp2_common/hardware_gpio/gpio.c.obj
                0x000000001000065c                gpio_init
 *fill*         0x0000000010000672        0x2 
 .text.running_on_fpga
                0x0000000010000674       0x14 CMakeFiles/pico2.dir/home/kirill/pico/pico-sdk/src/rp2_common/pico_platform/platform.c.obj
                0x0000000010000674                running_on_fpga
 .text.hw_claim_lock
                0x0000000010000688       0x18 CMakeFiles/pico2.dir/home/kirill/pico/pico-sdk/src/rp2_common/hardware_claim/claim.c.obj
                0x0000000010000688                hw_claim_lock
 .text.hw_claim_unlock
                0x00000000100006a0       0x14 CMakeFiles/pico2.dir/home/kirill/pico/pico-sdk/src/rp2_common/hardware_claim/claim.c.obj
                0x00000000100006a0                hw_claim_unlock
 .text.hw_claim_or_assert
                0x00000000100006b4       0x32 CMakeFiles/pico2.dir/home/kirill/pico/pico-sdk/src/rp2_common/hardware_claim/claim.c.obj
                0x00000000100006b4                hw_claim_or_assert
 .text.hw_claim_unused_from_range
                0x00000000100006e6       0x50 CMakeFiles/pico2.dir/home/kirill/pico/pico-sdk/src/rp2_common/hardware_claim/claim.c.obj
                0x00000000100006e6                hw_claim_unused_from_range
 *fill*         0x0000000010000736        0x2 
 .text.spin_locks_reset
                0x0000000010000738       0x20 CMakeFiles/pico2.dir/home/kirill/pico/pico-sdk/src/rp2_common/hardware_sync/sync.c.obj
                0x0000000010000738                spin_locks_reset
 .text.next_striped_spin_lock_num
                0x0000000010000758       0x1c CMakeFiles/pico2.dir/home/kirill/pico/pico-sdk/src/rp2_common/hardware_sync/sync.c.obj
                0x0000000010000758                next_striped_spin_lock_num
 .text.spin_lock_claim_unused
                0x0000000010000774       0x20 CMakeFiles/pico2.dir/home/kirill/pico/pico-sdk/src/rp2_common/hardware_sync/sync.c.obj
                0x0000000010000774                spin_lock_claim_unused
 .text.set_raw_irq_handler_and_unlock
                0x0000000010000794       0x28 CMakeFiles/pico2.dir/home/kirill/pico/pico-sdk/src/rp2_common/hardware_irq/irq.c.obj
 .text.make_branch
                0x00000000100007bc       0x48 CMakeFiles/pico2.dir/home/kirill/pico/pico-sdk/src/rp2_common/hardware_irq/irq.c.obj
 .text.insert_branch_and_link
                0x0000000010000804       0x40 CMakeFiles/pico2.dir/home/kirill/pico/pico-sdk/src/rp2_common/hardware_irq/irq.c.obj
 .text.irq_is_enabled
                0x0000000010000844       0x18 CMakeFiles/pico2.dir/home/kirill/pico/pico-sdk/src/rp2_common/hardware_irq/irq.c.obj
                0x0000000010000844                irq_is_enabled
 .text.irq_set_mask_enabled
                0x000000001000085c       0x20 CMakeFiles/pico2.dir/home/kirill/pico/pico-sdk/src/rp2_common/hardware_irq/irq.c.obj
                0x000000001000085c                irq_set_mask_enabled
 .text.irq_set_enabled
                0x000000001000087c        0xe CMakeFiles/pico2.dir/home/kirill/pico/pico-sdk/src/rp2_common/hardware_irq/irq.c.obj
                0x000000001000087c                irq_set_enabled
 *fill*         0x000000001000088a        0x2 
 .text.irq_set_pending
                0x000000001000088c       0x10 CMakeFiles/pico2.dir/home/kirill/pico/pico-sdk/src/rp2_common/hardware_irq/irq.c.obj
                0x000000001000088c                irq_set_pending
 .text.irq_get_vtable_handler
                0x000000001000089c       0x10 CMakeFiles/pico2.dir/home/kirill/pico/pico-sdk/src/rp2_common/hardware_irq/irq.c.obj
                0x000000001000089c                irq_get_vtable_handler
 .text.irq_has_shared_handler
                0x00000000100008ac       0x24 CMakeFiles/pico2.dir/home/kirill/pico/pico-sdk/src/rp2_common/hardware_irq/irq.c.obj
                0x00000000100008ac                irq_has_shared_handler
 .text.irq_set_exclusive_handler
                0x00000000100008d0       0x54 CMakeFiles/pico2.dir/home/kirill/pico/pico-sdk/src/rp2_common/hardware_irq/irq.c.obj
                0x00000000100008d0                irq_set_exclusive_handler
 .text.irq_add_shared_handler
                0x0000000010000924      0x234 CMakeFiles/pico2.dir/home/kirill/pico/pico-sdk/src/rp2_common/hardware_irq/irq.c.obj
                0x0000000010000924                irq_add_shared_handler
 .text.irq_remove_handler
                0x0000000010000b58      0x1ac CMakeFiles/pico2.dir/home/kirill/pico/pico-sdk/src/rp2_common/hardware_irq/irq.c.obj
                0x0000000010000b58                irq_remove_handler
 .text.irq_add_tail_to_free_list
                0x0000000010000d04       0xf0 CMakeFiles/pico2.dir/home/kirill/pico/pico-sdk/src/rp2_common/hardware_irq/irq.c.obj
                0x0000000010000d04                irq_add_tail_to_free_list
 .text.irq_init_priorities
                0x0000000010000df4       0x1c CMakeFiles/pico2.dir/home/kirill/pico/pico-sdk/src/rp2_common/hardware_irq/irq.c.obj
                0x0000000010000df4                irq_init_priorities
 .text.user_irq_claim_unused
                0x0000000010000e10       0x28 CMakeFiles/pico2.dir/home/kirill/pico/pico-sdk/src/rp2_common/hardware_irq/irq.c.obj
                0x0000000010000e10                user_irq_claim_unused
 .text.lock_init
                0x0000000010000e38       0x10 CMakeFiles/pico2.dir/home/kirill/pico/pico-sdk/src/common/pico_sync/lock_core.c.obj
                0x0000000010000e38                lock_init
 .text.mutex_init
                0x0000000010000e48       0x1a CMakeFiles/pico2.dir/home/kirill/pico/pico-sdk/src/common/pico_sync/mutex.c.obj
                0x0000000010000e48                mutex_init
 .text.recursive_mutex_init
                0x0000000010000e62       0x1e CMakeFiles/pico2.dir/home/kirill/pico/pico-sdk/src/common/pico_sync/mutex.c.obj
                0x0000000010000e62                recursive_mutex_init
 .text.critical_section_init_with_lock_num
                0x0000000010000e80       0x14 CMakeFiles/pico2.dir/home/kirill/pico/pico-sdk/src/common/pico_sync/critical_section.c.obj
                0x0000000010000e80                critical_section_init_with_lock_num
 .text.critical_section_init
                0x0000000010000e94       0x14 CMakeFiles/pico2.dir/home/kirill/pico/pico-sdk/src/common/pico_sync/critical_section.c.obj
                0x0000000010000e94                critical_section_init
 .text.alarm_pool_post_alloc_init
                0x0000000010000ea8       0x40 CMakeFiles/pico2.dir/home/kirill/pico/pico-sdk/src/common/pico_time/time.c.obj
 .text.sleep_until_callback
                0x0000000010000ee8       0x30 CMakeFiles/pico2.dir/home/kirill/pico/pico-sdk/src/common/pico_time/time.c.obj
 .text.timer_pool_entry_comparator
                0x0000000010000f18       0x7c CMakeFiles/pico2.dir/home/kirill/pico/pico-sdk/src/common/pico_time/time.c.obj
                0x0000000010000f18                timer_pool_entry_comparator
 .text.ph_add_child_node
                0x0000000010000f94       0xa4 CMakeFiles/pico2.dir/home/kirill/pico/pico-sdk/src/common/pico_time/time.c.obj
 .text.ph_merge_nodes
                0x0000000010001038       0x3e CMakeFiles/pico2.dir/home/kirill/pico/pico-sdk/src/common/pico_time/time.c.obj
 *fill*         0x0000000010001076        0x2 
 .text.add_alarm_under_lock
                0x0000000010001078      0x174 CMakeFiles/pico2.dir/home/kirill/pico/pico-sdk/src/common/pico_time/time.c.obj
 .text.alarm_pool_alarm_callback
                0x00000000100011ec      0x33c CMakeFiles/pico2.dir/home/kirill/pico/pico-sdk/src/common/pico_time/time.c.obj
 .text.alarm_pool_init_default
                0x0000000010001528       0x40 CMakeFiles/pico2.dir/home/kirill/pico/pico-sdk/src/common/pico_time/time.c.obj
                0x0000000010001528                alarm_pool_init_default
 .text.alarm_pool_get_default
                0x0000000010001568       0x2c CMakeFiles/pico2.dir/home/kirill/pico/pico-sdk/src/common/pico_time/time.c.obj
                0x0000000010001568                alarm_pool_get_default
 .text.alarm_pool_add_alarm_at
                0x0000000010001594      0x168 CMakeFiles/pico2.dir/home/kirill/pico/pico-sdk/src/common/pico_time/time.c.obj
                0x0000000010001594                alarm_pool_add_alarm_at
 .text.alarm_pool_cancel_alarm
                0x00000000100016fc       0xf8 CMakeFiles/pico2.dir/home/kirill/pico/pico-sdk/src/common/pico_time/time.c.obj
                0x00000000100016fc                alarm_pool_cancel_alarm
 .text.alarm_pool_core_num
                0x00000000100017f4        0x4 CMakeFiles/pico2.dir/home/kirill/pico/pico-sdk/src/common/pico_time/time.c.obj
                0x00000000100017f4                alarm_pool_core_num
 .text.sleep_until
                0x00000000100017f8       0xfc CMakeFiles/pico2.dir/home/kirill/pico/pico-sdk/src/common/pico_time/time.c.obj
                0x00000000100017f8                sleep_until
 .text.sleep_us
                0x00000000100018f4       0x58 CMakeFiles/pico2.dir/home/kirill/pico/pico-sdk/src/common/pico_time/time.c.obj
                0x00000000100018f4                sleep_us
 .text.sleep_ms
                0x000000001000194c       0x14 CMakeFiles/pico2.dir/home/kirill/pico/pico-sdk/src/common/pico_time/time.c.obj
                0x000000001000194c                sleep_ms
 .text.best_effort_wfe_or_timeout
                0x0000000010001960       0xac CMakeFiles/pico2.dir/home/kirill/pico/pico-sdk/src/common/pico_time/time.c.obj
                0x0000000010001960                best_effort_wfe_or_timeout
 .text.hardware_alarm_irq_handler
                0x0000000010001a0c       0x90 CMakeFiles/pico2.dir/home/kirill/pico/pico-sdk/src/rp2_common/hardware_timer/timer.c.obj
 .text.hardware_alarm_claim
                0x0000000010001a9c       0x18 CMakeFiles/pico2.dir/home/kirill/pico/pico-sdk/src/rp2_common/hardware_timer/timer.c.obj
                0x0000000010001a9c                hardware_alarm_claim
 .text.time_us_64
                0x0000000010001ab4       0x18 CMakeFiles/pico2.dir/home/kirill/pico/pico-sdk/src/rp2_common/hardware_timer/timer.c.obj
                0x0000000010001ab4                time_us_64
 .text.busy_wait_until
                0x0000000010001acc       0x28 CMakeFiles/pico2.dir/home/kirill/pico/pico-sdk/src/rp2_common/hardware_timer/timer.c.obj
                0x0000000010001acc                busy_wait_until
 .text.busy_wait_us
                0x0000000010001af4       0x48 CMakeFiles/pico2.dir/home/kirill/pico/pico-sdk/src/rp2_common/hardware_timer/timer.c.obj
                0x0000000010001af4                busy_wait_us
 .text.hardware_alarm_set_callback
                0x0000000010001b3c       0x90 CMakeFiles/pico2.dir/home/kirill/pico/pico-sdk/src/rp2_common/hardware_timer/timer.c.obj
                0x0000000010001b3c                hardware_alarm_set_callback
 .text.hardware_alarm_set_target
                0x0000000010001bcc       0xe8 CMakeFiles/pico2.dir/home/kirill/pico/pico-sdk/src/rp2_common/hardware_timer/timer.c.obj
                0x0000000010001bcc                hardware_alarm_set_target
 .text.hardware_alarm_cancel
                0x0000000010001cb4       0x40 CMakeFiles/pico2.dir/home/kirill/pico/pico-sdk/src/rp2_common/hardware_timer/timer.c.obj
                0x0000000010001cb4                hardware_alarm_cancel
 .text.ph_add_child_node
                0x0000000010001cf4       0xa4 CMakeFiles/pico2.dir/home/kirill/pico/pico-sdk/src/common/pico_util/pheap.c.obj
 .text.ph_merge_nodes
                0x0000000010001d98       0x3e CMakeFiles/pico2.dir/home/kirill/pico/pico-sdk/src/common/pico_util/pheap.c.obj
 *fill*         0x0000000010001dd6        0x2 
 .text.ph_clear
                0x0000000010001dd8       0x70 CMakeFiles/pico2.dir/home/kirill/pico/pico-sdk/src/common/pico_util/pheap.c.obj
                0x0000000010001dd8                ph_clear
 .text.ph_post_alloc_init
                0x0000000010001e48        0xe CMakeFiles/pico2.dir/home/kirill/pico/pico-sdk/src/common/pico_util/pheap.c.obj
                0x0000000010001e48                ph_post_alloc_init
 *fill*         0x0000000010001e56        0x2 
 .text.ph_merge_two_pass
                0x0000000010001e58       0xa8 CMakeFiles/pico2.dir/home/kirill/pico/pico-sdk/src/common/pico_util/pheap.c.obj
                0x0000000010001e58                ph_merge_two_pass
 .text.ph_remove_any_head
                0x0000000010001f00      0x128 CMakeFiles/pico2.dir/home/kirill/pico/pico-sdk/src/common/pico_util/pheap.c.obj
 .text.ph_remove_head
                0x0000000010002028       0x14 CMakeFiles/pico2.dir/home/kirill/pico/pico-sdk/src/common/pico_util/pheap.c.obj
                0x0000000010002028                ph_remove_head
 .text.ph_remove_and_free_node
                0x000000001000203c       0xf8 CMakeFiles/pico2.dir/home/kirill/pico/pico-sdk/src/common/pico_util/pheap.c.obj
                0x000000001000203c                ph_remove_and_free_node
 .text.clock_configure
                0x0000000010002134      0x108 CMakeFiles/pico2.dir/home/kirill/pico/pico-sdk/src/rp2_common/hardware_clocks/clocks.c.obj
                0x0000000010002134                clock_configure
 .text.clocks_init
                0x000000001000223c      0x100 CMakeFiles/pico2.dir/home/kirill/pico/pico-sdk/src/rp2_common/hardware_clocks/clocks.c.obj
                0x000000001000223c                clocks_init
 .text.clock_get_hz
                0x000000001000233c        0xc CMakeFiles/pico2.dir/home/kirill/pico/pico-sdk/src/rp2_common/hardware_clocks/clocks.c.obj
                0x000000001000233c                clock_get_hz
 .text.pll_init
                0x0000000010002348      0x120 CMakeFiles/pico2.dir/home/kirill/pico/pico-sdk/src/rp2_common/hardware_pll/pll.c.obj
                0x0000000010002348                pll_init
 .text.watchdog_start_tick
                0x0000000010002468       0x10 CMakeFiles/pico2.dir/home/kirill/pico/pico-sdk/src/rp2_common/hardware_watchdog/watchdog.c.obj
                0x0000000010002468                watchdog_start_tick
 .text.watchdog_update
                0x0000000010002478       0x14 CMakeFiles/pico2.dir/home/kirill/pico/pico-sdk/src/rp2_common/hardware_watchdog/watchdog.c.obj
                0x0000000010002478                watchdog_update
 .text._watchdog_enable
                0x000000001000248c       0x78 CMakeFiles/pico2.dir/home/kirill/pico/pico-sdk/src/rp2_common/hardware_watchdog/watchdog.c.obj
                0x000000001000248c                _watchdog_enable
 .text.watchdog_reboot
                0x0000000010002504       0x48 CMakeFiles/pico2.dir/home/kirill/pico/pico-sdk/src/rp2_common/hardware_watchdog/watchdog.c.obj
                0x0000000010002504                watchdog_reboot
 .text.xosc_init
                0x000000001000254c       0x28 CMakeFiles/pico2.dir/home/kirill/pico/pico-sdk/src/rp2_common/hardware_xosc/xosc.c.obj
                0x000000001000254c                xosc_init
 .text._exit    0x0000000010002574        0x4 CMakeFiles/pico2.dir/home/kirill/pico/pico-sdk/src/rp2_common/pico_runtime/runtime.c.obj
                0x0000000010002574                _exit
 .text._sbrk    0x0000000010002578       0x38 CMakeFiles/pico2.dir/home/kirill/pico/pico-sdk/src/rp2_common/pico_runtime/runtime.c.obj
                0x0000000010002578                _sbrk
 .text.exit     0x00000000100025b0        0x6 CMakeFiles/pico2.dir/home/kirill/pico/pico-sdk/src/rp2_common/pico_runtime/runtime.c.obj
                0x00000000100025b0                exit
 *fill*         0x00000000100025b6        0x2 
 .text.__assert_func
                0x00000000100025b8       0x3c CMakeFiles/pico2.dir/home/kirill/pico/pico-sdk/src/rp2_common/pico_runtime/runtime.c.obj
                0x00000000100025b8                __assert_func
 .text.runtime_init
                0x00000000100025f4       0xf8 CMakeFiles/pico2.dir/home/kirill/pico/pico-sdk/src/rp2_common/pico_runtime/runtime.c.obj
                0x00000000100025f4                runtime_init
 .text.panic    0x00000000100026ec       0x30 CMakeFiles/pico2.dir/home/kirill/pico/pico-sdk/src/rp2_common/pico_runtime/runtime.c.obj
                0x00000000100026ec                panic
 .text._out_buffer
                0x000000001000271c        0x8 CMakeFiles/pico2.dir/home/kirill/pico/pico-sdk/src/rp2_common/pico_printf/printf.c.obj
 .text._out_null
                0x0000000010002724        0x2 CMakeFiles/pico2.dir/home/kirill/pico/pico-sdk/src/rp2_common/pico_printf/printf.c.obj
 .text._out_fct
                0x0000000010002726        0xe CMakeFiles/pico2.dir/home/kirill/pico/pico-sdk/src/rp2_common/pico_printf/printf.c.obj
 .text._atoi    0x0000000010002734       0x24 CMakeFiles/pico2.dir/home/kirill/pico/pico-sdk/src/rp2_common/pico_printf/printf.c.obj
 .text._out_rev
                0x0000000010002758       0xae CMakeFiles/pico2.dir/home/kirill/pico/pico-sdk/src/rp2_common/pico_printf/printf.c.obj
 .text._ntoa_format
                0x0000000010002806      0x112 CMakeFiles/pico2.dir/home/kirill/pico/pico-sdk/src/rp2_common/pico_printf/printf.c.obj
 .text._ntoa_long
                0x0000000010002918       0xbc CMakeFiles/pico2.dir/home/kirill/pico/pico-sdk/src/rp2_common/pico_printf/printf.c.obj
 .text._ntoa_long_long
                0x00000000100029d4       0xe2 CMakeFiles/pico2.dir/home/kirill/pico/pico-sdk/src/rp2_common/pico_printf/printf.c.obj
 *fill*         0x0000000010002ab6        0x2 
 .text._etoa    0x0000000010002ab8      0x414 CMakeFiles/pico2.dir/home/kirill/pico/pico-sdk/src/rp2_common/pico_printf/printf.c.obj
 .text._ftoa    0x0000000010002ecc      0x354 CMakeFiles/pico2.dir/home/kirill/pico/pico-sdk/src/rp2_common/pico_printf/printf.c.obj
 .text._vsnprintf
                0x0000000010003220      0x624 CMakeFiles/pico2.dir/home/kirill/pico/pico-sdk/src/rp2_common/pico_printf/printf.c.obj
 .text.__wrap_sprintf
                0x0000000010003844       0x28 CMakeFiles/pico2.dir/home/kirill/pico/pico-sdk/src/rp2_common/pico_printf/printf.c.obj
                0x0000000010003844                __wrap_sprintf
 .text.__wrap_snprintf
                0x000000001000386c       0x28 CMakeFiles/pico2.dir/home/kirill/pico/pico-sdk/src/rp2_common/pico_printf/printf.c.obj
                0x000000001000386c                __wrap_snprintf
 .text.__wrap_vsnprintf
                0x0000000010003894       0x1c CMakeFiles/pico2.dir/home/kirill/pico/pico-sdk/src/rp2_common/pico_printf/printf.c.obj
                0x0000000010003894                __wrap_vsnprintf
 .text.vfctprintf
                0x00000000100038b0       0x20 CMakeFiles/pico2.dir/home/kirill/pico/pico-sdk/src/rp2_common/pico_printf/printf.c.obj
                0x00000000100038b0                vfctprintf
 .text          0x00000000100038d0       0x10 CMakeFiles/pico2.dir/home/kirill/pico/pico-sdk/src/rp2_common/pico_bit_ops/bit_ops_aeabi.S.obj
 .text.rom_func_lookup
                0x00000000100038e0       0x10 CMakeFiles/pico2.dir/home/kirill/pico/pico-sdk/src/rp2_common/pico_bootrom/bootrom.c.obj
                0x00000000100038e0                rom_func_lookup
 .text.rom_data_lookup
                0x00000000100038f0       0x10 CMakeFiles/pico2.dir/home/kirill/pico/pico-sdk/src/rp2_common/pico_bootrom/bootrom.c.obj
                0x00000000100038f0                rom_data_lookup
 .text.rom_funcs_lookup
                0x0000000010003900       0x36 CMakeFiles/pico2.dir/home/kirill/pico/pico-sdk/src/rp2_common/pico_bootrom/bootrom.c.obj
                0x0000000010003900                rom_funcs_lookup
 *fill*         0x0000000010003936        0x2 
 .text.__wrap___aeabi_idiv
                0x0000000010003938       0x50 CMakeFiles/pico2.dir/home/kirill/pico/pico-sdk/src/rp2_common/pico_divider/divider.S.obj
                0x0000000010003938                __wrap___aeabi_idivmod
                0x0000000010003938                divmod_s32s32
                0x0000000010003938                div_s32s32
                0x0000000010003938                __wrap___aeabi_idiv
                0x0000000010003940                divmod_s32s32_unsafe
                0x000000001000396c                divmod_s32s32_savestate
 .text.__wrap___aeabi_uidiv
                0x0000000010003988       0x4c CMakeFiles/pico2.dir/home/kirill/pico/pico-sdk/src/rp2_common/pico_divider/divider.S.obj
                0x0000000010003988                __wrap___aeabi_uidiv
                0x0000000010003988                __wrap___aeabi_uidivmod
                0x0000000010003988                div_u32u32
                0x0000000010003988                divmod_u32u32
                0x0000000010003990                divmod_u32u32_unsafe
                0x00000000100039b8                divmod_u32u32_savestate
 .text.__wrap___aeabi_ldiv
                0x00000000100039d4      0x424 CMakeFiles/pico2.dir/home/kirill/pico/pico-sdk/src/rp2_common/pico_divider/divider.S.obj
                0x00000000100039d4                div_s64s64
                0x00000000100039d4                divmod_s64s64
                0x00000000100039d4                __wrap___aeabi_ldivmod
                0x0000000010003a04                div_u64u64
                0x0000000010003a04                divmod_u64u64
                0x0000000010003a04                __wrap___aeabi_uldivmod
                0x0000000010003a14                divmod_u64u64_savestate
                0x0000000010003a34                divmod_s64s64_unsafe
                0x0000000010003abc                divmod_u64u64_unsafe
 .text.__wrap___aeabi_darithmetic
                0x0000000010003df8       0x80 CMakeFiles/pico2.dir/home/kirill/pico/pico-sdk/src/rp2_common/pico_double/double_aeabi.S.obj
                0x0000000010003df8                __wrap___aeabi_drsub
                0x0000000010003dfe                __wrap___aeabi_dsub
                0x0000000010003e10                __wrap___aeabi_dadd
                0x0000000010003e22                __wrap___aeabi_ddiv
                0x0000000010003e5e                __wrap___aeabi_dmul
 .text.__wrap___aeabi_cdcmple
                0x0000000010003e78       0x6c CMakeFiles/pico2.dir/home/kirill/pico/pico-sdk/src/rp2_common/pico_double/double_aeabi.S.obj
                0x0000000010003e78                __wrap___aeabi_cdrcmple
                0x0000000010003e88                __wrap___aeabi_cdcmple
                0x0000000010003e88                __wrap___aeabi_cdcmpeq
 .text.__wrap___aeabi_dcmplt
                0x0000000010003ee4        0xc CMakeFiles/pico2.dir/home/kirill/pico/pico-sdk/src/rp2_common/pico_double/double_aeabi.S.obj
                0x0000000010003ee4                __wrap___aeabi_dcmplt
 .text.__wrap___aeabi_dcmple
                0x0000000010003ef0       0x10 CMakeFiles/pico2.dir/home/kirill/pico/pico-sdk/src/rp2_common/pico_double/double_aeabi.S.obj
                0x0000000010003ef0                __wrap___aeabi_dcmple
 .text.__wrap___aeabi_dcmpge
                0x0000000010003f00       0x10 CMakeFiles/pico2.dir/home/kirill/pico/pico-sdk/src/rp2_common/pico_double/double_aeabi.S.obj
                0x0000000010003f00                __wrap___aeabi_dcmpge
 .text.__wrap___aeabi_dcmpgt
                0x0000000010003f10        0xa CMakeFiles/pico2.dir/home/kirill/pico/pico-sdk/src/rp2_common/pico_double/double_aeabi.S.obj
                0x0000000010003f10                __wrap___aeabi_dcmpgt
 .text.__wrap___aeabi_dcmpun
                0x0000000010003f1a       0x1c CMakeFiles/pico2.dir/home/kirill/pico/pico-sdk/src/rp2_common/pico_double/double_aeabi.S.obj
                0x0000000010003f1a                __wrap___aeabi_dcmpun
 *fill*         0x0000000010003f36        0x2 
 .text.__wrap___aeabi_i2d
                0x0000000010003f38       0x38 CMakeFiles/pico2.dir/home/kirill/pico/pico-sdk/src/rp2_common/pico_double/double_aeabi.S.obj
                0x0000000010003f38                __wrap___aeabi_ui2d
                0x0000000010003f40                __wrap___aeabi_i2d
 .text.__wrap___aeabi_d2iz
                0x0000000010003f70       0x48 CMakeFiles/pico2.dir/home/kirill/pico/pico-sdk/src/rp2_common/pico_double/double_aeabi.S.obj
                0x0000000010003f70                __wrap___aeabi_d2iz
                0x0000000010003f70                double2int_z
 .text.__wrap___aeabi_d2uiz
                0x0000000010003fb8       0x18 CMakeFiles/pico2.dir/home/kirill/pico/pico-sdk/src/rp2_common/pico_double/double_aeabi.S.obj
                0x0000000010003fb8                double2uint
                0x0000000010003fb8                __wrap___aeabi_d2uiz
 .text.__aeabi_double_init
                0x0000000010003fd0       0xc8 CMakeFiles/pico2.dir/home/kirill/pico/pico-sdk/src/rp2_common/pico_double/double_init_rom.c.obj
                0x0000000010003fd0                __aeabi_double_init
 .text.double_table_shim_on_use_helper
                0x0000000010004098       0x34 CMakeFiles/pico2.dir/home/kirill/pico/pico-sdk/src/rp2_common/pico_double/double_v1_rom_shim.S.obj
                0x0000000010004098                double_table_shim_on_use_helper
 .text.__wrap___aeabi_dsub
                0x00000000100040cc       0x10 CMakeFiles/pico2.dir/home/kirill/pico/pico-sdk/src/rp2_common/pico_double/double_v1_rom_shim.S.obj
                0x00000000100040cc                drsub_shim
                0x00000000100040d2                dsub_shim
 .text.dadd_shim
                0x00000000100040dc      0x15c CMakeFiles/pico2.dir/home/kirill/pico/pico-sdk/src/rp2_common/pico_double/double_v1_rom_shim.S.obj
                0x00000000100040dc                dadd_shim
 .text.dmul_shim
                0x0000000010004238      0x15c CMakeFiles/pico2.dir/home/kirill/pico/pico-sdk/src/rp2_common/pico_double/double_v1_rom_shim.S.obj
                0x0000000010004238                dmul_shim
 .text.ddiv_shim
                0x0000000010004394      0x1b0 CMakeFiles/pico2.dir/home/kirill/pico/pico-sdk/src/rp2_common/pico_double/double_v1_rom_shim.S.obj
                0x0000000010004394                ddiv_shim
 .text.double2uint_shim
                0x0000000010004544        0xe CMakeFiles/pico2.dir/home/kirill/pico/pico-sdk/src/rp2_common/pico_double/double_v1_rom_shim.S.obj
                0x0000000010004544                double2uint_shim
                0x0000000010004546                double2ufix_shim
 *fill*         0x0000000010004552        0x2 
 .text.double2uint64_shim
                0x0000000010004554       0x70 CMakeFiles/pico2.dir/home/kirill/pico/pico-sdk/src/rp2_common/pico_double/double_v1_rom_shim.S.obj
                0x0000000010004554                double2uint64_shim
                0x0000000010004556                double2ufix64_shim
                0x0000000010004576                d2fix_a
 .text.dunpacks
                0x00000000100045c4       0x3c CMakeFiles/pico2.dir/home/kirill/pico/pico-sdk/src/rp2_common/pico_double/double_v1_rom_shim.S.obj
                0x00000000100045c4                dunpacks
 .text.__aeabi_lmul
                0x0000000010004600       0x32 CMakeFiles/pico2.dir/home/kirill/pico/pico-sdk/src/rp2_common/pico_int64_ops/pico_int64_ops_aeabi.S.obj
                0x0000000010004600                __wrap___aeabi_lmul
 *fill*         0x0000000010004632        0x2 
 .text.__wrap___aeabi_farithmetic
                0x0000000010004634       0x58 CMakeFiles/pico2.dir/home/kirill/pico/pico-sdk/src/rp2_common/pico_float/float_aeabi.S.obj
                0x0000000010004634                __wrap___aeabi_frsub
                0x000000001000463a                __wrap___aeabi_fsub
                0x0000000010004644                __wrap___aeabi_fadd
                0x000000001000464e                __wrap___aeabi_fdiv
                0x000000001000467a                __wrap___aeabi_fmul
 .text.__wrap___aeabi_ui2f
                0x000000001000468c        0xa CMakeFiles/pico2.dir/home/kirill/pico/pico-sdk/src/rp2_common/pico_float/float_aeabi.S.obj
                0x000000001000468c                __wrap___aeabi_ui2f
 *fill*         0x0000000010004696        0x2 
 .text.__wrap___aeabi_i2f
                0x0000000010004698       0x44 CMakeFiles/pico2.dir/home/kirill/pico/pico-sdk/src/rp2_common/pico_float/float_aeabi.S.obj
                0x0000000010004698                __wrap___aeabi_i2f
 .text.__wrap___aeabi_f2iz
                0x00000000100046dc       0x4e CMakeFiles/pico2.dir/home/kirill/pico/pico-sdk/src/rp2_common/pico_float/float_aeabi.S.obj
                0x00000000100046dc                __wrap___aeabi_f2iz
                0x00000000100046dc                float2int_z
 *fill*         0x000000001000472a        0x2 
 .text.float2int
                0x000000001000472c       0x14 CMakeFiles/pico2.dir/home/kirill/pico/pico-sdk/src/rp2_common/pico_float/float_aeabi.S.obj
                0x000000001000472c                float2int
 .text.__wrap___aeabi_f2uiz
                0x0000000010004740       0x10 CMakeFiles/pico2.dir/home/kirill/pico/pico-sdk/src/rp2_common/pico_float/float_aeabi.S.obj
                0x0000000010004740                __wrap___aeabi_f2uiz
 .text.__aeabi_float_init
                0x0000000010004750       0xfc CMakeFiles/pico2.dir/home/kirill/pico/pico-sdk/src/rp2_common/pico_float/float_init_rom.c.obj
                0x0000000010004750                __aeabi_float_init
 .text.float_table_shim_on_use_helper
                0x000000001000484c       0x34 CMakeFiles/pico2.dir/home/kirill/pico/pico-sdk/src/rp2_common/pico_float/float_v1_rom_shim.S.obj
                0x000000001000484c                float_table_shim_on_use_helper
 .text.float232_shims
                0x0000000010004880       0x18 CMakeFiles/pico2.dir/home/kirill/pico/pico-sdk/src/rp2_common/pico_float/float_v1_rom_shim.S.obj
                0x0000000010004880                float2int_shim
                0x0000000010004882                float2fix_shim
 .text.__wrap_malloc
                0x0000000010004898       0x24 CMakeFiles/pico2.dir/home/kirill/pico/pico-sdk/src/rp2_common/pico_malloc/pico_malloc.c.obj
                0x0000000010004898                __wrap_malloc
 .text.__wrap_calloc
                0x00000000100048bc       0x24 CMakeFiles/pico2.dir/home/kirill/pico/pico-sdk/src/rp2_common/pico_malloc/pico_malloc.c.obj
                0x00000000100048bc                __wrap_calloc
 .text.__wrap_realloc
                0x00000000100048e0       0x24 CMakeFiles/pico2.dir/home/kirill/pico/pico-sdk/src/rp2_common/pico_malloc/pico_malloc.c.obj
                0x00000000100048e0                __wrap_realloc
 .text.__wrap_free
                0x0000000010004904        0x8 CMakeFiles/pico2.dir/home/kirill/pico/pico-sdk/src/rp2_common/pico_malloc/pico_malloc.c.obj
                0x0000000010004904                __wrap_free
 .text          0x000000001000490c       0x10 CMakeFiles/pico2.dir/home/kirill/pico/pico-sdk/src/rp2_common/pico_mem_ops/mem_ops_aeabi.S.obj
                0x000000001000490c                __aeabi_mem_init
 .text.memset   0x000000001000491c        0xc CMakeFiles/pico2.dir/home/kirill/pico/pico-sdk/src/rp2_common/pico_mem_ops/mem_ops_aeabi.S.obj
                0x000000001000491c                __wrap_memset
 .text.memcpy   0x0000000010004928        0xc CMakeFiles/pico2.dir/home/kirill/pico/pico-sdk/src/rp2_common/pico_mem_ops/mem_ops_aeabi.S.obj
                0x0000000010004928                __wrap___aeabi_memcpy
                0x0000000010004928                __wrap_memcpy
 .text.stdio_out_chars_no_crlf
                0x0000000010004934        0xe CMakeFiles/pico2.dir/home/kirill/pico/pico-sdk/src/rp2_common/pico_stdio/stdio.c.obj
 .text.stdio_out_chars_crlf
                0x0000000010004942        0xe CMakeFiles/pico2.dir/home/kirill/pico/pico-sdk/src/rp2_common/pico_stdio/stdio.c.obj
 .text.stdio_stack_buffer_flush
                0x0000000010004950       0x44 CMakeFiles/pico2.dir/home/kirill/pico/pico-sdk/src/rp2_common/pico_stdio/stdio.c.obj
 .text.stdio_buffered_printer
                0x0000000010004994       0x20 CMakeFiles/pico2.dir/home/kirill/pico/pico-sdk/src/rp2_common/pico_stdio/stdio.c.obj
 .text.stdio_get_until
                0x00000000100049b4       0x80 CMakeFiles/pico2.dir/home/kirill/pico/pico-sdk/src/rp2_common/pico_stdio/stdio.c.obj
 .text.stdout_serialize_begin
                0x0000000010004a34       0x5c CMakeFiles/pico2.dir/home/kirill/pico/pico-sdk/src/rp2_common/pico_stdio/stdio.c.obj
                0x0000000010004a34                stdout_serialize_begin
 .text.stdout_serialize_end
                0x0000000010004a90       0x10 CMakeFiles/pico2.dir/home/kirill/pico/pico-sdk/src/rp2_common/pico_stdio/stdio.c.obj
                0x0000000010004a90                stdout_serialize_end
 .text.stdio_put_string
                0x0000000010004aa0       0x98 CMakeFiles/pico2.dir/home/kirill/pico/pico-sdk/src/rp2_common/pico_stdio/stdio.c.obj
 .text.__wrap_putchar
                0x0000000010004b38       0x1c CMakeFiles/pico2.dir/home/kirill/pico/pico-sdk/src/rp2_common/pico_stdio/stdio.c.obj
                0x0000000010004b38                __wrap_putchar
 .text.stdio_set_driver_enabled
                0x0000000010004b54       0x2c CMakeFiles/pico2.dir/home/kirill/pico/pico-sdk/src/rp2_common/pico_stdio/stdio.c.obj
                0x0000000010004b54                stdio_set_driver_enabled
 .text.stdio_flush
                0x0000000010004b80       0x20 CMakeFiles/pico2.dir/home/kirill/pico/pico-sdk/src/rp2_common/pico_stdio/stdio.c.obj
                0x0000000010004b80                stdio_flush
 .text.__wrap_puts
                0x0000000010004ba0       0x1e CMakeFiles/pico2.dir/home/kirill/pico/pico-sdk/src/rp2_common/pico_stdio/stdio.c.obj
                0x0000000010004ba0                __wrap_puts
 *fill*         0x0000000010004bbe        0x2 
 .text.__wrap_vprintf
                0x0000000010004bc0       0x40 CMakeFiles/pico2.dir/home/kirill/pico/pico-sdk/src/rp2_common/pico_stdio/stdio.c.obj
                0x0000000010004bc0                __wrap_vprintf
 .text.__wrap_printf
                0x0000000010004c00       0x18 CMakeFiles/pico2.dir/home/kirill/pico/pico-sdk/src/rp2_common/pico_stdio/stdio.c.obj
                0x0000000010004c00                __wrap_printf
 .text.stdio_init_all
                0x0000000010004c18        0x8 CMakeFiles/pico2.dir/home/kirill/pico/pico-sdk/src/rp2_common/pico_stdio/stdio.c.obj
                0x0000000010004c18                stdio_init_all
 .text.getchar_timeout_us
                0x0000000010004c20       0x80 CMakeFiles/pico2.dir/home/kirill/pico/pico-sdk/src/rp2_common/pico_stdio/stdio.c.obj
                0x0000000010004c20                getchar_timeout_us
 .text.resetd_init
                0x0000000010004ca0        0x2 CMakeFiles/pico2.dir/home/kirill/pico/pico-sdk/src/rp2_common/pico_stdio_usb/reset_interface.c.obj
 *fill*         0x0000000010004ca2        0x2 
 .text.resetd_reset
                0x0000000010004ca4        0xc CMakeFiles/pico2.dir/home/kirill/pico/pico-sdk/src/rp2_common/pico_stdio_usb/reset_interface.c.obj
 .text.resetd_open
                0x0000000010004cb0       0x34 CMakeFiles/pico2.dir/home/kirill/pico/pico-sdk/src/rp2_common/pico_stdio_usb/reset_interface.c.obj
 .text.resetd_xfer_cb
                0x0000000010004ce4        0x4 CMakeFiles/pico2.dir/home/kirill/pico/pico-sdk/src/rp2_common/pico_stdio_usb/reset_interface.c.obj
 .text.reset_usb_boot
                0x0000000010004ce8       0x18 CMakeFiles/pico2.dir/home/kirill/pico/pico-sdk/src/rp2_common/pico_stdio_usb/reset_interface.c.obj
 .text.resetd_control_xfer_cb
                0x0000000010004d00       0x5c CMakeFiles/pico2.dir/home/kirill/pico/pico-sdk/src/rp2_common/pico_stdio_usb/reset_interface.c.obj
 .text.usbd_app_driver_get_cb
                0x0000000010004d5c        0xc CMakeFiles/pico2.dir/home/kirill/pico/pico-sdk/src/rp2_common/pico_stdio_usb/reset_interface.c.obj
                0x0000000010004d5c                usbd_app_driver_get_cb
 .text.tud_cdc_line_coding_cb
                0x0000000010004d68       0x28 CMakeFiles/pico2.dir/home/kirill/pico/pico-sdk/src/rp2_common/pico_stdio_usb/reset_interface.c.obj
                0x0000000010004d68                tud_cdc_line_coding_cb
 .text.stdio_usb_set_chars_available_callback
                0x0000000010004d90       0x14 CMakeFiles/pico2.dir/home/kirill/pico/pico-sdk/src/rp2_common/pico_stdio_usb/stdio_usb.c.obj
                0x0000000010004d90                stdio_usb_set_chars_available_callback
 .text.usb_irq  0x0000000010004da4       0x10 CMakeFiles/pico2.dir/home/kirill/pico/pico-sdk/src/rp2_common/pico_stdio_usb/stdio_usb.c.obj
 .text.timer_task
                0x0000000010004db4       0x5c CMakeFiles/pico2.dir/home/kirill/pico/pico-sdk/src/rp2_common/pico_stdio_usb/stdio_usb.c.obj
 .text.low_priority_worker_irq
                0x0000000010004e10       0xdc CMakeFiles/pico2.dir/home/kirill/pico/pico-sdk/src/rp2_common/pico_stdio_usb/stdio_usb.c.obj
 .text.tud_cdc_rx_cb
                0x0000000010004eec       0x20 CMakeFiles/pico2.dir/home/kirill/pico/pico-sdk/src/rp2_common/pico_stdio_usb/stdio_usb.c.obj
                0x0000000010004eec                tud_cdc_rx_cb
 .text.stdio_usb_init
                0x0000000010004f0c      0x11c CMakeFiles/pico2.dir/home/kirill/pico/pico-sdk/src/rp2_common/pico_stdio_usb/stdio_usb.c.obj
                0x0000000010004f0c                stdio_usb_init
 .text.stdio_usb_connected
                0x0000000010005028        0xa CMakeFiles/pico2.dir/home/kirill/pico/pico-sdk/src/rp2_common/pico_stdio_usb/stdio_usb.c.obj
                0x0000000010005028                stdio_usb_connected
 *fill*         0x0000000010005032        0x2 
 .text.stdio_usb_in_chars
                0x0000000010005034       0xc4 CMakeFiles/pico2.dir/home/kirill/pico/pico-sdk/src/rp2_common/pico_stdio_usb/stdio_usb.c.obj
                0x0000000010005034                stdio_usb_in_chars
 .text.stdio_usb_out_chars
                0x00000000100050f8      0x114 CMakeFiles/pico2.dir/home/kirill/pico/pico-sdk/src/rp2_common/pico_stdio_usb/stdio_usb.c.obj
 .text.tud_descriptor_device_cb
                0x000000001000520c        0x8 CMakeFiles/pico2.dir/home/kirill/pico/pico-sdk/src/rp2_common/pico_stdio_usb/stdio_usb_descriptors.c.obj
                0x000000001000520c                tud_descriptor_device_cb
 .text.tud_descriptor_configuration_cb
                0x0000000010005214        0x8 CMakeFiles/pico2.dir/home/kirill/pico/pico-sdk/src/rp2_common/pico_stdio_usb/stdio_usb_descriptors.c.obj
                0x0000000010005214                tud_descriptor_configuration_cb
 .text.tud_descriptor_string_cb
                0x000000001000521c       0x6c CMakeFiles/pico2.dir/home/kirill/pico/pico-sdk/src/rp2_common/pico_stdio_usb/stdio_usb_descriptors.c.obj
                0x000000001000521c                tud_descriptor_string_cb
 .text._retrieve_unique_id_on_boot
                0x0000000010005288       0x10 CMakeFiles/pico2.dir/home/kirill/pico/pico-sdk/src/rp2_common/pico_unique_id/unique_id.c.obj
 .text.pico_get_unique_board_id_string
                0x0000000010005298       0x60 CMakeFiles/pico2.dir/home/kirill/pico/pico-sdk/src/rp2_common/pico_unique_id/unique_id.c.obj
                0x0000000010005298                pico_get_unique_board_id_string
 .text.flash_get_unique_id
                0x00000000100052f8       0x46 CMakeFiles/pico2.dir/home/kirill/pico/pico-sdk/src/rp2_common/hardware_flash/flash.c.obj
                0x00000000100052f8                flash_get_unique_id
 *fill*         0x000000001000533e        0x2 
 .text.hw_endpoint_get_by_addr
                0x0000000010005340       0x18 CMakeFiles/pico2.dir/home/kirill/pico/pico-sdk/lib/tinyusb/src/portable/raspberrypi/rp2040/dcd_rp2040.c.obj
 .text._hw_endpoint_alloc
                0x0000000010005358       0x70 CMakeFiles/pico2.dir/home/kirill/pico/pico-sdk/lib/tinyusb/src/portable/raspberrypi/rp2040/dcd_rp2040.c.obj
 .text.hw_endpoint_init
                0x00000000100053c8       0x88 CMakeFiles/pico2.dir/home/kirill/pico/pico-sdk/lib/tinyusb/src/portable/raspberrypi/rp2040/dcd_rp2040.c.obj
 .text.hw_endpoint_xfer
                0x0000000010005450       0x14 CMakeFiles/pico2.dir/home/kirill/pico/pico-sdk/lib/tinyusb/src/portable/raspberrypi/rp2040/dcd_rp2040.c.obj
 .text.dcd_int_enable
                0x0000000010005464       0x2c CMakeFiles/pico2.dir/home/kirill/pico/pico-sdk/lib/tinyusb/src/portable/raspberrypi/rp2040/dcd_rp2040.c.obj
                0x0000000010005464                dcd_int_enable
 .text.dcd_set_address
                0x0000000010005490       0x2c CMakeFiles/pico2.dir/home/kirill/pico/pico-sdk/lib/tinyusb/src/portable/raspberrypi/rp2040/dcd_rp2040.c.obj
                0x0000000010005490                dcd_set_address
 .text.dcd_connect
                0x00000000100054bc       0x10 CMakeFiles/pico2.dir/home/kirill/pico/pico-sdk/lib/tinyusb/src/portable/raspberrypi/rp2040/dcd_rp2040.c.obj
                0x00000000100054bc                dcd_connect
 .text.dcd_init
                0x00000000100054cc       0x80 CMakeFiles/pico2.dir/home/kirill/pico/pico-sdk/lib/tinyusb/src/portable/raspberrypi/rp2040/dcd_rp2040.c.obj
                0x00000000100054cc                dcd_init
 .text.dcd_edpt0_status_complete
                0x000000001000554c       0x1c CMakeFiles/pico2.dir/home/kirill/pico/pico-sdk/lib/tinyusb/src/portable/raspberrypi/rp2040/dcd_rp2040.c.obj
                0x000000001000554c                dcd_edpt0_status_complete
 .text.dcd_edpt_open
                0x0000000010005568       0x40 CMakeFiles/pico2.dir/home/kirill/pico/pico-sdk/lib/tinyusb/src/portable/raspberrypi/rp2040/dcd_rp2040.c.obj
                0x0000000010005568                dcd_edpt_open
 .text.dcd_edpt_close_all
                0x00000000100055a8        0x8 CMakeFiles/pico2.dir/home/kirill/pico/pico-sdk/lib/tinyusb/src/portable/raspberrypi/rp2040/dcd_rp2040.c.obj
                0x00000000100055a8                dcd_edpt_close_all
 .text.dcd_edpt_xfer
                0x00000000100055b0       0x34 CMakeFiles/pico2.dir/home/kirill/pico/pico-sdk/lib/tinyusb/src/portable/raspberrypi/rp2040/dcd_rp2040.c.obj
                0x00000000100055b0                dcd_edpt_xfer
 .text.dcd_edpt_stall
                0x00000000100055e4       0x2c CMakeFiles/pico2.dir/home/kirill/pico/pico-sdk/lib/tinyusb/src/portable/raspberrypi/rp2040/dcd_rp2040.c.obj
                0x00000000100055e4                dcd_edpt_stall
 .text.dcd_edpt_clear_stall
                0x0000000010005610       0x20 CMakeFiles/pico2.dir/home/kirill/pico/pico-sdk/lib/tinyusb/src/portable/raspberrypi/rp2040/dcd_rp2040.c.obj
                0x0000000010005610                dcd_edpt_clear_stall
 .text.rp2040_usb_init
                0x0000000010005630       0x4c CMakeFiles/pico2.dir/home/kirill/pico/pico-sdk/lib/tinyusb/src/portable/raspberrypi/rp2040/rp2040_usb.c.obj
                0x0000000010005630                rp2040_usb_init
 .text.hw_endpoint_xfer_start
                0x000000001000567c       0x50 CMakeFiles/pico2.dir/home/kirill/pico/pico-sdk/lib/tinyusb/src/portable/raspberrypi/rp2040/rp2040_usb.c.obj
                0x000000001000567c                hw_endpoint_xfer_start
 .text.configuration_reset
                0x00000000100056cc       0x84 CMakeFiles/pico2.dir/home/kirill/pico/pico-sdk/lib/tinyusb/src/device/usbd.c.obj
 .text.usbd_reset
                0x0000000010005750        0xc CMakeFiles/pico2.dir/home/kirill/pico/pico-sdk/lib/tinyusb/src/device/usbd.c.obj
 .text.invoke_class_control
                0x000000001000575c       0x1a CMakeFiles/pico2.dir/home/kirill/pico/pico-sdk/lib/tinyusb/src/device/usbd.c.obj
 *fill*         0x0000000010005776        0x2 
 .text.process_set_config
                0x0000000010005778      0x178 CMakeFiles/pico2.dir/home/kirill/pico/pico-sdk/lib/tinyusb/src/device/usbd.c.obj
 .text.process_get_descriptor
                0x00000000100058f0       0xdc CMakeFiles/pico2.dir/home/kirill/pico/pico-sdk/lib/tinyusb/src/device/usbd.c.obj
 .text.tud_mounted
                0x00000000100059cc       0x10 CMakeFiles/pico2.dir/home/kirill/pico/pico-sdk/lib/tinyusb/src/device/usbd.c.obj
                0x00000000100059cc                tud_mounted
 .text.tud_suspended
                0x00000000100059dc       0x10 CMakeFiles/pico2.dir/home/kirill/pico/pico-sdk/lib/tinyusb/src/device/usbd.c.obj
                0x00000000100059dc                tud_suspended
 .text.tud_inited
                0x00000000100059ec       0x14 CMakeFiles/pico2.dir/home/kirill/pico/pico-sdk/lib/tinyusb/src/device/usbd.c.obj
                0x00000000100059ec                tud_inited
 .text.tud_init
                0x0000000010005a00       0xcc CMakeFiles/pico2.dir/home/kirill/pico/pico-sdk/lib/tinyusb/src/device/usbd.c.obj
                0x0000000010005a00                tud_init
 .text.usbd_defer_func
                0x0000000010005acc       0x2a CMakeFiles/pico2.dir/home/kirill/pico/pico-sdk/lib/tinyusb/src/device/usbd.c.obj
                0x0000000010005acc                usbd_defer_func
 *fill*         0x0000000010005af6        0x2 
 .text.usbd_edpt_open
                0x0000000010005af8       0x34 CMakeFiles/pico2.dir/home/kirill/pico/pico-sdk/lib/tinyusb/src/device/usbd.c.obj
                0x0000000010005af8                usbd_edpt_open
 .text.usbd_open_edpt_pair
                0x0000000010005b2c       0x62 CMakeFiles/pico2.dir/home/kirill/pico/pico-sdk/lib/tinyusb/src/device/usbd.c.obj
                0x0000000010005b2c                usbd_open_edpt_pair
 *fill*         0x0000000010005b8e        0x2 
 .text.usbd_edpt_claim
                0x0000000010005b90       0x28 CMakeFiles/pico2.dir/home/kirill/pico/pico-sdk/lib/tinyusb/src/device/usbd.c.obj
                0x0000000010005b90                usbd_edpt_claim
 .text.usbd_edpt_release
                0x0000000010005bb8       0x28 CMakeFiles/pico2.dir/home/kirill/pico/pico-sdk/lib/tinyusb/src/device/usbd.c.obj
                0x0000000010005bb8                usbd_edpt_release
 .text.usbd_edpt_xfer
                0x0000000010005be0       0x78 CMakeFiles/pico2.dir/home/kirill/pico/pico-sdk/lib/tinyusb/src/device/usbd.c.obj
                0x0000000010005be0                usbd_edpt_xfer
 .text.usbd_edpt_stall
                0x0000000010005c58       0x48 CMakeFiles/pico2.dir/home/kirill/pico/pico-sdk/lib/tinyusb/src/device/usbd.c.obj
                0x0000000010005c58                usbd_edpt_stall
 .text.usbd_edpt_clear_stall
                0x0000000010005ca0       0x48 CMakeFiles/pico2.dir/home/kirill/pico/pico-sdk/lib/tinyusb/src/device/usbd.c.obj
                0x0000000010005ca0                usbd_edpt_clear_stall
 .text.usbd_edpt_stalled
                0x0000000010005ce8       0x1c CMakeFiles/pico2.dir/home/kirill/pico/pico-sdk/lib/tinyusb/src/device/usbd.c.obj
                0x0000000010005ce8                usbd_edpt_stalled
 .text.process_control_request
                0x0000000010005d04      0x37c CMakeFiles/pico2.dir/home/kirill/pico/pico-sdk/lib/tinyusb/src/device/usbd.c.obj
 .text.tud_task_ext
                0x0000000010006080      0x1b8 CMakeFiles/pico2.dir/home/kirill/pico/pico-sdk/lib/tinyusb/src/device/usbd.c.obj
                0x0000000010006080                tud_task_ext
 .text._data_stage_xact
                0x0000000010006238       0x58 CMakeFiles/pico2.dir/home/kirill/pico/pico-sdk/lib/tinyusb/src/device/usbd_control.c.obj
 .text.tud_control_status
                0x0000000010006290       0x38 CMakeFiles/pico2.dir/home/kirill/pico/pico-sdk/lib/tinyusb/src/device/usbd_control.c.obj
                0x0000000010006290                tud_control_status
 .text.tud_control_xfer
                0x00000000100062c8       0x74 CMakeFiles/pico2.dir/home/kirill/pico/pico-sdk/lib/tinyusb/src/device/usbd_control.c.obj
                0x00000000100062c8                tud_control_xfer
 .text.usbd_control_reset
                0x000000001000633c       0x14 CMakeFiles/pico2.dir/home/kirill/pico/pico-sdk/lib/tinyusb/src/device/usbd_control.c.obj
                0x000000001000633c                usbd_control_reset
 .text.usbd_control_set_complete_callback
                0x0000000010006350        0xc CMakeFiles/pico2.dir/home/kirill/pico/pico-sdk/lib/tinyusb/src/device/usbd_control.c.obj
                0x0000000010006350                usbd_control_set_complete_callback
 .text.usbd_control_set_request
                0x000000001000635c       0x1c CMakeFiles/pico2.dir/home/kirill/pico/pico-sdk/lib/tinyusb/src/device/usbd_control.c.obj
                0x000000001000635c                usbd_control_set_request
 .text.usbd_control_xfer_cb
                0x0000000010006378       0xcc CMakeFiles/pico2.dir/home/kirill/pico/pico-sdk/lib/tinyusb/src/device/usbd_control.c.obj
                0x0000000010006378                usbd_control_xfer_cb
 .text._prep_out_transaction
                0x0000000010006444       0x4a CMakeFiles/pico2.dir/home/kirill/pico/pico-sdk/lib/tinyusb/src/class/cdc/cdc_device.c.obj
 *fill*         0x000000001000648e        0x2 
 .text.tud_cdc_n_connected
                0x0000000010006490       0x44 CMakeFiles/pico2.dir/home/kirill/pico/pico-sdk/lib/tinyusb/src/class/cdc/cdc_device.c.obj
                0x0000000010006490                tud_cdc_n_connected
 .text.tud_cdc_n_available
                0x00000000100064d4       0x18 CMakeFiles/pico2.dir/home/kirill/pico/pico-sdk/lib/tinyusb/src/class/cdc/cdc_device.c.obj
                0x00000000100064d4                tud_cdc_n_available
 .text.tud_cdc_n_read
                0x00000000100064ec       0x28 CMakeFiles/pico2.dir/home/kirill/pico/pico-sdk/lib/tinyusb/src/class/cdc/cdc_device.c.obj
                0x00000000100064ec                tud_cdc_n_read
 .text.tud_cdc_n_write_flush
                0x0000000010006514       0xb8 CMakeFiles/pico2.dir/home/kirill/pico/pico-sdk/lib/tinyusb/src/class/cdc/cdc_device.c.obj
                0x0000000010006514                tud_cdc_n_write_flush
 .text.tud_cdc_n_write
                0x00000000100065cc       0x38 CMakeFiles/pico2.dir/home/kirill/pico/pico-sdk/lib/tinyusb/src/class/cdc/cdc_device.c.obj
                0x00000000100065cc                tud_cdc_n_write
 .text.tud_cdc_n_write_available
                0x0000000010006604       0x1c CMakeFiles/pico2.dir/home/kirill/pico/pico-sdk/lib/tinyusb/src/class/cdc/cdc_device.c.obj
                0x0000000010006604                tud_cdc_n_write_available
 .text.cdcd_init
                0x0000000010006620       0xbc CMakeFiles/pico2.dir/home/kirill/pico/pico-sdk/lib/tinyusb/src/class/cdc/cdc_device.c.obj
                0x0000000010006620                cdcd_init
 .text.cdcd_reset
                0x00000000100066dc       0x44 CMakeFiles/pico2.dir/home/kirill/pico/pico-sdk/lib/tinyusb/src/class/cdc/cdc_device.c.obj
                0x00000000100066dc                cdcd_reset
 .text.cdcd_open
                0x0000000010006720       0xcc CMakeFiles/pico2.dir/home/kirill/pico/pico-sdk/lib/tinyusb/src/class/cdc/cdc_device.c.obj
                0x0000000010006720                cdcd_open
 .text.cdcd_control_xfer_cb
                0x00000000100067ec      0x134 CMakeFiles/pico2.dir/home/kirill/pico/pico-sdk/lib/tinyusb/src/class/cdc/cdc_device.c.obj
                0x00000000100067ec                cdcd_control_xfer_cb
 .text.cdcd_xfer_cb
                0x0000000010006920      0x130 CMakeFiles/pico2.dir/home/kirill/pico/pico-sdk/lib/tinyusb/src/class/cdc/cdc_device.c.obj
                0x0000000010006920                cdcd_xfer_cb
 .text.tusb_init
                0x0000000010006a50        0xa CMakeFiles/pico2.dir/home/kirill/pico/pico-sdk/lib/tinyusb/src/tusb.c.obj
                0x0000000010006a50                tusb_init
 .text.tusb_inited
                0x0000000010006a5a        0xe CMakeFiles/pico2.dir/home/kirill/pico/pico-sdk/lib/tinyusb/src/tusb.c.obj
                0x0000000010006a5a                tusb_inited
 .text.tu_edpt_claim
                0x0000000010006a68       0x50 CMakeFiles/pico2.dir/home/kirill/pico/pico-sdk/lib/tinyusb/src/tusb.c.obj
                0x0000000010006a68                tu_edpt_claim
 .text.tu_edpt_release
                0x0000000010006ab8       0x3c CMakeFiles/pico2.dir/home/kirill/pico/pico-sdk/lib/tinyusb/src/tusb.c.obj
                0x0000000010006ab8                tu_edpt_release
 .text.tu_edpt_validate
                0x0000000010006af4       0x78 CMakeFiles/pico2.dir/home/kirill/pico/pico-sdk/lib/tinyusb/src/tusb.c.obj
                0x0000000010006af4                tu_edpt_validate
 .text.tu_edpt_bind_driver
                0x0000000010006b6c       0x26 CMakeFiles/pico2.dir/home/kirill/pico/pico-sdk/lib/tinyusb/src/tusb.c.obj
                0x0000000010006b6c                tu_edpt_bind_driver
 .text.advance_index
                0x0000000010006b92       0x1a CMakeFiles/pico2.dir/home/kirill/pico/pico-sdk/lib/tinyusb/src/common/tusb_fifo.c.obj
 .text._tu_fifo_peek
                0x0000000010006bac       0x56 CMakeFiles/pico2.dir/home/kirill/pico/pico-sdk/lib/tinyusb/src/common/tusb_fifo.c.obj
 .text._ff_pull_const_addr
                0x0000000010006c02       0x4c CMakeFiles/pico2.dir/home/kirill/pico/pico-sdk/lib/tinyusb/src/common/tusb_fifo.c.obj
 .text._ff_pull_n
                0x0000000010006c4e      0x110 CMakeFiles/pico2.dir/home/kirill/pico/pico-sdk/lib/tinyusb/src/common/tusb_fifo.c.obj
 .text._tu_fifo_peek_n
                0x0000000010006d5e       0x6a CMakeFiles/pico2.dir/home/kirill/pico/pico-sdk/lib/tinyusb/src/common/tusb_fifo.c.obj
 .text._tu_fifo_read_n
                0x0000000010006dc8       0x4e CMakeFiles/pico2.dir/home/kirill/pico/pico-sdk/lib/tinyusb/src/common/tusb_fifo.c.obj
 .text._ff_push_const_addr
                0x0000000010006e16       0x40 CMakeFiles/pico2.dir/home/kirill/pico/pico-sdk/lib/tinyusb/src/common/tusb_fifo.c.obj
 .text._ff_push_n
                0x0000000010006e56      0x10c CMakeFiles/pico2.dir/home/kirill/pico/pico-sdk/lib/tinyusb/src/common/tusb_fifo.c.obj
 .text._tu_fifo_write_n
                0x0000000010006f62       0xf0 CMakeFiles/pico2.dir/home/kirill/pico/pico-sdk/lib/tinyusb/src/common/tusb_fifo.c.obj
 .text.tu_fifo_config
                0x0000000010007052       0x7c CMakeFiles/pico2.dir/home/kirill/pico/pico-sdk/lib/tinyusb/src/common/tusb_fifo.c.obj
                0x0000000010007052                tu_fifo_config
 .text.tu_fifo_count
                0x00000000100070ce       0x2a CMakeFiles/pico2.dir/home/kirill/pico/pico-sdk/lib/tinyusb/src/common/tusb_fifo.c.obj
                0x00000000100070ce                tu_fifo_count
 .text.tu_fifo_empty
                0x00000000100070f8       0x10 CMakeFiles/pico2.dir/home/kirill/pico/pico-sdk/lib/tinyusb/src/common/tusb_fifo.c.obj
                0x00000000100070f8                tu_fifo_empty
 .text.tu_fifo_full
                0x0000000010007108       0x28 CMakeFiles/pico2.dir/home/kirill/pico/pico-sdk/lib/tinyusb/src/common/tusb_fifo.c.obj
                0x0000000010007108                tu_fifo_full
 .text.tu_fifo_remaining
                0x0000000010007130       0x2c CMakeFiles/pico2.dir/home/kirill/pico/pico-sdk/lib/tinyusb/src/common/tusb_fifo.c.obj
                0x0000000010007130                tu_fifo_remaining
 .text.tu_fifo_read
                0x000000001000715c       0x42 CMakeFiles/pico2.dir/home/kirill/pico/pico-sdk/lib/tinyusb/src/common/tusb_fifo.c.obj
                0x000000001000715c                tu_fifo_read
 .text.tu_fifo_read_n
                0x000000001000719e        0xa CMakeFiles/pico2.dir/home/kirill/pico/pico-sdk/lib/tinyusb/src/common/tusb_fifo.c.obj
                0x000000001000719e                tu_fifo_read_n
 .text.tu_fifo_write
                0x00000000100071a8       0x64 CMakeFiles/pico2.dir/home/kirill/pico/pico-sdk/lib/tinyusb/src/common/tusb_fifo.c.obj
                0x00000000100071a8                tu_fifo_write
 .text.tu_fifo_write_n
                0x000000001000720c        0xa CMakeFiles/pico2.dir/home/kirill/pico/pico-sdk/lib/tinyusb/src/common/tusb_fifo.c.obj
                0x000000001000720c                tu_fifo_write_n
 .text.tu_fifo_clear
                0x0000000010007216       0x3e CMakeFiles/pico2.dir/home/kirill/pico/pico-sdk/lib/tinyusb/src/common/tusb_fifo.c.obj
                0x0000000010007216                tu_fifo_clear
 .text.tu_fifo_set_overwritable
                0x0000000010007254       0x46 CMakeFiles/pico2.dir/home/kirill/pico/pico-sdk/lib/tinyusb/src/common/tusb_fifo.c.obj
                0x0000000010007254                tu_fifo_set_overwritable
 *fill*         0x000000001000729a        0x2 
 .text.clock_gettime
                0x000000001000729c       0x3c CMakeFiles/pico2.dir/external_lib/pico_uart_transport/pico_uart_transports.c.obj
                0x000000001000729c                clock_gettime
 .text._Z7stepperiii
                0x00000000100072d8      0x108 CMakeFiles/pico2.dir/external_lib/stepper/stepper.cpp.obj
                0x00000000100072d8                stepper(int, int, int)
 .text._Z16stepper_overheatv
                0x00000000100073e0       0x80 CMakeFiles/pico2.dir/external_lib/stepper/stepper.cpp.obj
                0x00000000100073e0                stepper_overheat()
 .text._Z16stepper_pwm_initv
                0x0000000010007460       0x7c CMakeFiles/pico2.dir/external_lib/stepper/stepper.cpp.obj
                0x0000000010007460                stepper_pwm_init()
 .text._Z22stepper_direction_initv
                0x00000000100074dc       0x34 CMakeFiles/pico2.dir/external_lib/stepper/stepper.cpp.obj
                0x00000000100074dc                stepper_direction_init()
 .text._Z21stepper_overheat_initv
                0x0000000010007510       0x34 CMakeFiles/pico2.dir/external_lib/stepper/stepper.cpp.obj
                0x0000000010007510                stepper_overheat_init()
 .text._Z12stepper_initv
                0x0000000010007544       0x1e CMakeFiles/pico2.dir/external_lib/stepper/stepper.cpp.obj
                0x0000000010007544                stepper_init()
 *fill*         0x0000000010007562        0x2 
 .text._ZN7DISPLAY8I2C_initEv
                0x0000000010007564       0x38 CMakeFiles/pico2.dir/external_lib/display/display.cpp.obj
                0x0000000010007564                DISPLAY::I2C_init()
 .text._ZN7DISPLAY12display_initEv
                0x000000001000759c       0x14 CMakeFiles/pico2.dir/external_lib/display/display.cpp.obj
                0x000000001000759c                DISPLAY::display_init()
 .text._ZN7DISPLAY12Print_stringEjjj
                0x00000000100075b0       0x34 CMakeFiles/pico2.dir/external_lib/display/display.cpp.obj
                0x00000000100075b0                DISPLAY::Print_string(unsigned int, unsigned int, unsigned int)
 .text._ZN7SSD130617SendCommandBufferEPhi
                0x00000000100075e4       0x1c CMakeFiles/pico2.dir/external_lib/display/SSD1306/SSD1306.cpp.obj
                0x00000000100075e4                SSD1306::SendCommandBuffer(unsigned char*, int)
 .text._ZN7SSD130610initialiseEv
                0x0000000010007600       0x24 CMakeFiles/pico2.dir/external_lib/display/SSD1306/SSD1306.cpp.obj
                0x0000000010007600                SSD1306::initialise()
 .text._ZN7SSD130613UpdateDisplayEv
                0x0000000010007624       0x20 CMakeFiles/pico2.dir/external_lib/display/SSD1306/SSD1306.cpp.obj
                0x0000000010007624                SSD1306::UpdateDisplay()
 .text._ZN7SSD130612ClearDisplayEv
                0x0000000010007644       0x20 CMakeFiles/pico2.dir/external_lib/display/SSD1306/SSD1306.cpp.obj
                0x0000000010007644                SSD1306::ClearDisplay()
 .text._ZN7SSD13067reverseEh
                0x0000000010007664       0x30 CMakeFiles/pico2.dir/external_lib/display/SSD1306/SSD1306.cpp.obj
                0x0000000010007664                SSD1306::reverse(unsigned char)
 .text._ZN7SSD130617FillReversedCacheEv
                0x0000000010007694       0x2c CMakeFiles/pico2.dir/external_lib/display/SSD1306/SSD1306.cpp.obj
                0x0000000010007694                SSD1306::FillReversedCache()
 .text._ZN7SSD130610ExpandByteEh
                0x00000000100076c0       0x26 CMakeFiles/pico2.dir/external_lib/display/SSD1306/SSD1306.cpp.obj
                0x00000000100076c0                SSD1306::ExpandByte(unsigned char)
 *fill*         0x00000000100076e6        0x2 
 .text._ZN7SSD130612WriteBigCharEjjc
                0x00000000100076e8       0xb0 CMakeFiles/pico2.dir/external_lib/display/SSD1306/SSD1306.cpp.obj
                0x00000000100076e8                SSD1306::WriteBigChar(unsigned int, unsigned int, char)
 .text._ZN7SSD130614WriteBigStringEiiPc
                0x0000000010007798       0x2a CMakeFiles/pico2.dir/external_lib/display/SSD1306/SSD1306.cpp.obj
                0x0000000010007798                SSD1306::WriteBigString(int, int, char*)
 .text.i2c_write_blocking_internal
                0x00000000100077c2      0x140 CMakeFiles/pico2.dir/home/kirill/pico/pico-sdk/src/rp2_common/hardware_i2c/i2c.c.obj
 *fill*         0x0000000010007902        0x2 
 .text.i2c_set_baudrate
                0x0000000010007904       0xf0 CMakeFiles/pico2.dir/home/kirill/pico/pico-sdk/src/rp2_common/hardware_i2c/i2c.c.obj
                0x0000000010007904                i2c_set_baudrate
 .text.i2c_init
                0x00000000100079f4       0x58 CMakeFiles/pico2.dir/home/kirill/pico/pico-sdk/src/rp2_common/hardware_i2c/i2c.c.obj
                0x00000000100079f4                i2c_init
 .text.i2c_write_blocking
                0x0000000010007a4c       0x18 CMakeFiles/pico2.dir/home/kirill/pico/pico-sdk/src/rp2_common/hardware_i2c/i2c.c.obj
                0x0000000010007a4c                i2c_write_blocking
 .text.rosidl_typesupport_c__get_message_type_support_handle__geometry_msgs__msg__Vector3
                0x0000000010007a64       0x1c /home/kirill/Projects/Pico/test/pico2/libmicroros/libmicroros.a(libgeometry_msgs__rosidl_typesupport_c-vector3__type_support.cpp.obj)
                0x0000000010007a64                rosidl_typesupport_c__get_message_type_support_handle__geometry_msgs__msg__Vector3
 .text.startup._GLOBAL__sub_I_rosidl_typesupport_c__get_message_type_support_handle__geometry_msgs__msg__Vector3
                0x0000000010007a80       0x14 /home/kirill/Projects/Pico/test/pico2/libmicroros/libmicroros.a(libgeometry_msgs__rosidl_typesupport_c-vector3__type_support.cpp.obj)
 .text.geometry_msgs__msg__Vector3__rosidl_typesupport_introspection_c__Vector3_init_function
                0x0000000010007a94        0x8 /home/kirill/Projects/Pico/test/pico2/libmicroros/libmicroros.a(libgeometry_msgs__rosidl_typesupport_introspection_c-vector3__type_support.c.obj)
                0x0000000010007a94                geometry_msgs__msg__Vector3__rosidl_typesupport_introspection_c__Vector3_init_function
 .text.geometry_msgs__msg__Vector3__rosidl_typesupport_introspection_c__Vector3_fini_function
                0x0000000010007a9c        0x8 /home/kirill/Projects/Pico/test/pico2/libmicroros/libmicroros.a(libgeometry_msgs__rosidl_typesupport_introspection_c-vector3__type_support.c.obj)
                0x0000000010007a9c                geometry_msgs__msg__Vector3__rosidl_typesupport_introspection_c__Vector3_fini_function
 .text.rosidl_typesupport_introspection_c__get_message_type_support_handle__geometry_msgs__msg__Vector3
                0x0000000010007aa4       0x1c /home/kirill/Projects/Pico/test/pico2/libmicroros/libmicroros.a(libgeometry_msgs__rosidl_typesupport_introspection_c-vector3__type_support.c.obj)
                0x0000000010007aa4                rosidl_typesupport_introspection_c__get_message_type_support_handle__geometry_msgs__msg__Vector3
 .text.get_serialized_size_geometry_msgs__msg__Vector3
                0x0000000010007ac0       0x38 /home/kirill/Projects/Pico/test/pico2/libmicroros/libmicroros.a(libgeometry_msgs__rosidl_typesupport_microxrcedds_c-vector3__type_support_c.c.obj)
                0x0000000010007ac0                get_serialized_size_geometry_msgs__msg__Vector3
 .text._Vector3__cdr_deserialize
                0x0000000010007af8       0x28 /home/kirill/Projects/Pico/test/pico2/libmicroros/libmicroros.a(libgeometry_msgs__rosidl_typesupport_microxrcedds_c-vector3__type_support_c.c.obj)
 .text._Vector3__cdr_serialize
                0x0000000010007b20       0x30 /home/kirill/Projects/Pico/test/pico2/libmicroros/libmicroros.a(libgeometry_msgs__rosidl_typesupport_microxrcedds_c-vector3__type_support_c.c.obj)
 .text._Vector3__get_serialized_size
                0x0000000010007b50       0x30 /home/kirill/Projects/Pico/test/pico2/libmicroros/libmicroros.a(libgeometry_msgs__rosidl_typesupport_microxrcedds_c-vector3__type_support_c.c.obj)
 .text._Vector3__max_serialized_size
                0x0000000010007b80       0x28 /home/kirill/Projects/Pico/test/pico2/libmicroros/libmicroros.a(libgeometry_msgs__rosidl_typesupport_microxrcedds_c-vector3__type_support_c.c.obj)
 .text.rosidl_typesupport_microxrcedds_c__get_message_type_support_handle__geometry_msgs__msg__Vector3
                0x0000000010007ba8        0x8 /home/kirill/Projects/Pico/test/pico2/libmicroros/libmicroros.a(libgeometry_msgs__rosidl_typesupport_microxrcedds_c-vector3__type_support_c.c.obj)
                0x0000000010007ba8                rosidl_typesupport_microxrcedds_c__get_message_type_support_handle__geometry_msgs__msg__Vector3
 .text.ucdr_serialize_bool
                0x0000000010007bb0       0x2c /home/kirill/Projects/Pico/test/pico2/libmicroros/libmicroros.a(libmicrocdr-basic.c.obj)
                0x0000000010007bb0                ucdr_serialize_bool
 .text.ucdr_deserialize_bool
                0x0000000010007bdc       0x30 /home/kirill/Projects/Pico/test/pico2/libmicroros/libmicroros.a(libmicrocdr-basic.c.obj)
                0x0000000010007bdc                ucdr_deserialize_bool
 .text.ucdr_serialize_uint8_t
                0x0000000010007c0c       0x2c /home/kirill/Projects/Pico/test/pico2/libmicroros/libmicroros.a(libmicrocdr-basic.c.obj)
                0x0000000010007c0c                ucdr_serialize_uint8_t
 .text.ucdr_deserialize_uint8_t
                0x0000000010007c38       0x30 /home/kirill/Projects/Pico/test/pico2/libmicroros/libmicroros.a(libmicrocdr-basic.c.obj)
                0x0000000010007c38                ucdr_deserialize_uint8_t
 .text.ucdr_serialize_uint16_t
                0x0000000010007c68       0xf4 /home/kirill/Projects/Pico/test/pico2/libmicroros/libmicroros.a(libmicrocdr-basic.c.obj)
                0x0000000010007c68                ucdr_serialize_uint16_t
 .text.ucdr_serialize_endian_uint16_t
                0x0000000010007d5c      0x100 /home/kirill/Projects/Pico/test/pico2/libmicroros/libmicroros.a(libmicrocdr-basic.c.obj)
                0x0000000010007d5c                ucdr_serialize_endian_uint16_t
 .text.ucdr_deserialize_uint16_t
                0x0000000010007e5c       0xec /home/kirill/Projects/Pico/test/pico2/libmicroros/libmicroros.a(libmicrocdr-basic.c.obj)
                0x0000000010007e5c                ucdr_deserialize_uint16_t
 .text.ucdr_deserialize_endian_uint16_t
                0x0000000010007f48       0xf8 /home/kirill/Projects/Pico/test/pico2/libmicroros/libmicroros.a(libmicrocdr-basic.c.obj)
                0x0000000010007f48                ucdr_deserialize_endian_uint16_t
 .text.ucdr_serialize_uint32_t
                0x0000000010008040      0x11c /home/kirill/Projects/Pico/test/pico2/libmicroros/libmicroros.a(libmicrocdr-basic.c.obj)
                0x0000000010008040                ucdr_serialize_uint32_t
 .text.ucdr_serialize_endian_uint32_t
                0x000000001000815c      0x11c /home/kirill/Projects/Pico/test/pico2/libmicroros/libmicroros.a(libmicrocdr-basic.c.obj)
                0x000000001000815c                ucdr_serialize_endian_uint32_t
 .text.ucdr_deserialize_uint32_t
                0x0000000010008278      0x11c /home/kirill/Projects/Pico/test/pico2/libmicroros/libmicroros.a(libmicrocdr-basic.c.obj)
                0x0000000010008278                ucdr_deserialize_uint32_t
 .text.ucdr_deserialize_endian_uint32_t
                0x0000000010008394      0x12c /home/kirill/Projects/Pico/test/pico2/libmicroros/libmicroros.a(libmicrocdr-basic.c.obj)
                0x0000000010008394                ucdr_deserialize_endian_uint32_t
 .text.ucdr_serialize_uint64_t
                0x00000000100084c0      0x170 /home/kirill/Projects/Pico/test/pico2/libmicroros/libmicroros.a(libmicrocdr-basic.c.obj)
                0x00000000100084c0                ucdr_serialize_uint64_t
 .text.ucdr_serialize_int8_t
                0x0000000010008630       0x2c /home/kirill/Projects/Pico/test/pico2/libmicroros/libmicroros.a(libmicrocdr-basic.c.obj)
                0x0000000010008630                ucdr_serialize_int8_t
 .text.ucdr_deserialize_int8_t
                0x000000001000865c       0x30 /home/kirill/Projects/Pico/test/pico2/libmicroros/libmicroros.a(libmicrocdr-basic.c.obj)
                0x000000001000865c                ucdr_deserialize_int8_t
 .text.ucdr_serialize_int16_t
                0x000000001000868c       0xf4 /home/kirill/Projects/Pico/test/pico2/libmicroros/libmicroros.a(libmicrocdr-basic.c.obj)
                0x000000001000868c                ucdr_serialize_int16_t
 .text.ucdr_deserialize_int16_t
                0x0000000010008780       0xec /home/kirill/Projects/Pico/test/pico2/libmicroros/libmicroros.a(libmicrocdr-basic.c.obj)
                0x0000000010008780                ucdr_deserialize_int16_t
 .text.ucdr_serialize_int32_t
                0x000000001000886c      0x11c /home/kirill/Projects/Pico/test/pico2/libmicroros/libmicroros.a(libmicrocdr-basic.c.obj)
                0x000000001000886c                ucdr_serialize_int32_t
 .text.ucdr_deserialize_int32_t
                0x0000000010008988      0x11c /home/kirill/Projects/Pico/test/pico2/libmicroros/libmicroros.a(libmicrocdr-basic.c.obj)
                0x0000000010008988                ucdr_deserialize_int32_t
 .text.ucdr_serialize_double
                0x0000000010008aa4      0x170 /home/kirill/Projects/Pico/test/pico2/libmicroros/libmicroros.a(libmicrocdr-basic.c.obj)
                0x0000000010008aa4                ucdr_serialize_double
 .text.ucdr_deserialize_double
                0x0000000010008c14      0x180 /home/kirill/Projects/Pico/test/pico2/libmicroros/libmicroros.a(libmicrocdr-basic.c.obj)
                0x0000000010008c14                ucdr_deserialize_double
 .text.ucdr_check_buffer_available_for
                0x0000000010008d94       0x1c /home/kirill/Projects/Pico/test/pico2/libmicroros/libmicroros.a(libmicrocdr-common.c.obj)
                0x0000000010008d94                ucdr_check_buffer_available_for
 .text.ucdr_check_final_buffer_behavior
                0x0000000010008db0       0x38 /home/kirill/Projects/Pico/test/pico2/libmicroros/libmicroros.a(libmicrocdr-common.c.obj)
                0x0000000010008db0                ucdr_check_final_buffer_behavior
 .text.ucdr_set_on_full_buffer_callback
                0x0000000010008de8        0x8 /home/kirill/Projects/Pico/test/pico2/libmicroros/libmicroros.a(libmicrocdr-common.c.obj)
                0x0000000010008de8                ucdr_set_on_full_buffer_callback
 .text.ucdr_init_buffer_origin_offset_endian
                0x0000000010008df0       0x28 /home/kirill/Projects/Pico/test/pico2/libmicroros/libmicroros.a(libmicrocdr-common.c.obj)
                0x0000000010008df0                ucdr_init_buffer_origin_offset_endian
 .text.ucdr_init_buffer_origin_offset
                0x0000000010008e18       0x14 /home/kirill/Projects/Pico/test/pico2/libmicroros/libmicroros.a(libmicrocdr-common.c.obj)
                0x0000000010008e18                ucdr_init_buffer_origin_offset
 .text.ucdr_init_buffer_origin
                0x0000000010008e2c       0x10 /home/kirill/Projects/Pico/test/pico2/libmicroros/libmicroros.a(libmicrocdr-common.c.obj)
                0x0000000010008e2c                ucdr_init_buffer_origin
 .text.ucdr_init_buffer
                0x0000000010008e3c        0xc /home/kirill/Projects/Pico/test/pico2/libmicroros/libmicroros.a(libmicrocdr-common.c.obj)
                0x0000000010008e3c                ucdr_init_buffer
 .text.ucdr_alignment
                0x0000000010008e48       0x10 /home/kirill/Projects/Pico/test/pico2/libmicroros/libmicroros.a(libmicrocdr-common.c.obj)
                0x0000000010008e48                ucdr_alignment
 .text.ucdr_buffer_alignment
                0x0000000010008e58       0x1c /home/kirill/Projects/Pico/test/pico2/libmicroros/libmicroros.a(libmicrocdr-common.c.obj)
                0x0000000010008e58                ucdr_buffer_alignment
 .text.ucdr_align_to
                0x0000000010008e74       0x24 /home/kirill/Projects/Pico/test/pico2/libmicroros/libmicroros.a(libmicrocdr-common.c.obj)
                0x0000000010008e74                ucdr_align_to
 .text.ucdr_buffer_length
                0x0000000010008e98        0x8 /home/kirill/Projects/Pico/test/pico2/libmicroros/libmicroros.a(libmicrocdr-common.c.obj)
                0x0000000010008e98                ucdr_buffer_length
 .text.ucdr_buffer_remaining
                0x0000000010008ea0        0x8 /home/kirill/Projects/Pico/test/pico2/libmicroros/libmicroros.a(libmicrocdr-common.c.obj)
                0x0000000010008ea0                ucdr_buffer_remaining
 .text.ucdr_check_final_buffer_behavior_array
                0x0000000010008ea8       0x44 /home/kirill/Projects/Pico/test/pico2/libmicroros/libmicroros.a(libmicrocdr-common.c.obj)
                0x0000000010008ea8                ucdr_check_final_buffer_behavior_array
 .text.ucdr_advance_buffer
                0x0000000010008eec       0x44 /home/kirill/Projects/Pico/test/pico2/libmicroros/libmicroros.a(libmicrocdr-common.c.obj)
                0x0000000010008eec                ucdr_advance_buffer
 .text.rcl_get_zero_initialized_publisher
                0x0000000010008f30        0xc /home/kirill/Projects/Pico/test/pico2/libmicroros/libmicroros.a(librcl-publisher.c.obj)
                0x0000000010008f30                rcl_get_zero_initialized_publisher
 .text.rcl_publisher_init
                0x0000000010008f3c      0x138 /home/kirill/Projects/Pico/test/pico2/libmicroros/libmicroros.a(librcl-publisher.c.obj)
                0x0000000010008f3c                rcl_publisher_init
 .text.rcl_publisher_get_default_options
                0x0000000010009074       0x50 /home/kirill/Projects/Pico/test/pico2/libmicroros/libmicroros.a(librcl-publisher.c.obj)
                0x0000000010009074                rcl_publisher_get_default_options
 .text.rcl_publish
                0x00000000100090c4       0x4c /home/kirill/Projects/Pico/test/pico2/libmicroros/libmicroros.a(librcl-publisher.c.obj)
                0x00000000100090c4                rcl_publish
 .text.rcl_publisher_is_valid
                0x0000000010009110       0x30 /home/kirill/Projects/Pico/test/pico2/libmicroros/libmicroros.a(librcl-publisher.c.obj)
                0x0000000010009110                rcl_publisher_is_valid
 .text.rcl_publisher_is_valid_except_context
                0x0000000010009140       0x1c /home/kirill/Projects/Pico/test/pico2/libmicroros/libmicroros.a(librcl-publisher.c.obj)
                0x0000000010009140                rcl_publisher_is_valid_except_context
 .text._rclc_check_for_new_data
                0x000000001000915c       0x90 /home/kirill/Projects/Pico/test/pico2/libmicroros/libmicroros.a(librclc-executor.c.obj)
 .text._rclc_take_new_data
                0x00000000100091ec      0x2c8 /home/kirill/Projects/Pico/test/pico2/libmicroros/libmicroros.a(librclc-executor.c.obj)
 .text._rclc_execute.part.0
                0x00000000100094b4      0x29c /home/kirill/Projects/Pico/test/pico2/libmicroros/libmicroros.a(librclc-executor.c.obj)
 .text.rclc_executor_trigger_any
                0x0000000010009750       0x7c /home/kirill/Projects/Pico/test/pico2/libmicroros/libmicroros.a(librclc-executor.c.obj)
                0x0000000010009750                rclc_executor_trigger_any
 .text.rclc_executor_init
                0x00000000100097cc       0xc0 /home/kirill/Projects/Pico/test/pico2/libmicroros/libmicroros.a(librclc-executor.c.obj)
                0x00000000100097cc                rclc_executor_init
 .text.rclc_executor_add_subscription
                0x000000001000988c       0x74 /home/kirill/Projects/Pico/test/pico2/libmicroros/libmicroros.a(librclc-executor.c.obj)
                0x000000001000988c                rclc_executor_add_subscription
 .text.rclc_executor_add_timer
                0x0000000010009900       0x58 /home/kirill/Projects/Pico/test/pico2/libmicroros/libmicroros.a(librclc-executor.c.obj)
                0x0000000010009900                rclc_executor_add_timer
 .text.rclc_executor_prepare
                0x0000000010009958       0x88 /home/kirill/Projects/Pico/test/pico2/libmicroros/libmicroros.a(librclc-executor.c.obj)
                0x0000000010009958                rclc_executor_prepare
 .text.rclc_executor_spin_some.part.0
                0x00000000100099e0      0x378 /home/kirill/Projects/Pico/test/pico2/libmicroros/libmicroros.a(librclc-executor.c.obj)
 .text.rclc_executor_spin_some
                0x0000000010009d58       0x30 /home/kirill/Projects/Pico/test/pico2/libmicroros/libmicroros.a(librclc-executor.c.obj)
                0x0000000010009d58                rclc_executor_spin_some
 .text.rclc_executor_handle_counters_zero_init
                0x0000000010009d88       0x18 /home/kirill/Projects/Pico/test/pico2/libmicroros/libmicroros.a(librclc-executor_handle.c.obj)
                0x0000000010009d88                rclc_executor_handle_counters_zero_init
 .text.rclc_executor_handle_init
                0x0000000010009da0       0x28 /home/kirill/Projects/Pico/test/pico2/libmicroros/libmicroros.a(librclc-executor_handle.c.obj)
                0x0000000010009da0                rclc_executor_handle_init
 .text.rclc_support_init
                0x0000000010009dc8       0x94 /home/kirill/Projects/Pico/test/pico2/libmicroros/libmicroros.a(librclc-init.c.obj)
                0x0000000010009dc8                rclc_support_init
 .text.rclc_node_init_default
                0x0000000010009e5c       0x74 /home/kirill/Projects/Pico/test/pico2/libmicroros/libmicroros.a(librclc-node.c.obj)
                0x0000000010009e5c                rclc_node_init_default
 .text.rclc_publisher_init_default
                0x0000000010009ed0       0x68 /home/kirill/Projects/Pico/test/pico2/libmicroros/libmicroros.a(librclc-publisher.c.obj)
                0x0000000010009ed0                rclc_publisher_init_default
 .text.rclc_subscription_init_default
                0x0000000010009f38       0x68 /home/kirill/Projects/Pico/test/pico2/libmicroros/libmicroros.a(librclc-subscription.c.obj)
                0x0000000010009f38                rclc_subscription_init_default
 .text.rclc_timer_init_default
                0x0000000010009fa0       0x60 /home/kirill/Projects/Pico/test/pico2/libmicroros/libmicroros.a(librclc-timer.c.obj)
                0x0000000010009fa0                rclc_timer_init_default
 .text.__default_zero_allocate
                0x000000001000a000        0x8 /home/kirill/Projects/Pico/test/pico2/libmicroros/libmicroros.a(librcutils-allocator.c.obj)
 .text.__default_reallocate
                0x000000001000a008        0x8 /home/kirill/Projects/Pico/test/pico2/libmicroros/libmicroros.a(librcutils-allocator.c.obj)
 .text.__default_deallocate
                0x000000001000a010        0x8 /home/kirill/Projects/Pico/test/pico2/libmicroros/libmicroros.a(librcutils-allocator.c.obj)
 .text.__default_allocate
                0x000000001000a018        0x8 /home/kirill/Projects/Pico/test/pico2/libmicroros/libmicroros.a(librcutils-allocator.c.obj)
 .text.rcutils_get_default_allocator
                0x000000001000a020       0x14 /home/kirill/Projects/Pico/test/pico2/libmicroros/libmicroros.a(librcutils-allocator.c.obj)
                0x000000001000a020                rcutils_get_default_allocator
 .text.rcutils_allocator_is_valid
                0x000000001000a034       0x24 /home/kirill/Projects/Pico/test/pico2/libmicroros/libmicroros.a(librcutils-allocator.c.obj)
                0x000000001000a034                rcutils_allocator_is_valid
 .text.rcutils_get_error_string
                0x000000001000a058       0x34 /home/kirill/Projects/Pico/test/pico2/libmicroros/libmicroros.a(librcutils-error_handling.c.obj)
                0x000000001000a058                rcutils_get_error_string
 .text.rcutils_reset_error
                0x000000001000a08c       0x38 /home/kirill/Projects/Pico/test/pico2/libmicroros/libmicroros.a(librcutils-error_handling.c.obj)
                0x000000001000a08c                rcutils_reset_error
 .text.rcutils_system_time_now
                0x000000001000a0c4       0x4c /home/kirill/Projects/Pico/test/pico2/libmicroros/libmicroros.a(librcutils-time_unix.c.obj)
                0x000000001000a0c4                rcutils_system_time_now
 .text.rcutils_steady_time_now
                0x000000001000a110       0x4c /home/kirill/Projects/Pico/test/pico2/libmicroros/libmicroros.a(librcutils-time_unix.c.obj)
                0x000000001000a110                rcutils_steady_time_now
 .text.rmw_get_default_publisher_options
                0x000000001000a15c        0x8 /home/kirill/Projects/Pico/test/pico2/libmicroros/libmicroros.a(librmw-publisher_options.c.obj)
                0x000000001000a15c                rmw_get_default_publisher_options
 .text.rmw_uros_set_custom_transport
                0x000000001000a164       0x34 /home/kirill/Projects/Pico/test/pico2/libmicroros/libmicroros.a(librmw_microxrcedds-custom_transport.c.obj)
                0x000000001000a164                rmw_uros_set_custom_transport
 .text.rmw_uros_ping_agent
                0x000000001000a198       0xa0 /home/kirill/Projects/Pico/test/pico2/libmicroros/libmicroros.a(librmw_microxrcedds-ping.c.obj)
                0x000000001000a198                rmw_uros_ping_agent
 .text.flush_session
                0x000000001000a238        0xc /home/kirill/Projects/Pico/test/pico2/libmicroros/libmicroros.a(librmw_microxrcedds-rmw_publish.c.obj)
                0x000000001000a238                flush_session
 .text.rmw_publish
                0x000000001000a244       0xd8 /home/kirill/Projects/Pico/test/pico2/libmicroros/libmicroros.a(librmw_microxrcedds-rmw_publish.c.obj)
                0x000000001000a244                rmw_publish
 .text.rmw_create_publisher
                0x000000001000a31c      0x20c /home/kirill/Projects/Pico/test/pico2/libmicroros/libmicroros.a(librmw_microxrcedds-rmw_publisher.c.obj)
                0x000000001000a31c                rmw_create_publisher
 .text.rmw_publisher_get_actual_qos
                0x000000001000a528       0x20 /home/kirill/Projects/Pico/test/pico2/libmicroros/libmicroros.a(librmw_microxrcedds-rmw_publisher.c.obj)
                0x000000001000a528                rmw_publisher_get_actual_qos
 .text.rmw_destroy_publisher
                0x000000001000a548       0xf4 /home/kirill/Projects/Pico/test/pico2/libmicroros/libmicroros.a(librmw_microxrcedds-rmw_publisher.c.obj)
                0x000000001000a548                rmw_destroy_publisher
 .text.rmw_uxrce_transport_init
                0x000000001000a63c       0x2c /home/kirill/Projects/Pico/test/pico2/libmicroros/libmicroros.a(librmw_microxrcedds-rmw_uxrce_transports.c.obj)
                0x000000001000a63c                rmw_uxrce_transport_init
 .text.rmw_uxrce_init_service_memory
                0x000000001000a668       0x48 /home/kirill/Projects/Pico/test/pico2/libmicroros/libmicroros.a(librmw_microxrcedds-types.c.obj)
                0x000000001000a668                rmw_uxrce_init_service_memory
 .text.rmw_uxrce_init_client_memory
                0x000000001000a6b0       0x48 /home/kirill/Projects/Pico/test/pico2/libmicroros/libmicroros.a(librmw_microxrcedds-types.c.obj)
                0x000000001000a6b0                rmw_uxrce_init_client_memory
 .text.rmw_uxrce_init_publisher_memory
                0x000000001000a6f8       0x48 /home/kirill/Projects/Pico/test/pico2/libmicroros/libmicroros.a(librmw_microxrcedds-types.c.obj)
                0x000000001000a6f8                rmw_uxrce_init_publisher_memory
 .text.rmw_uxrce_init_subscription_memory
                0x000000001000a740       0x48 /home/kirill/Projects/Pico/test/pico2/libmicroros/libmicroros.a(librmw_microxrcedds-types.c.obj)
                0x000000001000a740                rmw_uxrce_init_subscription_memory
 .text.rmw_uxrce_init_node_memory
                0x000000001000a788       0x48 /home/kirill/Projects/Pico/test/pico2/libmicroros/libmicroros.a(librmw_microxrcedds-types.c.obj)
                0x000000001000a788                rmw_uxrce_init_node_memory
 .text.rmw_uxrce_init_session_memory
                0x000000001000a7d0       0x50 /home/kirill/Projects/Pico/test/pico2/libmicroros/libmicroros.a(librmw_microxrcedds-types.c.obj)
                0x000000001000a7d0                rmw_uxrce_init_session_memory
 .text.rmw_uxrce_init_topic_memory
                0x000000001000a820       0x48 /home/kirill/Projects/Pico/test/pico2/libmicroros/libmicroros.a(librmw_microxrcedds-types.c.obj)
                0x000000001000a820                rmw_uxrce_init_topic_memory
 .text.rmw_uxrce_init_static_input_buffer_memory
                0x000000001000a868       0x50 /home/kirill/Projects/Pico/test/pico2/libmicroros/libmicroros.a(librmw_microxrcedds-types.c.obj)
                0x000000001000a868                rmw_uxrce_init_static_input_buffer_memory
 .text.rmw_uxrce_init_init_options_impl_memory
                0x000000001000a8b8       0x48 /home/kirill/Projects/Pico/test/pico2/libmicroros/libmicroros.a(librmw_microxrcedds-types.c.obj)
                0x000000001000a8b8                rmw_uxrce_init_init_options_impl_memory
 .text.rmw_uxrce_init_wait_set_memory
                0x000000001000a900       0x48 /home/kirill/Projects/Pico/test/pico2/libmicroros/libmicroros.a(librmw_microxrcedds-types.c.obj)
                0x000000001000a900                rmw_uxrce_init_wait_set_memory
 .text.rmw_uxrce_init_guard_condition_memory
                0x000000001000a948       0x48 /home/kirill/Projects/Pico/test/pico2/libmicroros/libmicroros.a(librmw_microxrcedds-types.c.obj)
                0x000000001000a948                rmw_uxrce_init_guard_condition_memory
 .text.rmw_uxrce_fini_session_memory
                0x000000001000a990       0x10 /home/kirill/Projects/Pico/test/pico2/libmicroros/libmicroros.a(librmw_microxrcedds-types.c.obj)
                0x000000001000a990                rmw_uxrce_fini_session_memory
 .text.rmw_uxrce_fini_node_memory
                0x000000001000a9a0       0x34 /home/kirill/Projects/Pico/test/pico2/libmicroros/libmicroros.a(librmw_microxrcedds-types.c.obj)