Archive member included to satisfy reference by file (symbol)

D:/Program/Pico/pico_eurobot_2024/pico2/libmicroros\libmicroros.a(libgeometry_msgs__rosidl_typesupport_c-vector3__type_support.cpp.obj)
                              CMakeFiles/pico2.dir/pico2.cpp.obj (rosidl_typesupport_c__get_message_type_support_handle__geometry_msgs__msg__Vector3)
D:/Program/Pico/pico_eurobot_2024/pico2/libmicroros\libmicroros.a(libgeometry_msgs__rosidl_typesupport_introspection_c-vector3__type_support.c.obj)
                              D:/Program/Pico/pico_eurobot_2024/pico2/libmicroros\libmicroros.a(libgeometry_msgs__rosidl_typesupport_c-vector3__type_support.cpp.obj) (rosidl_typesupport_introspection_c__get_message_type_support_handle__geometry_msgs__msg__Vector3)
D:/Program/Pico/pico_eurobot_2024/pico2/libmicroros\libmicroros.a(libgeometry_msgs__rosidl_typesupport_microxrcedds_c-vector3__type_support_c.c.obj)
                              D:/Program/Pico/pico_eurobot_2024/pico2/libmicroros\libmicroros.a(libgeometry_msgs__rosidl_typesupport_c-vector3__type_support.cpp.obj) (rosidl_typesupport_microxrcedds_c__get_message_type_support_handle__geometry_msgs__msg__Vector3)
D:/Program/Pico/pico_eurobot_2024/pico2/libmicroros\libmicroros.a(libmicrocdr-basic.c.obj)
                              D:/Program/Pico/pico_eurobot_2024/pico2/libmicroros\libmicroros.a(libgeometry_msgs__rosidl_typesupport_microxrcedds_c-vector3__type_support_c.c.obj) (ucdr_serialize_double)
D:/Program/Pico/pico_eurobot_2024/pico2/libmicroros\libmicroros.a(libmicrocdr-common.c.obj)
                              D:/Program/Pico/pico_eurobot_2024/pico2/libmicroros\libmicroros.a(libmicrocdr-basic.c.obj) (ucdr_check_buffer_available_for)
D:/Program/Pico/pico_eurobot_2024/pico2/libmicroros\libmicroros.a(librcl-publisher.c.obj)
                              CMakeFiles/pico2.dir/pico2.cpp.obj (rcl_publish)
D:/Program/Pico/pico_eurobot_2024/pico2/libmicroros\libmicroros.a(librclc-executor.c.obj)
                              CMakeFiles/pico2.dir/pico2.cpp.obj (rclc_executor_init)
D:/Program/Pico/pico_eurobot_2024/pico2/libmicroros\libmicroros.a(librclc-executor_handle.c.obj)
                              D:/Program/Pico/pico_eurobot_2024/pico2/libmicroros\libmicroros.a(librclc-executor.c.obj) (rclc_executor_handle_counters_zero_init)
D:/Program/Pico/pico_eurobot_2024/pico2/libmicroros\libmicroros.a(librclc-init.c.obj)
                              CMakeFiles/pico2.dir/pico2.cpp.obj (rclc_support_init)
D:/Program/Pico/pico_eurobot_2024/pico2/libmicroros\libmicroros.a(librclc-node.c.obj)
                              CMakeFiles/pico2.dir/pico2.cpp.obj (rclc_node_init_default)
D:/Program/Pico/pico_eurobot_2024/pico2/libmicroros\libmicroros.a(librclc-publisher.c.obj)
                              CMakeFiles/pico2.dir/pico2.cpp.obj (rclc_publisher_init_default)
D:/Program/Pico/pico_eurobot_2024/pico2/libmicroros\libmicroros.a(librclc-sleep.c.obj)
                              D:/Program/Pico/pico_eurobot_2024/pico2/libmicroros\libmicroros.a(librclc-executor.c.obj) (rclc_sleep_ms)
D:/Program/Pico/pico_eurobot_2024/pico2/libmicroros\libmicroros.a(librclc-subscription.c.obj)
                              CMakeFiles/pico2.dir/pico2.cpp.obj (rclc_subscription_init_default)
D:/Program/Pico/pico_eurobot_2024/pico2/libmicroros\libmicroros.a(librclc-timer.c.obj)
                              CMakeFiles/pico2.dir/pico2.cpp.obj (rclc_timer_init_default)
D:/Program/Pico/pico_eurobot_2024/pico2/libmicroros\libmicroros.a(librcutils-allocator.c.obj)
                              CMakeFiles/pico2.dir/pico2.cpp.obj (rcutils_get_default_allocator)
D:/Program/Pico/pico_eurobot_2024/pico2/libmicroros\libmicroros.a(librcutils-error_handling.c.obj)
                              D:/Program/Pico/pico_eurobot_2024/pico2/libmicroros\libmicroros.a(librclc-executor.c.obj) (rcutils_reset_error)
D:/Program/Pico/pico_eurobot_2024/pico2/libmicroros\libmicroros.a(librcutils-time_unix.c.obj)
                              D:/Program/Pico/pico_eurobot_2024/pico2/libmicroros\libmicroros.a(librclc-executor.c.obj) (rcutils_system_time_now)
D:/Program/Pico/pico_eurobot_2024/pico2/libmicroros\libmicroros.a(librmw-publisher_options.c.obj)
                              D:/Program/Pico/pico_eurobot_2024/pico2/libmicroros\libmicroros.a(librcl-publisher.c.obj) (rmw_get_default_publisher_options)
D:/Program/Pico/pico_eurobot_2024/pico2/libmicroros\libmicroros.a(librmw_microxrcedds-custom_transport.c.obj)
                              CMakeFiles/pico2.dir/pico2.cpp.obj (rmw_uros_set_custom_transport)
D:/Program/Pico/pico_eurobot_2024/pico2/libmicroros\libmicroros.a(librmw_microxrcedds-ping.c.obj)
                              CMakeFiles/pico2.dir/pico2.cpp.obj (rmw_uros_ping_agent)
D:/Program/Pico/pico_eurobot_2024/pico2/libmicroros\libmicroros.a(librmw_microxrcedds-rmw_publish.c.obj)
[...]
Memory Configuration

Name             Origin             Length             Attributes
FLASH            0x10000000         0x00200000         xr
RAM              0x20000000         0x00040000         xrw
SCRATCH_X        0x20040000         0x00001000         xrw
SCRATCH_Y        0x20041000         0x00001000         xrw
*default*        0x00000000         0xffffffff

Linker script and memory map

LOAD c:/progra~1/raspbe~1/picosd~1.1/gcc-ar~1/bin/../lib/gcc/arm-none-eabi/10.3.1/thumb/v6-m/nofp/crti.o
LOAD c:/progra~1/raspbe~1/picosd~1.1/gcc-ar~1/bin/../lib/gcc/arm-none-eabi/10.3.1/thumb/v6-m/nofp/crtbegin.o
LOAD c:/progra~1/raspbe~1/picosd~1.1/gcc-ar~1/bin/../lib/gcc/arm-none-eabi/10.3.1/../../../../arm-none-eabi/lib/thumb/v6-m/nofp/crt0.o

.flash_begin    0x10000000        0x0
                0x10000000                __flash_binary_start = .

.boot2          0x10000000      0x100
                0x10000000                __boot2_start__ = .
 *(.boot2)
 .boot2         0x10000000      0x100 C:\Users\karav\AppData\Local\Temp\cc4byEng.o
                0x10000100                __boot2_end__ = .
                0x00000001                ASSERT (((__boot2_end__ - __boot2_start__) == 0x100), ERROR: Pico second stage bootloader must be 256 bytes in size)

.text           0x10000100    0x170a8
                0x10000100                __logical_binary_start = .
 *(.vectors)
 .vectors       0x10000100       0xd4 CMakeFiles/pico2.dir/C_/Program_Files/Raspberry_Pi/Pico_SDK_v1.5.1/pico-sdk/src/rp2_common/pico_standard_link/crt0.S.obj
                0x10000100                __VECTOR_TABLE
                0x10000100                __vectors
                0x100001c0                isr_invalid
                0x100001c0                __default_isrs_start
                0x100001c2                isr_nmi
                0x100001c4                isr_hardfault
                0x100001c6                isr_svcall
                0x100001c8                isr_pendsv
                0x100001ca                isr_systick
                0x100001cc                isr_irq23
                0x100001cc                isr_irq18
                0x100001cc                isr_irq11
                0x100001cc                isr_irq28
                0x100001cc                isr_irq19
                0x100001cc                isr_irq0
                0x100001cc                isr_irq6
                0x100001cc                isr_irq5
                0x100001cc                isr_irq12
                0x100001cc                isr_irq22
                0x100001cc                isr_irq31
                0x100001cc                isr_irq17
                0x100001cc                isr_irq27
                0x100001cc                isr_irq30
                0x100001cc                isr_irq2
                0x100001cc                isr_irq10
                0x100001cc                isr_irq8
                0x100001cc                isr_irq24
                0x100001cc                isr_irq1
                0x100001cc                isr_irq7
                0x100001cc                isr_irq21
                0x100001cc                isr_irq20
                0x100001cc                isr_irq15
                0x100001cc                isr_irq25
                0x100001cc                isr_irq13
                0x100001cc                __unhandled_user_irq
                0x100001cc                isr_irq4
                0x100001cc                isr_irq16
                0x100001cc                isr_irq29
                0x100001cc                isr_irq26
                0x100001cc                __default_isrs_end
                0x100001cc                isr_irq3
                0x100001cc                isr_irq14
                0x100001cc                isr_irq9
                0x100001d2                unhandled_user_irq_num_in_r0
 *(.binary_info_header)
 .binary_info_header
                0x100001d4       0x14 CMakeFiles/pico2.dir/C_/Program_Files/Raspberry_Pi/Pico_SDK_v1.5.1/pico-sdk/src/rp2_common/pico_standard_link/crt0.S.obj
                0x100001e8                __binary_info_header_end = .
 *(.reset)
 .reset         0x100001e8       0xa0 CMakeFiles/pico2.dir/C_/Program_Files/Raspberry_Pi/Pico_SDK_v1.5.1/pico-sdk/src/rp2_common/pico_standard_link/crt0.S.obj
                0x100001e8                _entry_point
 .reset         0x10000288       0x30 CMakeFiles/pico2.dir/C_/Program_Files/Raspberry_Pi/Pico_SDK_v1.5.1/pico-sdk/src/rp2_common/pico_standard_link/binary_info.c.obj
 *(.init)
 .init          0x100002b8        0x4 c:/progra~1/raspbe~1/picosd~1.1/gcc-ar~1/bin/../lib/gcc/arm-none-eabi/10.3.1/thumb/v6-m/nofp/crti.o
                0x100002b8                _init
 *(EXCLUDE_FILE(*libm.a: *libc.a:*lib_a-mem*.o *libgcc.a:) .text*)
 .text          0x100002bc       0x48 c:/progra~1/raspbe~1/picosd~1.1/gcc-ar~1/bin/../lib/gcc/arm-none-eabi/10.3.1/thumb/v6-m/nofp/crtbegin.o
 .text._Z27pico_serial_transport_closeP18uxrCustomTransport
                0x10000304        0x4 CMakeFiles/pico2.dir/pico2.cpp.obj
                0x10000304                pico_serial_transport_close(uxrCustomTransport*)
 .text._Z26pico_serial_transport_openP18uxrCustomTransport
                0x10000308        0xa CMakeFiles/pico2.dir/pico2.cpp.obj
                0x10000308                pico_serial_transport_open(uxrCustomTransport*)
 .text._Z27pico_serial_transport_writeP18uxrCustomTransportPKhjPh
                0x10000312       0x2e CMakeFiles/pico2.dir/pico2.cpp.obj
                0x10000312                pico_serial_transport_write(uxrCustomTransport*, unsigned char const*, unsigned int, unsigned char*)
 .text._Z26pico_serial_transport_readP18uxrCustomTransportPhjiS1_
                0x10000340       0x82 CMakeFiles/pico2.dir/pico2.cpp.obj
                0x10000340                pico_serial_transport_read(uxrCustomTransport*, unsigned char*, unsigned int, int, unsigned char*)
 *fill*         0x100003c2        0x2 
 .text._Z14timer_callbackP11rcl_timer_sx
                0x100003c4       0x20 CMakeFiles/pico2.dir/pico2.cpp.obj
                0x100003c4                timer_callback(rcl_timer_s*, long long)
 .text._Z5blinkv
                0x100003e4       0x2c CMakeFiles/pico2.dir/pico2.cpp.obj
                0x100003e4                blink()
 .text._Z27display_subscriber_callbackPKv
                0x10000410       0x18 CMakeFiles/pico2.dir/pico2.cpp.obj
                0x10000410                display_subscriber_callback(void const*)
 .text._Z27stepper_subscriber_callbackPKv
                0x10000428       0x3c CMakeFiles/pico2.dir/pico2.cpp.obj
                0x10000428                stepper_subscriber_callback(void const*)
 .text.main     0x10000464      0x144 CMakeFiles/pico2.dir/pico2.cpp.obj
                0x10000464                main
 .text.gpio_set_function
                0x100005a8       0x30 CMakeFiles/pico2.dir/C_/Program_Files/Raspberry_Pi/Pico_SDK_v1.5.1/pico-sdk/src/rp2_common/hardware_gpio/gpio.c.obj
                0x100005a8                gpio_set_function
 .text.gpio_set_pulls
                0x100005d8       0x34 CMakeFiles/pico2.dir/C_/Program_Files/Raspberry_Pi/Pico_SDK_v1.5.1/pico-sdk/src/rp2_common/hardware_gpio/gpio.c.obj
                0x100005d8                gpio_set_pulls
 .text.gpio_init
                0x1000060c       0x16 CMakeFiles/pico2.dir/C_/Program_Files/Raspberry_Pi/Pico_SDK_v1.5.1/pico-sdk/src/rp2_common/hardware_gpio/gpio.c.obj
                0x1000060c                gpio_init
 *fill*         0x10000622        0x2 
 .text.running_on_fpga
                0x10000624       0x14 CMakeFiles/pico2.dir/C_/Program_Files/Raspberry_Pi/Pico_SDK_v1.5.1/pico-sdk/src/rp2_common/pico_platform/platform.c.obj
                0x10000624                running_on_fpga
 .text.hw_claim_lock
                0x10000638       0x18 CMakeFiles/pico2.dir/C_/Program_Files/Raspberry_Pi/Pico_SDK_v1.5.1/pico-sdk/src/rp2_common/hardware_claim/claim.c.obj
                0x10000638                hw_claim_lock
 .text.hw_claim_unlock
                0x10000650       0x14 CMakeFiles/pico2.dir/C_/Program_Files/Raspberry_Pi/Pico_SDK_v1.5.1/pico-sdk/src/rp2_common/hardware_claim/claim.c.obj
                0x10000650                hw_claim_unlock
 .text.hw_claim_or_assert
                0x10000664       0x32 CMakeFiles/pico2.dir/C_/Program_Files/Raspberry_Pi/Pico_SDK_v1.5.1/pico-sdk/src/rp2_common/hardware_claim/claim.c.obj
                0x10000664                hw_claim_or_assert
 .text.hw_claim_unused_from_range
                0x10000696       0x50 CMakeFiles/pico2.dir/C_/Program_Files/Raspberry_Pi/Pico_SDK_v1.5.1/pico-sdk/src/rp2_common/hardware_claim/claim.c.obj
                0x10000696                hw_claim_unused_from_range
 *fill*         0x100006e6        0x2 
 .text.spin_locks_reset
                0x100006e8       0x20 CMakeFiles/pico2.dir/C_/Program_Files/Raspberry_Pi/Pico_SDK_v1.5.1/pico-sdk/src/rp2_common/hardware_sync/sync.c.obj
                0x100006e8                spin_locks_reset
 .text.next_striped_spin_lock_num
                0x10000708       0x1c CMakeFiles/pico2.dir/C_/Program_Files/Raspberry_Pi/Pico_SDK_v1.5.1/pico-sdk/src/rp2_common/hardware_sync/sync.c.obj
                0x10000708                next_striped_spin_lock_num
 .text.spin_lock_claim_unused
                0x10000724       0x20 CMakeFiles/pico2.dir/C_/Program_Files/Raspberry_Pi/Pico_SDK_v1.5.1/pico-sdk/src/rp2_common/hardware_sync/sync.c.obj
                0x10000724                spin_lock_claim_unused
 .text.set_raw_irq_handler_and_unlock
                0x10000744       0x28 CMakeFiles/pico2.dir/C_/Program_Files/Raspberry_Pi/Pico_SDK_v1.5.1/pico-sdk/src/rp2_common/hardware_irq/irq.c.obj
 .text.make_branch
                0x1000076c       0x48 CMakeFiles/pico2.dir/C_/Program_Files/Raspberry_Pi/Pico_SDK_v1.5.1/pico-sdk/src/rp2_common/hardware_irq/irq.c.obj
 .text.insert_branch_and_link
                0x100007b4       0x40 CMakeFiles/pico2.dir/C_/Program_Files/Raspberry_Pi/Pico_SDK_v1.5.1/pico-sdk/src/rp2_common/hardware_irq/irq.c.obj
 .text.irq_is_enabled
                0x100007f4       0x18 CMakeFiles/pico2.dir/C_/Program_Files/Raspberry_Pi/Pico_SDK_v1.5.1/pico-sdk/src/rp2_common/hardware_irq/irq.c.obj
                0x100007f4                irq_is_enabled
 .text.irq_set_mask_enabled
                0x1000080c       0x20 CMakeFiles/pico2.dir/C_/Program_Files/Raspberry_Pi/Pico_SDK_v1.5.1/pico-sdk/src/rp2_common/hardware_irq/irq.c.obj
                0x1000080c                irq_set_mask_enabled
 .text.irq_set_enabled
                0x1000082c        0xe CMakeFiles/pico2.dir/C_/Program_Files/Raspberry_Pi/Pico_SDK_v1.5.1/pico-sdk/src/rp2_common/hardware_irq/irq.c.obj
                0x1000082c                irq_set_enabled
 *fill*         0x1000083a        0x2 
 .text.irq_set_pending
                0x1000083c       0x10 CMakeFiles/pico2.dir/C_/Program_Files/Raspberry_Pi/Pico_SDK_v1.5.1/pico-sdk/src/rp2_common/hardware_irq/irq.c.obj
                0x1000083c                irq_set_pending
 .text.irq_get_vtable_handler
                0x1000084c       0x10 CMakeFiles/pico2.dir/C_/Program_Files/Raspberry_Pi/Pico_SDK_v1.5.1/pico-sdk/src/rp2_common/hardware_irq/irq.c.obj
                0x1000084c                irq_get_vtable_handler
 .text.irq_has_shared_handler
                0x1000085c       0x24 CMakeFiles/pico2.dir/C_/Program_Files/Raspberry_Pi/Pico_SDK_v1.5.1/pico-sdk/src/rp2_common/hardware_irq/irq.c.obj
                0x1000085c                irq_has_shared_handler
 .text.irq_set_exclusive_handler
                0x10000880       0x54 CMakeFiles/pico2.dir/C_/Program_Files/Raspberry_Pi/Pico_SDK_v1.5.1/pico-sdk/src/rp2_common/hardware_irq/irq.c.obj
                0x10000880                irq_set_exclusive_handler
 .text.irq_add_shared_handler
                0x100008d4      0x234 CMakeFiles/pico2.dir/C_/Program_Files/Raspberry_Pi/Pico_SDK_v1.5.1/pico-sdk/src/rp2_common/hardware_irq/irq.c.obj
                0x100008d4                irq_add_shared_handler
 .text.irq_remove_handler
                0x10000b08      0x1ac CMakeFiles/pico2.dir/C_/Program_Files/Raspberry_Pi/Pico_SDK_v1.5.1/pico-sdk/src/rp2_common/hardware_irq/irq.c.obj
                0x10000b08                irq_remove_handler
 .text.irq_add_tail_to_free_list
                0x10000cb4       0xf0 CMakeFiles/pico2.dir/C_/Program_Files/Raspberry_Pi/Pico_SDK_v1.5.1/pico-sdk/src/rp2_common/hardware_irq/irq.c.obj
                0x10000cb4                irq_add_tail_to_free_list
 .text.irq_init_priorities
                0x10000da4       0x1c CMakeFiles/pico2.dir/C_/Program_Files/Raspberry_Pi/Pico_SDK_v1.5.1/pico-sdk/src/rp2_common/hardware_irq/irq.c.obj
                0x10000da4                irq_init_priorities
 .text.user_irq_claim_unused
                0x10000dc0       0x28 CMakeFiles/pico2.dir/C_/Program_Files/Raspberry_Pi/Pico_SDK_v1.5.1/pico-sdk/src/rp2_common/hardware_irq/irq.c.obj
                0x10000dc0                user_irq_claim_unused
 .text.lock_init
                0x10000de8       0x10 CMakeFiles/pico2.dir/C_/Program_Files/Raspberry_Pi/Pico_SDK_v1.5.1/pico-sdk/src/common/pico_sync/lock_core.c.obj
                0x10000de8                lock_init
 .text.mutex_init
                0x10000df8       0x1a CMakeFiles/pico2.dir/C_/Program_Files/Raspberry_Pi/Pico_SDK_v1.5.1/pico-sdk/src/common/pico_sync/mutex.c.obj
                0x10000df8                mutex_init
 .text.recursive_mutex_init
                0x10000e12       0x1e CMakeFiles/pico2.dir/C_/Program_Files/Raspberry_Pi/Pico_SDK_v1.5.1/pico-sdk/src/common/pico_sync/mutex.c.obj
                0x10000e12                recursive_mutex_init
 .text.critical_section_init_with_lock_num
                0x10000e30       0x14 CMakeFiles/pico2.dir/C_/Program_Files/Raspberry_Pi/Pico_SDK_v1.5.1/pico-sdk/src/common/pico_sync/critical_section.c.obj
                0x10000e30                critical_section_init_with_lock_num
 .text.critical_section_init
                0x10000e44       0x14 CMakeFiles/pico2.dir/C_/Program_Files/Raspberry_Pi/Pico_SDK_v1.5.1/pico-sdk/src/common/pico_sync/critical_section.c.obj
                0x10000e44                critical_section_init
 .text.alarm_pool_post_alloc_init
                0x10000e58       0x40 CMakeFiles/pico2.dir/C_/Program_Files/Raspberry_Pi/Pico_SDK_v1.5.1/pico-sdk/src/common/pico_time/time.c.obj
 .text.sleep_until_callback
                0x10000e98       0x30 CMakeFiles/pico2.dir/C_/Program_Files/Raspberry_Pi/Pico_SDK_v1.5.1/pico-sdk/src/common/pico_time/time.c.obj
 .text.timer_pool_entry_comparator
                0x10000ec8       0x7c CMakeFiles/pico2.dir/C_/Program_Files/Raspberry_Pi/Pico_SDK_v1.5.1/pico-sdk/src/common/pico_time/time.c.obj
                0x10000ec8                timer_pool_entry_comparator
 .text.ph_add_child_node
                0x10000f44       0xa4 CMakeFiles/pico2.dir/C_/Program_Files/Raspberry_Pi/Pico_SDK_v1.5.1/pico-sdk/src/common/pico_time/time.c.obj
 .text.ph_merge_nodes
                0x10000fe8       0x3e CMakeFiles/pico2.dir/C_/Program_Files/Raspberry_Pi/Pico_SDK_v1.5.1/pico-sdk/src/common/pico_time/time.c.obj
 *fill*         0x10001026        0x2 
 .text.add_alarm_under_lock
                0x10001028      0x174 CMakeFiles/pico2.dir/C_/Program_Files/Raspberry_Pi/Pico_SDK_v1.5.1/pico-sdk/src/common/pico_time/time.c.obj
 .text.alarm_pool_alarm_callback
                0x1000119c      0x33c CMakeFiles/pico2.dir/C_/Program_Files/Raspberry_Pi/Pico_SDK_v1.5.1/pico-sdk/src/common/pico_time/time.c.obj
 .text.alarm_pool_init_default
                0x100014d8       0x40 CMakeFiles/pico2.dir/C_/Program_Files/Raspberry_Pi/Pico_SDK_v1.5.1/pico-sdk/src/common/pico_time/time.c.obj
                0x100014d8                alarm_pool_init_default
 .text.alarm_pool_get_default
                0x10001518       0x2c CMakeFiles/pico2.dir/C_/Program_Files/Raspberry_Pi/Pico_SDK_v1.5.1/pico-sdk/src/common/pico_time/time.c.obj
                0x10001518                alarm_pool_get_default
 .text.alarm_pool_add_alarm_at
                0x10001544      0x168 CMakeFiles/pico2.dir/C_/Program_Files/Raspberry_Pi/Pico_SDK_v1.5.1/pico-sdk/src/common/pico_time/time.c.obj
                0x10001544                alarm_pool_add_alarm_at
 .text.alarm_pool_cancel_alarm
                0x100016ac       0xf8 CMakeFiles/pico2.dir/C_/Program_Files/Raspberry_Pi/Pico_SDK_v1.5.1/pico-sdk/src/common/pico_time/time.c.obj
                0x100016ac                alarm_pool_cancel_alarm
 .text.alarm_pool_core_num
                0x100017a4        0x4 CMakeFiles/pico2.dir/C_/Program_Files/Raspberry_Pi/Pico_SDK_v1.5.1/pico-sdk/src/common/pico_time/time.c.obj
                0x100017a4                alarm_pool_core_num
 .text.sleep_until
                0x100017a8       0xfc CMakeFiles/pico2.dir/C_/Program_Files/Raspberry_Pi/Pico_SDK_v1.5.1/pico-sdk/src/common/pico_time/time.c.obj
                0x100017a8                sleep_until
 .text.sleep_us
                0x100018a4       0x58 CMakeFiles/pico2.dir/C_/Program_Files/Raspberry_Pi/Pico_SDK_v1.5.1/pico-sdk/src/common/pico_time/time.c.obj
                0x100018a4                sleep_us
 .text.sleep_ms
                0x100018fc       0x14 CMakeFiles/pico2.dir/C_/Program_Files/Raspberry_Pi/Pico_SDK_v1.5.1/pico-sdk/src/common/pico_time/time.c.obj
                0x100018fc                sleep_ms
 .text.best_effort_wfe_or_timeout
                0x10001910       0xac CMakeFiles/pico2.dir/C_/Program_Files/Raspberry_Pi/Pico_SDK_v1.5.1/pico-sdk/src/common/pico_time/time.c.obj
                0x10001910                best_effort_wfe_or_timeout
 .text.hardware_alarm_irq_handler
                0x100019bc       0x90 CMakeFiles/pico2.dir/C_/Program_Files/Raspberry_Pi/Pico_SDK_v1.5.1/pico-sdk/src/rp2_common/hardware_timer/timer.c.obj
 .text.hardware_alarm_claim
                0x10001a4c       0x18 CMakeFiles/pico2.dir/C_/Program_Files/Raspberry_Pi/Pico_SDK_v1.5.1/pico-sdk/src/rp2_common/hardware_timer/timer.c.obj
                0x10001a4c                hardware_alarm_claim
 .text.time_us_64
                0x10001a64       0x18 CMakeFiles/pico2.dir/C_/Program_Files/Raspberry_Pi/Pico_SDK_v1.5.1/pico-sdk/src/rp2_common/hardware_timer/timer.c.obj
                0x10001a64                time_us_64
 .text.busy_wait_until
                0x10001a7c       0x28 CMakeFiles/pico2.dir/C_/Program_Files/Raspberry_Pi/Pico_SDK_v1.5.1/pico-sdk/src/rp2_common/hardware_timer/timer.c.obj
                0x10001a7c                busy_wait_until
 .text.busy_wait_us
                0x10001aa4       0x48 CMakeFiles/pico2.dir/C_/Program_Files/Raspberry_Pi/Pico_SDK_v1.5.1/pico-sdk/src/rp2_common/hardware_timer/timer.c.obj
                0x10001aa4                busy_wait_us
 .text.hardware_alarm_set_callback
                0x10001aec       0x90 CMakeFiles/pico2.dir/C_/Program_Files/Raspberry_Pi/Pico_SDK_v1.5.1/pico-sdk/src/rp2_common/hardware_timer/timer.c.obj
                0x10001aec                hardware_alarm_set_callback
 .text.hardware_alarm_set_target
                0x10001b7c       0xe8 CMakeFiles/pico2.dir/C_/Program_Files/Raspberry_Pi/Pico_SDK_v1.5.1/pico-sdk/src/rp2_common/hardware_timer/timer.c.obj
                0x10001b7c                hardware_alarm_set_target
 .text.hardware_alarm_cancel
                0x10001c64       0x40 CMakeFiles/pico2.dir/C_/Program_Files/Raspberry_Pi/Pico_SDK_v1.5.1/pico-sdk/src/rp2_common/hardware_timer/timer.c.obj
                0x10001c64                hardware_alarm_cancel
 .text.ph_add_child_node
                0x10001ca4       0xa4 CMakeFiles/pico2.dir/C_/Program_Files/Raspberry_Pi/Pico_SDK_v1.5.1/pico-sdk/src/common/pico_util/pheap.c.obj
 .text.ph_merge_nodes
                0x10001d48       0x3e CMakeFiles/pico2.dir/C_/Program_Files/Raspberry_Pi/Pico_SDK_v1.5.1/pico-sdk/src/common/pico_util/pheap.c.obj
 *fill*         0x10001d86        0x2 
 .text.ph_clear
                0x10001d88       0x70 CMakeFiles/pico2.dir/C_/Program_Files/Raspberry_Pi/Pico_SDK_v1.5.1/pico-sdk/src/common/pico_util/pheap.c.obj
                0x10001d88                ph_clear
 .text.ph_post_alloc_init
                0x10001df8        0xe CMakeFiles/pico2.dir/C_/Program_Files/Raspberry_Pi/Pico_SDK_v1.5.1/pico-sdk/src/common/pico_util/pheap.c.obj
                0x10001df8                ph_post_alloc_init
 *fill*         0x10001e06        0x2 
 .text.ph_merge_two_pass
                0x10001e08       0xa8 CMakeFiles/pico2.dir/C_/Program_Files/Raspberry_Pi/Pico_SDK_v1.5.1/pico-sdk/src/common/pico_util/pheap.c.obj
                0x10001e08                ph_merge_two_pass
 .text.ph_remove_any_head
                0x10001eb0      0x128 CMakeFiles/pico2.dir/C_/Program_Files/Raspberry_Pi/Pico_SDK_v1.5.1/pico-sdk/src/common/pico_util/pheap.c.obj
 .text.ph_remove_head
                0x10001fd8       0x14 CMakeFiles/pico2.dir/C_/Program_Files/Raspberry_Pi/Pico_SDK_v1.5.1/pico-sdk/src/common/pico_util/pheap.c.obj
                0x10001fd8                ph_remove_head
 .text.ph_remove_and_free_node
                0x10001fec       0xf8 CMakeFiles/pico2.dir/C_/Program_Files/Raspberry_Pi/Pico_SDK_v1.5.1/pico-sdk/src/common/pico_util/pheap.c.obj
                0x10001fec                ph_remove_and_free_node
 .text.clock_configure
                0x100020e4      0x108 CMakeFiles/pico2.dir/C_/Program_Files/Raspberry_Pi/Pico_SDK_v1.5.1/pico-sdk/src/rp2_common/hardware_clocks/clocks.c.obj
                0x100020e4                clock_configure
 .text.clocks_init
                0x100021ec      0x100 CMakeFiles/pico2.dir/C_/Program_Files/Raspberry_Pi/Pico_SDK_v1.5.1/pico-sdk/src/rp2_common/hardware_clocks/clocks.c.obj
                0x100021ec                clocks_init
 .text.clock_get_hz
                0x100022ec        0xc CMakeFiles/pico2.dir/C_/Program_Files/Raspberry_Pi/Pico_SDK_v1.5.1/pico-sdk/src/rp2_common/hardware_clocks/clocks.c.obj
                0x100022ec                clock_get_hz
 .text.pll_init
                0x100022f8      0x120 CMakeFiles/pico2.dir/C_/Program_Files/Raspberry_Pi/Pico_SDK_v1.5.1/pico-sdk/src/rp2_common/hardware_pll/pll.c.obj
                0x100022f8                pll_init
 .text.watchdog_start_tick
                0x10002418       0x10 CMakeFiles/pico2.dir/C_/Program_Files/Raspberry_Pi/Pico_SDK_v1.5.1/pico-sdk/src/rp2_common/hardware_watchdog/watchdog.c.obj
                0x10002418                watchdog_start_tick
 .text.watchdog_update
                0x10002428       0x14 CMakeFiles/pico2.dir/C_/Program_Files/Raspberry_Pi/Pico_SDK_v1.5.1/pico-sdk/src/rp2_common/hardware_watchdog/watchdog.c.obj
                0x10002428                watchdog_update
 .text._watchdog_enable
                0x1000243c       0x78 CMakeFiles/pico2.dir/C_/Program_Files/Raspberry_Pi/Pico_SDK_v1.5.1/pico-sdk/src/rp2_common/hardware_watchdog/watchdog.c.obj
                0x1000243c                _watchdog_enable
 .text.watchdog_reboot
                0x100024b4       0x48 CMakeFiles/pico2.dir/C_/Program_Files/Raspberry_Pi/Pico_SDK_v1.5.1/pico-sdk/src/rp2_common/hardware_watchdog/watchdog.c.obj
                0x100024b4                watchdog_reboot
 .text.xosc_init
                0x100024fc       0x28 CMakeFiles/pico2.dir/C_/Program_Files/Raspberry_Pi/Pico_SDK_v1.5.1/pico-sdk/src/rp2_common/hardware_xosc/xosc.c.obj
                0x100024fc                xosc_init
 .text._exit    0x10002524        0x4 CMakeFiles/pico2.dir/C_/Program_Files/Raspberry_Pi/Pico_SDK_v1.5.1/pico-sdk/src/rp2_common/pico_runtime/runtime.c.obj
                0x10002524                _exit
 .text._sbrk    0x10002528       0x38 CMakeFiles/pico2.dir/C_/Program_Files/Raspberry_Pi/Pico_SDK_v1.5.1/pico-sdk/src/rp2_common/pico_runtime/runtime.c.obj
                0x10002528                _sbrk
 .text.exit     0x10002560        0x6 CMakeFiles/pico2.dir/C_/Program_Files/Raspberry_Pi/Pico_SDK_v1.5.1/pico-sdk/src/rp2_common/pico_runtime/runtime.c.obj
                0x10002560                exit
 *fill*         0x10002566        0x2 
 .text.__assert_func
                0x10002568       0x3c CMakeFiles/pico2.dir/C_/Program_Files/Raspberry_Pi/Pico_SDK_v1.5.1/pico-sdk/src/rp2_common/pico_runtime/runtime.c.obj
                0x10002568                __assert_func
 .text.runtime_init
                0x100025a4       0xf8 CMakeFiles/pico2.dir/C_/Program_Files/Raspberry_Pi/Pico_SDK_v1.5.1/pico-sdk/src/rp2_common/pico_runtime/runtime.c.obj
                0x100025a4                runtime_init
 .text.panic    0x1000269c       0x30 CMakeFiles/pico2.dir/C_/Program_Files/Raspberry_Pi/Pico_SDK_v1.5.1/pico-sdk/src/rp2_common/pico_runtime/runtime.c.obj
                0x1000269c                panic
 .text._out_buffer
                0x100026cc        0x8 CMakeFiles/pico2.dir/C_/Program_Files/Raspberry_Pi/Pico_SDK_v1.5.1/pico-sdk/src/rp2_common/pico_printf/printf.c.obj
 .text._out_null
                0x100026d4        0x2 CMakeFiles/pico2.dir/C_/Program_Files/Raspberry_Pi/Pico_SDK_v1.5.1/pico-sdk/src/rp2_common/pico_printf/printf.c.obj
 .text._out_fct
                0x100026d6        0xe CMakeFiles/pico2.dir/C_/Program_Files/Raspberry_Pi/Pico_SDK_v1.5.1/pico-sdk/src/rp2_common/pico_printf/printf.c.obj
 .text._atoi    0x100026e4       0x24 CMakeFiles/pico2.dir/C_/Program_Files/Raspberry_Pi/Pico_SDK_v1.5.1/pico-sdk/src/rp2_common/pico_printf/printf.c.obj
 .text._out_rev
                0x10002708       0xae CMakeFiles/pico2.dir/C_/Program_Files/Raspberry_Pi/Pico_SDK_v1.5.1/pico-sdk/src/rp2_common/pico_printf/printf.c.obj
 .text._ntoa_format
                0x100027b6      0x112 CMakeFiles/pico2.dir/C_/Program_Files/Raspberry_Pi/Pico_SDK_v1.5.1/pico-sdk/src/rp2_common/pico_printf/printf.c.obj
 .text._ntoa_long
                0x100028c8       0xbc CMakeFiles/pico2.dir/C_/Program_Files/Raspberry_Pi/Pico_SDK_v1.5.1/pico-sdk/src/rp2_common/pico_printf/printf.c.obj
 .text._ntoa_long_long
                0x10002984       0xe2 CMakeFiles/pico2.dir/C_/Program_Files/Raspberry_Pi/Pico_SDK_v1.5.1/pico-sdk/src/rp2_common/pico_printf/printf.c.obj
 *fill*         0x10002a66        0x2 
 .text._etoa    0x10002a68      0x414 CMakeFiles/pico2.dir/C_/Program_Files/Raspberry_Pi/Pico_SDK_v1.5.1/pico-sdk/src/rp2_common/pico_printf/printf.c.obj
 .text._ftoa    0x10002e7c      0x354 CMakeFiles/pico2.dir/C_/Program_Files/Raspberry_Pi/Pico_SDK_v1.5.1/pico-sdk/src/rp2_common/pico_printf/printf.c.obj
 .text._vsnprintf
                0x100031d0      0x624 CMakeFiles/pico2.dir/C_/Program_Files/Raspberry_Pi/Pico_SDK_v1.5.1/pico-sdk/src/rp2_common/pico_printf/printf.c.obj
 .text.__wrap_sprintf
                0x100037f4       0x28 CMakeFiles/pico2.dir/C_/Program_Files/Raspberry_Pi/Pico_SDK_v1.5.1/pico-sdk/src/rp2_common/pico_printf/printf.c.obj
                0x100037f4                __wrap_sprintf
 .text.__wrap_snprintf
                0x1000381c       0x28 CMakeFiles/pico2.dir/C_/Program_Files/Raspberry_Pi/Pico_SDK_v1.5.1/pico-sdk/src/rp2_common/pico_printf/printf.c.obj
                0x1000381c                __wrap_snprintf
 .text.__wrap_vsnprintf
                0x10003844       0x1c CMakeFiles/pico2.dir/C_/Program_Files/Raspberry_Pi/Pico_SDK_v1.5.1/pico-sdk/src/rp2_common/pico_printf/printf.c.obj
                0x10003844                __wrap_vsnprintf
 .text.vfctprintf
                0x10003860       0x20 CMakeFiles/pico2.dir/C_/Program_Files/Raspberry_Pi/Pico_SDK_v1.5.1/pico-sdk/src/rp2_common/pico_printf/printf.c.obj
                0x10003860                vfctprintf
 .text          0x10003880       0x10 CMakeFiles/pico2.dir/C_/Program_Files/Raspberry_Pi/Pico_SDK_v1.5.1/pico-sdk/src/rp2_common/pico_bit_ops/bit_ops_aeabi.S.obj
 .text.rom_func_lookup
                0x10003890       0x10 CMakeFiles/pico2.dir/C_/Program_Files/Raspberry_Pi/Pico_SDK_v1.5.1/pico-sdk/src/rp2_common/pico_bootrom/bootrom.c.obj
                0x10003890                rom_func_lookup
 .text.rom_data_lookup
                0x100038a0       0x10 CMakeFiles/pico2.dir/C_/Program_Files/Raspberry_Pi/Pico_SDK_v1.5.1/pico-sdk/src/rp2_common/pico_bootrom/bootrom.c.obj
                0x100038a0                rom_data_lookup
 .text.rom_funcs_lookup
                0x100038b0       0x36 CMakeFiles/pico2.dir/C_/Program_Files/Raspberry_Pi/Pico_SDK_v1.5.1/pico-sdk/src/rp2_common/pico_bootrom/bootrom.c.obj
                0x100038b0                rom_funcs_lookup
 *fill*         0x100038e6        0x2 
 .text.__wrap___aeabi_idiv
                0x100038e8       0x50 CMakeFiles/pico2.dir/C_/Program_Files/Raspberry_Pi/Pico_SDK_v1.5.1/pico-sdk/src/rp2_common/pico_divider/divider.S.obj
                0x100038e8                __wrap___aeabi_idivmod
                0x100038e8                divmod_s32s32
                0x100038e8                div_s32s32
                0x100038e8                __wrap___aeabi_idiv
                0x100038f0                divmod_s32s32_unsafe
                0x1000391c                divmod_s32s32_savestate
 .text.__wrap___aeabi_uidiv
                0x10003938       0x4c CMakeFiles/pico2.dir/C_/Program_Files/Raspberry_Pi/Pico_SDK_v1.5.1/pico-sdk/src/rp2_common/pico_divider/divider.S.obj
                0x10003938                __wrap___aeabi_uidiv
                0x10003938                __wrap___aeabi_uidivmod
                0x10003938                div_u32u32
                0x10003938                divmod_u32u32
                0x10003940                divmod_u32u32_unsafe
                0x10003968                divmod_u32u32_savestate
 .text.__wrap___aeabi_ldiv
                0x10003984      0x424 CMakeFiles/pico2.dir/C_/Program_Files/Raspberry_Pi/Pico_SDK_v1.5.1/pico-sdk/src/rp2_common/pico_divider/divider.S.obj
                0x10003984                div_s64s64
                0x10003984                divmod_s64s64
                0x10003984                __wrap___aeabi_ldivmod
                0x100039b4                divmod_u64u64
                0x100039b4                div_u64u64
                0x100039b4                __wrap___aeabi_uldivmod
                0x100039c4                divmod_u64u64_savestate
                0x100039e4                divmod_s64s64_unsafe
                0x10003a6c                divmod_u64u64_unsafe
 .text.__wrap___aeabi_darithmetic
                0x10003da8       0x80 CMakeFiles/pico2.dir/C_/Program_Files/Raspberry_Pi/Pico_SDK_v1.5.1/pico-sdk/src/rp2_common/pico_double/double_aeabi.S.obj
                0x10003da8                __wrap___aeabi_drsub
                0x10003dae                __wrap___aeabi_dsub
                0x10003dc0                __wrap___aeabi_dadd
                0x10003dd2                __wrap___aeabi_ddiv
                0x10003e0e                __wrap___aeabi_dmul
 .text.__wrap___aeabi_cdcmple
                0x10003e28       0x6c CMakeFiles/pico2.dir/C_/Program_Files/Raspberry_Pi/Pico_SDK_v1.5.1/pico-sdk/src/rp2_common/pico_double/double_aeabi.S.obj
                0x10003e28                __wrap___aeabi_cdrcmple
                0x10003e38                __wrap___aeabi_cdcmpeq
                0x10003e38                __wrap___aeabi_cdcmple
 .text.__wrap___aeabi_dcmplt
                0x10003e94        0xc CMakeFiles/pico2.dir/C_/Program_Files/Raspberry_Pi/Pico_SDK_v1.5.1/pico-sdk/src/rp2_common/pico_double/double_aeabi.S.obj
                0x10003e94                __wrap___aeabi_dcmplt
 .text.__wrap___aeabi_dcmple
                0x10003ea0       0x10 CMakeFiles/pico2.dir/C_/Program_Files/Raspberry_Pi/Pico_SDK_v1.5.1/pico-sdk/src/rp2_common/pico_double/double_aeabi.S.obj
                0x10003ea0                __wrap___aeabi_dcmple
 .text.__wrap___aeabi_dcmpge
                0x10003eb0       0x10 CMakeFiles/pico2.dir/C_/Program_Files/Raspberry_Pi/Pico_SDK_v1.5.1/pico-sdk/src/rp2_common/pico_double/double_aeabi.S.obj
                0x10003eb0                __wrap___aeabi_dcmpge
 .text.__wrap___aeabi_dcmpgt
                0x10003ec0        0xa CMakeFiles/pico2.dir/C_/Program_Files/Raspberry_Pi/Pico_SDK_v1.5.1/pico-sdk/src/rp2_common/pico_double/double_aeabi.S.obj
                0x10003ec0                __wrap___aeabi_dcmpgt
 .text.__wrap___aeabi_dcmpun
                0x10003eca       0x1c CMakeFiles/pico2.dir/C_/Program_Files/Raspberry_Pi/Pico_SDK_v1.5.1/pico-sdk/src/rp2_common/pico_double/double_aeabi.S.obj
                0x10003eca                __wrap___aeabi_dcmpun
 *fill*         0x10003ee6        0x2 
 .text.__wrap___aeabi_i2d
                0x10003ee8       0x38 CMakeFiles/pico2.dir/C_/Program_Files/Raspberry_Pi/Pico_SDK_v1.5.1/pico-sdk/src/rp2_common/pico_double/double_aeabi.S.obj
                0x10003ee8                __wrap___aeabi_ui2d
                0x10003ef0                __wrap___aeabi_i2d
 .text.__wrap___aeabi_d2iz
                0x10003f20       0x48 CMakeFiles/pico2.dir/C_/Program_Files/Raspberry_Pi/Pico_SDK_v1.5.1/pico-sdk/src/rp2_common/pico_double/double_aeabi.S.obj
                0x10003f20                double2int_z
                0x10003f20                __wrap___aeabi_d2iz
 .text.__wrap___aeabi_d2uiz
                0x10003f68       0x18 CMakeFiles/pico2.dir/C_/Program_Files/Raspberry_Pi/Pico_SDK_v1.5.1/pico-sdk/src/rp2_common/pico_double/double_aeabi.S.obj
                0x10003f68                __wrap___aeabi_d2uiz
                0x10003f68                double2uint
 .text.__aeabi_double_init
                0x10003f80       0xc8 CMakeFiles/pico2.dir/C_/Program_Files/Raspberry_Pi/Pico_SDK_v1.5.1/pico-sdk/src/rp2_common/pico_double/double_init_rom.c.obj
                0x10003f80                __aeabi_double_init
 .text.double_table_shim_on_use_helper
                0x10004048       0x34 CMakeFiles/pico2.dir/C_/Program_Files/Raspberry_Pi/Pico_SDK_v1.5.1/pico-sdk/src/rp2_common/pico_double/double_v1_rom_shim.S.obj
                0x10004048                double_table_shim_on_use_helper
 .text.__wrap___aeabi_dsub
                0x1000407c       0x10 CMakeFiles/pico2.dir/C_/Program_Files/Raspberry_Pi/Pico_SDK_v1.5.1/pico-sdk/src/rp2_common/pico_double/double_v1_rom_shim.S.obj
                0x1000407c                drsub_shim
                0x10004082                dsub_shim
 .text.dadd_shim
                0x1000408c      0x15c CMakeFiles/pico2.dir/C_/Program_Files/Raspberry_Pi/Pico_SDK_v1.5.1/pico-sdk/src/rp2_common/pico_double/double_v1_rom_shim.S.obj
                0x1000408c                dadd_shim
 .text.dmul_shim
                0x100041e8      0x15c CMakeFiles/pico2.dir/C_/Program_Files/Raspberry_Pi/Pico_SDK_v1.5.1/pico-sdk/src/rp2_common/pico_double/double_v1_rom_shim.S.obj
                0x100041e8                dmul_shim
 .text.ddiv_shim
                0x10004344      0x1b0 CMakeFiles/pico2.dir/C_/Program_Files/Raspberry_Pi/Pico_SDK_v1.5.1/pico-sdk/src/rp2_common/pico_double/double_v1_rom_shim.S.obj
                0x10004344                ddiv_shim
 .text.double2uint_shim
                0x100044f4        0xe CMakeFiles/pico2.dir/C_/Program_Files/Raspberry_Pi/Pico_SDK_v1.5.1/pico-sdk/src/rp2_common/pico_double/double_v1_rom_shim.S.obj
                0x100044f4                double2uint_shim
                0x100044f6                double2ufix_shim
 *fill*         0x10004502        0x2 
 .text.double2uint64_shim
                0x10004504       0x70 CMakeFiles/pico2.dir/C_/Program_Files/Raspberry_Pi/Pico_SDK_v1.5.1/pico-sdk/src/rp2_common/pico_double/double_v1_rom_shim.S.obj
                0x10004504                double2uint64_shim
                0x10004506                double2ufix64_shim
                0x10004526                d2fix_a
 .text.dunpacks
                0x10004574       0x3c CMakeFiles/pico2.dir/C_/Program_Files/Raspberry_Pi/Pico_SDK_v1.5.1/pico-sdk/src/rp2_common/pico_double/double_v1_rom_shim.S.obj
                0x10004574                dunpacks
 .text.__aeabi_lmul
                0x100045b0       0x32 CMakeFiles/pico2.dir/C_/Program_Files/Raspberry_Pi/Pico_SDK_v1.5.1/pico-sdk/src/rp2_common/pico_int64_ops/pico_int64_ops_aeabi.S.obj
                0x100045b0                __wrap___aeabi_lmul
 *fill*         0x100045e2        0x2 
 .text.__wrap___aeabi_farithmetic
                0x100045e4       0x58 CMakeFiles/pico2.dir/C_/Program_Files/Raspberry_Pi/Pico_SDK_v1.5.1/pico-sdk/src/rp2_common/pico_float/float_aeabi.S.obj
                0x100045e4                __wrap___aeabi_frsub
                0x100045ea                __wrap___aeabi_fsub
                0x100045f4                __wrap___aeabi_fadd
                0x100045fe                __wrap___aeabi_fdiv
                0x1000462a                __wrap___aeabi_fmul
 .text.__wrap___aeabi_ui2f
                0x1000463c        0xa CMakeFiles/pico2.dir/C_/Program_Files/Raspberry_Pi/Pico_SDK_v1.5.1/pico-sdk/src/rp2_common/pico_float/float_aeabi.S.obj
                0x1000463c                __wrap___aeabi_ui2f
 *fill*         0x10004646        0x2 
 .text.__wrap___aeabi_i2f
                0x10004648       0x44 CMakeFiles/pico2.dir/C_/Program_Files/Raspberry_Pi/Pico_SDK_v1.5.1/pico-sdk/src/rp2_common/pico_float/float_aeabi.S.obj
                0x10004648                __wrap___aeabi_i2f
 .text.__wrap___aeabi_f2iz
                0x1000468c       0x4e CMakeFiles/pico2.dir/C_/Program_Files/Raspberry_Pi/Pico_SDK_v1.5.1/pico-sdk/src/rp2_common/pico_float/float_aeabi.S.obj
                0x1000468c                float2int_z
                0x1000468c                __wrap___aeabi_f2iz
 *fill*         0x100046da        0x2 
 .text.float2int
                0x100046dc       0x14 CMakeFiles/pico2.dir/C_/Program_Files/Raspberry_Pi/Pico_SDK_v1.5.1/pico-sdk/src/rp2_common/pico_float/float_aeabi.S.obj
                0x100046dc                float2int
 .text.__wrap___aeabi_f2uiz
                0x100046f0       0x10 CMakeFiles/pico2.dir/C_/Program_Files/Raspberry_Pi/Pico_SDK_v1.5.1/pico-sdk/src/rp2_common/pico_float/float_aeabi.S.obj
                0x100046f0                __wrap___aeabi_f2uiz
 .text.__aeabi_float_init
                0x10004700       0xfc CMakeFiles/pico2.dir/C_/Program_Files/Raspberry_Pi/Pico_SDK_v1.5.1/pico-sdk/src/rp2_common/pico_float/float_init_rom.c.obj
                0x10004700                __aeabi_float_init
 .text.float_table_shim_on_use_helper
                0x100047fc       0x34 CMakeFiles/pico2.dir/C_/Program_Files/Raspberry_Pi/Pico_SDK_v1.5.1/pico-sdk/src/rp2_common/pico_float/float_v1_rom_shim.S.obj
                0x100047fc                float_table_shim_on_use_helper
 .text.float232_shims
                0x10004830       0x18 CMakeFiles/pico2.dir/C_/Program_Files/Raspberry_Pi/Pico_SDK_v1.5.1/pico-sdk/src/rp2_common/pico_float/float_v1_rom_shim.S.obj
                0x10004830                float2int_shim
                0x10004832                float2fix_shim
 .text.__wrap_malloc
                0x10004848       0x24 CMakeFiles/pico2.dir/C_/Program_Files/Raspberry_Pi/Pico_SDK_v1.5.1/pico-sdk/src/rp2_common/pico_malloc/pico_malloc.c.obj
                0x10004848                __wrap_malloc
 .text.__wrap_calloc
                0x1000486c       0x24 CMakeFiles/pico2.dir/C_/Program_Files/Raspberry_Pi/Pico_SDK_v1.5.1/pico-sdk/src/rp2_common/pico_malloc/pico_malloc.c.obj
                0x1000486c                __wrap_calloc
 .text.__wrap_realloc
                0x10004890       0x24 CMakeFiles/pico2.dir/C_/Program_Files/Raspberry_Pi/Pico_SDK_v1.5.1/pico-sdk/src/rp2_common/pico_malloc/pico_malloc.c.obj
                0x10004890                __wrap_realloc
 .text.__wrap_free
                0x100048b4        0x8 CMakeFiles/pico2.dir/C_/Program_Files/Raspberry_Pi/Pico_SDK_v1.5.1/pico-sdk/src/rp2_common/pico_malloc/pico_malloc.c.obj
                0x100048b4                __wrap_free
 .text          0x100048bc       0x10 CMakeFiles/pico2.dir/C_/Program_Files/Raspberry_Pi/Pico_SDK_v1.5.1/pico-sdk/src/rp2_common/pico_mem_ops/mem_ops_aeabi.S.obj
                0x100048bc                __aeabi_mem_init
 .text.memset   0x100048cc        0xc CMakeFiles/pico2.dir/C_/Program_Files/Raspberry_Pi/Pico_SDK_v1.5.1/pico-sdk/src/rp2_common/pico_mem_ops/mem_ops_aeabi.S.obj
                0x100048cc                __wrap_memset
 .text.memcpy   0x100048d8        0xc CMakeFiles/pico2.dir/C_/Program_Files/Raspberry_Pi/Pico_SDK_v1.5.1/pico-sdk/src/rp2_common/pico_mem_ops/mem_ops_aeabi.S.obj
                0x100048d8                __wrap_memcpy
                0x100048d8                __wrap___aeabi_memcpy
 .text.stdio_out_chars_no_crlf
                0x100048e4        0xe CMakeFiles/pico2.dir/C_/Program_Files/Raspberry_Pi/Pico_SDK_v1.5.1/pico-sdk/src/rp2_common/pico_stdio/stdio.c.obj
 .text.stdio_out_chars_crlf
                0x100048f2        0xe CMakeFiles/pico2.dir/C_/Program_Files/Raspberry_Pi/Pico_SDK_v1.5.1/pico-sdk/src/rp2_common/pico_stdio/stdio.c.obj
 .text.stdio_stack_buffer_flush
                0x10004900       0x44 CMakeFiles/pico2.dir/C_/Program_Files/Raspberry_Pi/Pico_SDK_v1.5.1/pico-sdk/src/rp2_common/pico_stdio/stdio.c.obj
 .text.stdio_buffered_printer
                0x10004944       0x20 CMakeFiles/pico2.dir/C_/Program_Files/Raspberry_Pi/Pico_SDK_v1.5.1/pico-sdk/src/rp2_common/pico_stdio/stdio.c.obj
 .text.stdio_get_until
                0x10004964       0x80 CMakeFiles/pico2.dir/C_/Program_Files/Raspberry_Pi/Pico_SDK_v1.5.1/pico-sdk/src/rp2_common/pico_stdio/stdio.c.obj
 .text.stdout_serialize_begin
                0x100049e4       0x5c CMakeFiles/pico2.dir/C_/Program_Files/Raspberry_Pi/Pico_SDK_v1.5.1/pico-sdk/src/rp2_common/pico_stdio/stdio.c.obj
                0x100049e4                stdout_serialize_begin
 .text.stdout_serialize_end
                0x10004a40       0x10 CMakeFiles/pico2.dir/C_/Program_Files/Raspberry_Pi/Pico_SDK_v1.5.1/pico-sdk/src/rp2_common/pico_stdio/stdio.c.obj
                0x10004a40                stdout_serialize_end
 .text.stdio_put_string
                0x10004a50       0x98 CMakeFiles/pico2.dir/C_/Program_Files/Raspberry_Pi/Pico_SDK_v1.5.1/pico-sdk/src/rp2_common/pico_stdio/stdio.c.obj
 .text.__wrap_putchar
                0x10004ae8       0x1c CMakeFiles/pico2.dir/C_/Program_Files/Raspberry_Pi/Pico_SDK_v1.5.1/pico-sdk/src/rp2_common/pico_stdio/stdio.c.obj
                0x10004ae8                __wrap_putchar
 .text.stdio_set_driver_enabled
                0x10004b04       0x2c CMakeFiles/pico2.dir/C_/Program_Files/Raspberry_Pi/Pico_SDK_v1.5.1/pico-sdk/src/rp2_common/pico_stdio/stdio.c.obj
                0x10004b04                stdio_set_driver_enabled
 .text.stdio_flush
                0x10004b30       0x20 CMakeFiles/pico2.dir/C_/Program_Files/Raspberry_Pi/Pico_SDK_v1.5.1/pico-sdk/src/rp2_common/pico_stdio/stdio.c.obj
                0x10004b30                stdio_flush
 .text.__wrap_puts
                0x10004b50       0x1e CMakeFiles/pico2.dir/C_/Program_Files/Raspberry_Pi/Pico_SDK_v1.5.1/pico-sdk/src/rp2_common/pico_stdio/stdio.c.obj
                0x10004b50                __wrap_puts
 *fill*         0x10004b6e        0x2 
 .text.__wrap_vprintf
                0x10004b70       0x40 CMakeFiles/pico2.dir/C_/Program_Files/Raspberry_Pi/Pico_SDK_v1.5.1/pico-sdk/src/rp2_common/pico_stdio/stdio.c.obj
                0x10004b70                __wrap_vprintf
 .text.__wrap_printf
                0x10004bb0       0x18 CMakeFiles/pico2.dir/C_/Program_Files/Raspberry_Pi/Pico_SDK_v1.5.1/pico-sdk/src/rp2_common/pico_stdio/stdio.c.obj
                0x10004bb0                __wrap_printf
 .text.stdio_init_all
                0x10004bc8        0x8 CMakeFiles/pico2.dir/C_/Program_Files/Raspberry_Pi/Pico_SDK_v1.5.1/pico-sdk/src/rp2_common/pico_stdio/stdio.c.obj
                0x10004bc8                stdio_init_all
 .text.getchar_timeout_us
                0x10004bd0       0x80 CMakeFiles/pico2.dir/C_/Program_Files/Raspberry_Pi/Pico_SDK_v1.5.1/pico-sdk/src/rp2_common/pico_stdio/stdio.c.obj
                0x10004bd0                getchar_timeout_us
 .text.resetd_init
                0x10004c50        0x2 CMakeFiles/pico2.dir/C_/Program_Files/Raspberry_Pi/Pico_SDK_v1.5.1/pico-sdk/src/rp2_common/pico_stdio_usb/reset_interface.c.obj
 *fill*         0x10004c52        0x2 
 .text.resetd_reset
                0x10004c54        0xc CMakeFiles/pico2.dir/C_/Program_Files/Raspberry_Pi/Pico_SDK_v1.5.1/pico-sdk/src/rp2_common/pico_stdio_usb/reset_interface.c.obj
 .text.resetd_open
                0x10004c60       0x34 CMakeFiles/pico2.dir/C_/Program_Files/Raspberry_Pi/Pico_SDK_v1.5.1/pico-sdk/src/rp2_common/pico_stdio_usb/reset_interface.c.obj
 .text.resetd_xfer_cb
                0x10004c94        0x4 CMakeFiles/pico2.dir/C_/Program_Files/Raspberry_Pi/Pico_SDK_v1.5.1/pico-sdk/src/rp2_common/pico_stdio_usb/reset_interface.c.obj
 .text.reset_usb_boot
                0x10004c98       0x18 CMakeFiles/pico2.dir/C_/Program_Files/Raspberry_Pi/Pico_SDK_v1.5.1/pico-sdk/src/rp2_common/pico_stdio_usb/reset_interface.c.obj
 .text.resetd_control_xfer_cb
                0x10004cb0       0x5c CMakeFiles/pico2.dir/C_/Program_Files/Raspberry_Pi/Pico_SDK_v1.5.1/pico-sdk/src/rp2_common/pico_stdio_usb/reset_interface.c.obj
 .text.usbd_app_driver_get_cb
                0x10004d0c        0xc CMakeFiles/pico2.dir/C_/Program_Files/Raspberry_Pi/Pico_SDK_v1.5.1/pico-sdk/src/rp2_common/pico_stdio_usb/reset_interface.c.obj
                0x10004d0c                usbd_app_driver_get_cb
 .text.tud_cdc_line_coding_cb
                0x10004d18       0x28 CMakeFiles/pico2.dir/C_/Program_Files/Raspberry_Pi/Pico_SDK_v1.5.1/pico-sdk/src/rp2_common/pico_stdio_usb/reset_interface.c.obj
                0x10004d18                tud_cdc_line_coding_cb
 .text.stdio_usb_set_chars_available_callback
                0x10004d40       0x14 CMakeFiles/pico2.dir/C_/Program_Files/Raspberry_Pi/Pico_SDK_v1.5.1/pico-sdk/src/rp2_common/pico_stdio_usb/stdio_usb.c.obj
                0x10004d40                stdio_usb_set_chars_available_callback
 .text.usb_irq  0x10004d54       0x10 CMakeFiles/pico2.dir/C_/Program_Files/Raspberry_Pi/Pico_SDK_v1.5.1/pico-sdk/src/rp2_common/pico_stdio_usb/stdio_usb.c.obj
 .text.timer_task
                0x10004d64       0x5c CMakeFiles/pico2.dir/C_/Program_Files/Raspberry_Pi/Pico_SDK_v1.5.1/pico-sdk/src/rp2_common/pico_stdio_usb/stdio_usb.c.obj
 .text.low_priority_worker_irq
                0x10004dc0       0xdc CMakeFiles/pico2.dir/C_/Program_Files/Raspberry_Pi/Pico_SDK_v1.5.1/pico-sdk/src/rp2_common/pico_stdio_usb/stdio_usb.c.obj
 .text.tud_cdc_rx_cb
                0x10004e9c       0x20 CMakeFiles/pico2.dir/C_/Program_Files/Raspberry_Pi/Pico_SDK_v1.5.1/pico-sdk/src/rp2_common/pico_stdio_usb/stdio_usb.c.obj
                0x10004e9c                tud_cdc_rx_cb
 .text.stdio_usb_init
                0x10004ebc      0x11c CMakeFiles/pico2.dir/C_/Program_Files/Raspberry_Pi/Pico_SDK_v1.5.1/pico-sdk/src/rp2_common/pico_stdio_usb/stdio_usb.c.obj
                0x10004ebc                stdio_usb_init
 .text.stdio_usb_connected
                0x10004fd8        0xa CMakeFiles/pico2.dir/C_/Program_Files/Raspberry_Pi/Pico_SDK_v1.5.1/pico-sdk/src/rp2_common/pico_stdio_usb/stdio_usb.c.obj
                0x10004fd8                stdio_usb_connected
 *fill*         0x10004fe2        0x2 
 .text.stdio_usb_in_chars
                0x10004fe4       0xc4 CMakeFiles/pico2.dir/C_/Program_Files/Raspberry_Pi/Pico_SDK_v1.5.1/pico-sdk/src/rp2_common/pico_stdio_usb/stdio_usb.c.obj
                0x10004fe4                stdio_usb_in_chars
 .text.stdio_usb_out_chars
                0x100050a8      0x114 CMakeFiles/pico2.dir/C_/Program_Files/Raspberry_Pi/Pico_SDK_v1.5.1/pico-sdk/src/rp2_common/pico_stdio_usb/stdio_usb.c.obj
 .text.tud_descriptor_device_cb
                0x100051bc        0x8 CMakeFiles/pico2.dir/C_/Program_Files/Raspberry_Pi/Pico_SDK_v1.5.1/pico-sdk/src/rp2_common/pico_stdio_usb/stdio_usb_descriptors.c.obj
                0x100051bc                tud_descriptor_device_cb
 .text.tud_descriptor_configuration_cb
                0x100051c4        0x8 CMakeFiles/pico2.dir/C_/Program_Files/Raspberry_Pi/Pico_SDK_v1.5.1/pico-sdk/src/rp2_common/pico_stdio_usb/stdio_usb_descriptors.c.obj
                0x100051c4                tud_descriptor_configuration_cb
 .text.tud_descriptor_string_cb
                0x100051cc       0x6c CMakeFiles/pico2.dir/C_/Program_Files/Raspberry_Pi/Pico_SDK_v1.5.1/pico-sdk/src/rp2_common/pico_stdio_usb/stdio_usb_descriptors.c.obj
                0x100051cc                tud_descriptor_string_cb
 .text._retrieve_unique_id_on_boot
                0x10005238       0x10 CMakeFiles/pico2.dir/C_/Program_Files/Raspberry_Pi/Pico_SDK_v1.5.1/pico-sdk/src/rp2_common/pico_unique_id/unique_id.c.obj
 .text.pico_get_unique_board_id_string
                0x10005248       0x60 CMakeFiles/pico2.dir/C_/Program_Files/Raspberry_Pi/Pico_SDK_v1.5.1/pico-sdk/src/rp2_common/pico_unique_id/unique_id.c.obj
                0x10005248                pico_get_unique_board_id_string
 .text.flash_get_unique_id
                0x100052a8       0x46 CMakeFiles/pico2.dir/C_/Program_Files/Raspberry_Pi/Pico_SDK_v1.5.1/pico-sdk/src/rp2_common/hardware_flash/flash.c.obj
                0x100052a8                flash_get_unique_id
 *fill*         0x100052ee        0x2 
 .text.hw_endpoint_get_by_addr
                0x100052f0       0x18 CMakeFiles/pico2.dir/C_/Program_Files/Raspberry_Pi/Pico_SDK_v1.5.1/pico-sdk/lib/tinyusb/src/portable/raspberrypi/rp2040/dcd_rp2040.c.obj
 .text._hw_endpoint_alloc
                0x10005308       0x70 CMakeFiles/pico2.dir/C_/Program_Files/Raspberry_Pi/Pico_SDK_v1.5.1/pico-sdk/lib/tinyusb/src/portable/raspberrypi/rp2040/dcd_rp2040.c.obj
 .text.hw_endpoint_init
                0x10005378       0x88 CMakeFiles/pico2.dir/C_/Program_Files/Raspberry_Pi/Pico_SDK_v1.5.1/pico-sdk/lib/tinyusb/src/portable/raspberrypi/rp2040/dcd_rp2040.c.obj
 .text.hw_endpoint_xfer
                0x10005400       0x14 CMakeFiles/pico2.dir/C_/Program_Files/Raspberry_Pi/Pico_SDK_v1.5.1/pico-sdk/lib/tinyusb/src/portable/raspberrypi/rp2040/dcd_rp2040.c.obj
 .text.dcd_int_enable
                0x10005414       0x2c CMakeFiles/pico2.dir/C_/Program_Files/Raspberry_Pi/Pico_SDK_v1.5.1/pico-sdk/lib/tinyusb/src/portable/raspberrypi/rp2040/dcd_rp2040.c.obj
                0x10005414                dcd_int_enable
 .text.dcd_set_address
                0x10005440       0x2c CMakeFiles/pico2.dir/C_/Program_Files/Raspberry_Pi/Pico_SDK_v1.5.1/pico-sdk/lib/tinyusb/src/portable/raspberrypi/rp2040/dcd_rp2040.c.obj
                0x10005440                dcd_set_address
 .text.dcd_connect
                0x1000546c       0x10 CMakeFiles/pico2.dir/C_/Program_Files/Raspberry_Pi/Pico_SDK_v1.5.1/pico-sdk/lib/tinyusb/src/portable/raspberrypi/rp2040/dcd_rp2040.c.obj
                0x1000546c                dcd_connect
 .text.dcd_init
                0x1000547c       0x80 CMakeFiles/pico2.dir/C_/Program_Files/Raspberry_Pi/Pico_SDK_v1.5.1/pico-sdk/lib/tinyusb/src/portable/raspberrypi/rp2040/dcd_rp2040.c.obj
                0x1000547c                dcd_init
 .text.dcd_edpt0_status_complete
                0x100054fc       0x1c CMakeFiles/pico2.dir/C_/Program_Files/Raspberry_Pi/Pico_SDK_v1.5.1/pico-sdk/lib/tinyusb/src/portable/raspberrypi/rp2040/dcd_rp2040.c.obj
                0x100054fc                dcd_edpt0_status_complete
 .text.dcd_edpt_open
                0x10005518       0x40 CMakeFiles/pico2.dir/C_/Program_Files/Raspberry_Pi/Pico_SDK_v1.5.1/pico-sdk/lib/tinyusb/src/portable/raspberrypi/rp2040/dcd_rp2040.c.obj
                0x10005518                dcd_edpt_open
 .text.dcd_edpt_close_all
                0x10005558        0x8 CMakeFiles/pico2.dir/C_/Program_Files/Raspberry_Pi/Pico_SDK_v1.5.1/pico-sdk/lib/tinyusb/src/portable/raspberrypi/rp2040/dcd_rp2040.c.obj
                0x10005558                dcd_edpt_close_all
 .text.dcd_edpt_xfer
                0x10005560       0x34 CMakeFiles/pico2.dir/C_/Program_Files/Raspberry_Pi/Pico_SDK_v1.5.1/pico-sdk/lib/tinyusb/src/portable/raspberrypi/rp2040/dcd_rp2040.c.obj
                0x10005560                dcd_edpt_xfer
 .text.dcd_edpt_stall
                0x10005594       0x2c CMakeFiles/pico2.dir/C_/Program_Files/Raspberry_Pi/Pico_SDK_v1.5.1/pico-sdk/lib/tinyusb/src/portable/raspberrypi/rp2040/dcd_rp2040.c.obj
                0x10005594                dcd_edpt_stall
 .text.dcd_edpt_clear_stall
                0x100055c0       0x20 CMakeFiles/pico2.dir/C_/Program_Files/Raspberry_Pi/Pico_SDK_v1.5.1/pico-sdk/lib/tinyusb/src/portable/raspberrypi/rp2040/dcd_rp2040.c.obj
                0x100055c0                dcd_edpt_clear_stall
 .text.rp2040_usb_init
                0x100055e0       0x4c CMakeFiles/pico2.dir/C_/Program_Files/Raspberry_Pi/Pico_SDK_v1.5.1/pico-sdk/lib/tinyusb/src/portable/raspberrypi/rp2040/rp2040_usb.c.obj
                0x100055e0                rp2040_usb_init
 .text.hw_endpoint_xfer_start
                0x1000562c       0x50 CMakeFiles/pico2.dir/C_/Program_Files/Raspberry_Pi/Pico_SDK_v1.5.1/pico-sdk/lib/tinyusb/src/portable/raspberrypi/rp2040/rp2040_usb.c.obj
                0x1000562c                hw_endpoint_xfer_start
 .text.configuration_reset
                0x1000567c       0x84 CMakeFiles/pico2.dir/C_/Program_Files/Raspberry_Pi/Pico_SDK_v1.5.1/pico-sdk/lib/tinyusb/src/device/usbd.c.obj
 .text.usbd_reset
                0x10005700        0xc CMakeFiles/pico2.dir/C_/Program_Files/Raspberry_Pi/Pico_SDK_v1.5.1/pico-sdk/lib/tinyusb/src/device/usbd.c.obj
 .text.invoke_class_control
                0x1000570c       0x1a CMakeFiles/pico2.dir/C_/Program_Files/Raspberry_Pi/Pico_SDK_v1.5.1/pico-sdk/lib/tinyusb/src/device/usbd.c.obj
 *fill*         0x10005726        0x2 
 .text.process_set_config
                0x10005728      0x178 CMakeFiles/pico2.dir/C_/Program_Files/Raspberry_Pi/Pico_SDK_v1.5.1/pico-sdk/lib/tinyusb/src/device/usbd.c.obj
 .text.process_get_descriptor
                0x100058a0       0xdc CMakeFiles/pico2.dir/C_/Program_Files/Raspberry_Pi/Pico_SDK_v1.5.1/pico-sdk/lib/tinyusb/src/device/usbd.c.obj
 .text.tud_mounted
                0x1000597c       0x10 CMakeFiles/pico2.dir/C_/Program_Files/Raspberry_Pi/Pico_SDK_v1.5.1/pico-sdk/lib/tinyusb/src/device/usbd.c.obj
                0x1000597c                tud_mounted
 .text.tud_suspended
                0x1000598c       0x10 CMakeFiles/pico2.dir/C_/Program_Files/Raspberry_Pi/Pico_SDK_v1.5.1/pico-sdk/lib/tinyusb/src/device/usbd.c.obj
                0x1000598c                tud_suspended
 .text.tud_inited
                0x1000599c       0x14 CMakeFiles/pico2.dir/C_/Program_Files/Raspberry_Pi/Pico_SDK_v1.5.1/pico-sdk/lib/tinyusb/src/device/usbd.c.obj
                0x1000599c                tud_inited
 .text.tud_init
                0x100059b0       0xcc CMakeFiles/pico2.dir/C_/Program_Files/Raspberry_Pi/Pico_SDK_v1.5.1/pico-sdk/lib/tinyusb/src/device/usbd.c.obj
                0x100059b0                tud_init
 .text.usbd_defer_func
                0x10005a7c       0x2a CMakeFiles/pico2.dir/C_/Program_Files/Raspberry_Pi/Pico_SDK_v1.5.1/pico-sdk/lib/tinyusb/src/device/usbd.c.obj
                0x10005a7c                usbd_defer_func
 *fill*         0x10005aa6        0x2 
 .text.usbd_edpt_open
                0x10005aa8       0x34 CMakeFiles/pico2.dir/C_/Program_Files/Raspberry_Pi/Pico_SDK_v1.5.1/pico-sdk/lib/tinyusb/src/device/usbd.c.obj
                0x10005aa8                usbd_edpt_open
 .text.usbd_open_edpt_pair
                0x10005adc       0x62 CMakeFiles/pico2.dir/C_/Program_Files/Raspberry_Pi/Pico_SDK_v1.5.1/pico-sdk/lib/tinyusb/src/device/usbd.c.obj
                0x10005adc                usbd_open_edpt_pair
 *fill*         0x10005b3e        0x2 
 .text.usbd_edpt_claim
                0x10005b40       0x28 CMakeFiles/pico2.dir/C_/Program_Files/Raspberry_Pi/Pico_SDK_v1.5.1/pico-sdk/lib/tinyusb/src/device/usbd.c.obj
                0x10005b40                usbd_edpt_claim
 .text.usbd_edpt_release
                0x10005b68       0x28 CMakeFiles/pico2.dir/C_/Program_Files/Raspberry_Pi/Pico_SDK_v1.5.1/pico-sdk/lib/tinyusb/src/device/usbd.c.obj
                0x10005b68                usbd_edpt_release
 .text.usbd_edpt_xfer
                0x10005b90       0x78 CMakeFiles/pico2.dir/C_/Program_Files/Raspberry_Pi/Pico_SDK_v1.5.1/pico-sdk/lib/tinyusb/src/device/usbd.c.obj
                0x10005b90                usbd_edpt_xfer
 .text.usbd_edpt_stall
                0x10005c08       0x48 CMakeFiles/pico2.dir/C_/Program_Files/Raspberry_Pi/Pico_SDK_v1.5.1/pico-sdk/lib/tinyusb/src/device/usbd.c.obj
                0x10005c08                usbd_edpt_stall
 .text.usbd_edpt_clear_stall
                0x10005c50       0x48 CMakeFiles/pico2.dir/C_/Program_Files/Raspberry_Pi/Pico_SDK_v1.5.1/pico-sdk/lib/tinyusb/src/device/usbd.c.obj
                0x10005c50                usbd_edpt_clear_stall
 .text.usbd_edpt_stalled
                0x10005c98       0x1c CMakeFiles/pico2.dir/C_/Program_Files/Raspberry_Pi/Pico_SDK_v1.5.1/pico-sdk/lib/tinyusb/src/device/usbd.c.obj
                0x10005c98                usbd_edpt_stalled
 .text.process_control_request
                0x10005cb4      0x37c CMakeFiles/pico2.dir/C_/Program_Files/Raspberry_Pi/Pico_SDK_v1.5.1/pico-sdk/lib/tinyusb/src/device/usbd.c.obj
 .text.tud_task_ext
                0x10006030      0x1b8 CMakeFiles/pico2.dir/C_/Program_Files/Raspberry_Pi/Pico_SDK_v1.5.1/pico-sdk/lib/tinyusb/src/device/usbd.c.obj
                0x10006030                tud_task_ext
 .text._data_stage_xact
                0x100061e8       0x58 CMakeFiles/pico2.dir/C_/Program_Files/Raspberry_Pi/Pico_SDK_v1.5.1/pico-sdk/lib/tinyusb/src/device/usbd_control.c.obj
 .text.tud_control_status
                0x10006240       0x38 CMakeFiles/pico2.dir/C_/Program_Files/Raspberry_Pi/Pico_SDK_v1.5.1/pico-sdk/lib/tinyusb/src/device/usbd_control.c.obj
                0x10006240                tud_control_status
 .text.tud_control_xfer
                0x10006278       0x74 CMakeFiles/pico2.dir/C_/Program_Files/Raspberry_Pi/Pico_SDK_v1.5.1/pico-sdk/lib/tinyusb/src/device/usbd_control.c.obj
                0x10006278                tud_control_xfer
 .text.usbd_control_reset
                0x100062ec       0x14 CMakeFiles/pico2.dir/C_/Program_Files/Raspberry_Pi/Pico_SDK_v1.5.1/pico-sdk/lib/tinyusb/src/device/usbd_control.c.obj
                0x100062ec                usbd_control_reset
 .text.usbd_control_set_complete_callback
                0x10006300        0xc CMakeFiles/pico2.dir/C_/Program_Files/Raspberry_Pi/Pico_SDK_v1.5.1/pico-sdk/lib/tinyusb/src/device/usbd_control.c.obj
                0x10006300                usbd_control_set_complete_callback
 .text.usbd_control_set_request
                0x1000630c       0x1c CMakeFiles/pico2.dir/C_/Program_Files/Raspberry_Pi/Pico_SDK_v1.5.1/pico-sdk/lib/tinyusb/src/device/usbd_control.c.obj
                0x1000630c                usbd_control_set_request
 .text.usbd_control_xfer_cb
                0x10006328       0xcc CMakeFiles/pico2.dir/C_/Program_Files/Raspberry_Pi/Pico_SDK_v1.5.1/pico-sdk/lib/tinyusb/src/device/usbd_control.c.obj
                0x10006328                usbd_control_xfer_cb
 .text._prep_out_transaction
                0x100063f4       0x4a CMakeFiles/pico2.dir/C_/Program_Files/Raspberry_Pi/Pico_SDK_v1.5.1/pico-sdk/lib/tinyusb/src/class/cdc/cdc_device.c.obj
 *fill*         0x1000643e        0x2 
 .text.tud_cdc_n_connected
                0x10006440       0x44 CMakeFiles/pico2.dir/C_/Program_Files/Raspberry_Pi/Pico_SDK_v1.5.1/pico-sdk/lib/tinyusb/src/class/cdc/cdc_device.c.obj
                0x10006440                tud_cdc_n_connected
 .text.tud_cdc_n_available
                0x10006484       0x18 CMakeFiles/pico2.dir/C_/Program_Files/Raspberry_Pi/Pico_SDK_v1.5.1/pico-sdk/lib/tinyusb/src/class/cdc/cdc_device.c.obj
                0x10006484                tud_cdc_n_available
 .text.tud_cdc_n_read
                0x1000649c       0x28 CMakeFiles/pico2.dir/C_/Program_Files/Raspberry_Pi/Pico_SDK_v1.5.1/pico-sdk/lib/tinyusb/src/class/cdc/cdc_device.c.obj
                0x1000649c                tud_cdc_n_read
 .text.tud_cdc_n_write_flush
                0x100064c4       0xb8 CMakeFiles/pico2.dir/C_/Program_Files/Raspberry_Pi/Pico_SDK_v1.5.1/pico-sdk/lib/tinyusb/src/class/cdc/cdc_device.c.obj
                0x100064c4                tud_cdc_n_write_flush
 .text.tud_cdc_n_write
                0x1000657c       0x38 CMakeFiles/pico2.dir/C_/Program_Files/Raspberry_Pi/Pico_SDK_v1.5.1/pico-sdk/lib/tinyusb/src/class/cdc/cdc_device.c.obj
                0x1000657c                tud_cdc_n_write
 .text.tud_cdc_n_write_available
                0x100065b4       0x1c CMakeFiles/pico2.dir/C_/Program_Files/Raspberry_Pi/Pico_SDK_v1.5.1/pico-sdk/lib/tinyusb/src/class/cdc/cdc_device.c.obj
                0x100065b4                tud_cdc_n_write_available
 .text.cdcd_init
                0x100065d0       0xbc CMakeFiles/pico2.dir/C_/Program_Files/Raspberry_Pi/Pico_SDK_v1.5.1/pico-sdk/lib/tinyusb/src/class/cdc/cdc_device.c.obj
                0x100065d0                cdcd_init
 .text.cdcd_reset
                0x1000668c       0x44 CMakeFiles/pico2.dir/C_/Program_Files/Raspberry_Pi/Pico_SDK_v1.5.1/pico-sdk/lib/tinyusb/src/class/cdc/cdc_device.c.obj
                0x1000668c                cdcd_reset
 .text.cdcd_open
                0x100066d0       0xcc CMakeFiles/pico2.dir/C_/Program_Files/Raspberry_Pi/Pico_SDK_v1.5.1/pico-sdk/lib/tinyusb/src/class/cdc/cdc_device.c.obj
                0x100066d0                cdcd_open
 .text.cdcd_control_xfer_cb
                0x1000679c      0x134 CMakeFiles/pico2.dir/C_/Program_Files/Raspberry_Pi/Pico_SDK_v1.5.1/pico-sdk/lib/tinyusb/src/class/cdc/cdc_device.c.obj
                0x1000679c                cdcd_control_xfer_cb
 .text.cdcd_xfer_cb
                0x100068d0      0x130 CMakeFiles/pico2.dir/C_/Program_Files/Raspberry_Pi/Pico_SDK_v1.5.1/pico-sdk/lib/tinyusb/src/class/cdc/cdc_device.c.obj
                0x100068d0                cdcd_xfer_cb
 .text.tusb_init
                0x10006a00        0xa CMakeFiles/pico2.dir/C_/Program_Files/Raspberry_Pi/Pico_SDK_v1.5.1/pico-sdk/lib/tinyusb/src/tusb.c.obj
                0x10006a00                tusb_init
 .text.tusb_inited
                0x10006a0a        0xe CMakeFiles/pico2.dir/C_/Program_Files/Raspberry_Pi/Pico_SDK_v1.5.1/pico-sdk/lib/tinyusb/src/tusb.c.obj
                0x10006a0a                tusb_inited
 .text.tu_edpt_claim
                0x10006a18       0x50 CMakeFiles/pico2.dir/C_/Program_Files/Raspberry_Pi/Pico_SDK_v1.5.1/pico-sdk/lib/tinyusb/src/tusb.c.obj
                0x10006a18                tu_edpt_claim
 .text.tu_edpt_release
                0x10006a68       0x3c CMakeFiles/pico2.dir/C_/Program_Files/Raspberry_Pi/Pico_SDK_v1.5.1/pico-sdk/lib/tinyusb/src/tusb.c.obj
                0x10006a68                tu_edpt_release
 .text.tu_edpt_validate
                0x10006aa4       0x78 CMakeFiles/pico2.dir/C_/Program_Files/Raspberry_Pi/Pico_SDK_v1.5.1/pico-sdk/lib/tinyusb/src/tusb.c.obj
                0x10006aa4                tu_edpt_validate
 .text.tu_edpt_bind_driver
                0x10006b1c       0x26 CMakeFiles/pico2.dir/C_/Program_Files/Raspberry_Pi/Pico_SDK_v1.5.1/pico-sdk/lib/tinyusb/src/tusb.c.obj
                0x10006b1c                tu_edpt_bind_driver
 .text.advance_index
                0x10006b42       0x1a CMakeFiles/pico2.dir/C_/Program_Files/Raspberry_Pi/Pico_SDK_v1.5.1/pico-sdk/lib/tinyusb/src/common/tusb_fifo.c.obj
 .text._tu_fifo_peek
                0x10006b5c       0x56 CMakeFiles/pico2.dir/C_/Program_Files/Raspberry_Pi/Pico_SDK_v1.5.1/pico-sdk/lib/tinyusb/src/common/tusb_fifo.c.obj
 .text._ff_pull_const_addr
                0x10006bb2       0x4c CMakeFiles/pico2.dir/C_/Program_Files/Raspberry_Pi/Pico_SDK_v1.5.1/pico-sdk/lib/tinyusb/src/common/tusb_fifo.c.obj
 .text._ff_pull_n
                0x10006bfe      0x110 CMakeFiles/pico2.dir/C_/Program_Files/Raspberry_Pi/Pico_SDK_v1.5.1/pico-sdk/lib/tinyusb/src/common/tusb_fifo.c.obj
 .text._tu_fifo_peek_n
                0x10006d0e       0x6a CMakeFiles/pico2.dir/C_/Program_Files/Raspberry_Pi/Pico_SDK_v1.5.1/pico-sdk/lib/tinyusb/src/common/tusb_fifo.c.obj
 .text._tu_fifo_read_n
                0x10006d78       0x4e CMakeFiles/pico2.dir/C_/Program_Files/Raspberry_Pi/Pico_SDK_v1.5.1/pico-sdk/lib/tinyusb/src/common/tusb_fifo.c.obj
 .text._ff_push_const_addr
                0x10006dc6       0x40 CMakeFiles/pico2.dir/C_/Program_Files/Raspberry_Pi/Pico_SDK_v1.5.1/pico-sdk/lib/tinyusb/src/common/tusb_fifo.c.obj
 .text._ff_push_n
                0x10006e06      0x10c CMakeFiles/pico2.dir/C_/Program_Files/Raspberry_Pi/Pico_SDK_v1.5.1/pico-sdk/lib/tinyusb/src/common/tusb_fifo.c.obj
 .text._tu_fifo_write_n
                0x10006f12       0xf0 CMakeFiles/pico2.dir/C_/Program_Files/Raspberry_Pi/Pico_SDK_v1.5.1/pico-sdk/lib/tinyusb/src/common/tusb_fifo.c.obj
 .text.tu_fifo_config
                0x10007002       0x7c CMakeFiles/pico2.dir/C_/Program_Files/Raspberry_Pi/Pico_SDK_v1.5.1/pico-sdk/lib/tinyusb/src/common/tusb_fifo.c.obj
                0x10007002                tu_fifo_config
 .text.tu_fifo_count
                0x1000707e       0x2a CMakeFiles/pico2.dir/C_/Program_Files/Raspberry_Pi/Pico_SDK_v1.5.1/pico-sdk/lib/tinyusb/src/common/tusb_fifo.c.obj
                0x1000707e                tu_fifo_count
 .text.tu_fifo_empty
                0x100070a8       0x10 CMakeFiles/pico2.dir/C_/Program_Files/Raspberry_Pi/Pico_SDK_v1.5.1/pico-sdk/lib/tinyusb/src/common/tusb_fifo.c.obj
                0x100070a8                tu_fifo_empty
 .text.tu_fifo_full
                0x100070b8       0x28 CMakeFiles/pico2.dir/C_/Program_Files/Raspberry_Pi/Pico_SDK_v1.5.1/pico-sdk/lib/tinyusb/src/common/tusb_fifo.c.obj
                0x100070b8                tu_fifo_full
 .text.tu_fifo_remaining
                0x100070e0       0x2c CMakeFiles/pico2.dir/C_/Program_Files/Raspberry_Pi/Pico_SDK_v1.5.1/pico-sdk/lib/tinyusb/src/common/tusb_fifo.c.obj
                0x100070e0                tu_fifo_remaining
 .text.tu_fifo_read
                0x1000710c       0x42 CMakeFiles/pico2.dir/C_/Program_Files/Raspberry_Pi/Pico_SDK_v1.5.1/pico-sdk/lib/tinyusb/src/common/tusb_fifo.c.obj
                0x1000710c                tu_fifo_read
 .text.tu_fifo_read_n
                0x1000714e        0xa CMakeFiles/pico2.dir/C_/Program_Files/Raspberry_Pi/Pico_SDK_v1.5.1/pico-sdk/lib/tinyusb/src/common/tusb_fifo.c.obj
                0x1000714e                tu_fifo_read_n
 .text.tu_fifo_write
                0x10007158       0x64 CMakeFiles/pico2.dir/C_/Program_Files/Raspberry_Pi/Pico_SDK_v1.5.1/pico-sdk/lib/tinyusb/src/common/tusb_fifo.c.obj
                0x10007158                tu_fifo_write
 .text.tu_fifo_write_n
                0x100071bc        0xa CMakeFiles/pico2.dir/C_/Program_Files/Raspberry_Pi/Pico_SDK_v1.5.1/pico-sdk/lib/tinyusb/src/common/tusb_fifo.c.obj
                0x100071bc                tu_fifo_write_n
 .text.tu_fifo_clear
                0x100071c6       0x3e CMakeFiles/pico2.dir/C_/Program_Files/Raspberry_Pi/Pico_SDK_v1.5.1/pico-sdk/lib/tinyusb/src/common/tusb_fifo.c.obj
                0x100071c6                tu_fifo_clear
 .text.tu_fifo_set_overwritable
                0x10007204       0x46 CMakeFiles/pico2.dir/C_/Program_Files/Raspberry_Pi/Pico_SDK_v1.5.1/pico-sdk/lib/tinyusb/src/common/tusb_fifo.c.obj
                0x10007204                tu_fifo_set_overwritable
 *fill*         0x1000724a        0x2 
 .text.clock_gettime
                0x1000724c       0x3c CMakeFiles/pico2.dir/external_lib/pico_uart_transport/pico_uart_transports.c.obj
                0x1000724c                clock_gettime
 .text._Z7stepperiii
                0x10007288      0x10c CMakeFiles/pico2.dir/external_lib/stepper/stepper.cpp.obj
                0x10007288                stepper(int, int, int)
 .text._Z16stepper_overheatv
                0x10007394       0x80 CMakeFiles/pico2.dir/external_lib/stepper/stepper.cpp.obj
                0x10007394                stepper_overheat()
 .text._Z16stepper_pwm_initv
                0x10007414       0x7c CMakeFiles/pico2.dir/external_lib/stepper/stepper.cpp.obj
                0x10007414                stepper_pwm_init()
 .text._Z22stepper_direction_initv
                0x10007490       0x34 CMakeFiles/pico2.dir/external_lib/stepper/stepper.cpp.obj
                0x10007490                stepper_direction_init()
 .text._Z21stepper_overheat_initv
                0x100074c4       0x34 CMakeFiles/pico2.dir/external_lib/stepper/stepper.cpp.obj
                0x100074c4                stepper_overheat_init()
 .text._Z12stepper_initv
                0x100074f8       0x1e CMakeFiles/pico2.dir/external_lib/stepper/stepper.cpp.obj
                0x100074f8                stepper_init()
 *fill*         0x10007516        0x2 
 .text._ZN7DISPLAY8I2C_initEv
                0x10007518       0x38 CMakeFiles/pico2.dir/external_lib/display/display.cpp.obj
                0x10007518                DISPLAY::I2C_init()
 .text._ZN7DISPLAY12display_initEv
                0x10007550       0x14 CMakeFiles/pico2.dir/external_lib/display/display.cpp.obj
                0x10007550                DISPLAY::display_init()
 .text._ZN7DISPLAY12Print_stringEjjj
                0x10007564       0x34 CMakeFiles/pico2.dir/external_lib/display/display.cpp.obj
                0x10007564                DISPLAY::Print_string(unsigned int, unsigned int, unsigned int)
 .text._ZN7SSD130617SendCommandBufferEPhi
                0x10007598       0x1c CMakeFiles/pico2.dir/external_lib/display/SSD1306/SSD1306.cpp.obj
                0x10007598                SSD1306::SendCommandBuffer(unsigned char*, int)
 .text._ZN7SSD130610initialiseEv
                0x100075b4       0x24 CMakeFiles/pico2.dir/external_lib/display/SSD1306/SSD1306.cpp.obj
                0x100075b4                SSD1306::initialise()
 .text._ZN7SSD130613UpdateDisplayEv
                0x100075d8       0x20 CMakeFiles/pico2.dir/external_lib/display/SSD1306/SSD1306.cpp.obj
                0x100075d8                SSD1306::UpdateDisplay()
 .text._ZN7SSD130612ClearDisplayEv
                0x100075f8       0x20 CMakeFiles/pico2.dir/external_lib/display/SSD1306/SSD1306.cpp.obj
                0x100075f8                SSD1306::ClearDisplay()
 .text._ZN7SSD13067reverseEh
                0x10007618       0x30 CMakeFiles/pico2.dir/external_lib/display/SSD1306/SSD1306.cpp.obj
                0x10007618                SSD1306::reverse(unsigned char)
 .text._ZN7SSD130617FillReversedCacheEv
                0x10007648       0x2c CMakeFiles/pico2.dir/external_lib/display/SSD1306/SSD1306.cpp.obj
                0x10007648                SSD1306::FillReversedCache()
 .text._ZN7SSD130610ExpandByteEh
                0x10007674       0x26 CMakeFiles/pico2.dir/external_lib/display/SSD1306/SSD1306.cpp.obj
                0x10007674                SSD1306::ExpandByte(unsigned char)
 *fill*         0x1000769a        0x2 
 .text._ZN7SSD130612WriteBigCharEjjc
                0x1000769c       0xb0 CMakeFiles/pico2.dir/external_lib/display/SSD1306/SSD1306.cpp.obj
                0x1000769c                SSD1306::WriteBigChar(unsigned int, unsigned int, char)
 .text._ZN7SSD130614WriteBigStringEiiPc
                0x1000774c       0x2a CMakeFiles/pico2.dir/external_lib/display/SSD1306/SSD1306.cpp.obj
                0x1000774c                SSD1306::WriteBigString(int, int, char*)
 .text.i2c_write_blocking_internal
                0x10007776      0x140 CMakeFiles/pico2.dir/C_/Program_Files/Raspberry_Pi/Pico_SDK_v1.5.1/pico-sdk/src/rp2_common/hardware_i2c/i2c.c.obj
 *fill*         0x100078b6        0x2 
 .text.i2c_set_baudrate
                0x100078b8       0xf0 CMakeFiles/pico2.dir/C_/Program_Files/Raspberry_Pi/Pico_SDK_v1.5.1/pico-sdk/src/rp2_common/hardware_i2c/i2c.c.obj
                0x100078b8                i2c_set_baudrate
 .text.i2c_init
                0x100079a8       0x58 CMakeFiles/pico2.dir/C_/Program_Files/Raspberry_Pi/Pico_SDK_v1.5.1/pico-sdk/src/rp2_common/hardware_i2c/i2c.c.obj
                0x100079a8                i2c_init
 .text.i2c_write_blocking
                0x10007a00       0x18 CMakeFiles/pico2.dir/C_/Program_Files/Raspberry_Pi/Pico_SDK_v1.5.1/pico-sdk/src/rp2_common/hardware_i2c/i2c.c.obj
                0x10007a00                i2c_write_blocking
 .text.rosidl_typesupport_c__get_message_type_support_handle__geometry_msgs__msg__Vector3
                0x10007a18       0x1c D:/Program/Pico/pico_eurobot_2024/pico2/libmicroros\libmicroros.a(libgeometry_msgs__rosidl_typesupport_c-vector3__type_support.cpp.obj)
                0x10007a18                rosidl_typesupport_c__get_message_type_support_handle__geometry_msgs__msg__Vector3
 .text.startup._GLOBAL__sub_I_rosidl_typesupport_c__get_message_type_support_handle__geometry_msgs__msg__Vector3
                0x10007a34       0x14 D:/Program/Pico/pico_eurobot_2024/pico2/libmicroros\libmicroros.a(libgeometry_msgs__rosidl_typesupport_c-vector3__type_support.cpp.obj)
 .text.geometry_msgs__msg__Vector3__rosidl_typesupport_introspection_c__Vector3_init_function
                0x10007a48        0x8 D:/Program/Pico/pico_eurobot_2024/pico2/libmicroros\libmicroros.a(libgeometry_msgs__rosidl_typesupport_introspection_c-vector3__type_support.c.obj)
                0x10007a48                geometry_msgs__msg__Vector3__rosidl_typesupport_introspection_c__Vector3_init_function
 .text.geometry_msgs__msg__Vector3__rosidl_typesupport_introspection_c__Vector3_fini_function
                0x10007a50        0x8 D:/Program/Pico/pico_eurobot_2024/pico2/libmicroros\libmicroros.a(libgeometry_msgs__rosidl_typesupport_introspection_c-vector3__type_support.c.obj)
                0x10007a50                geometry_msgs__msg__Vector3__rosidl_typesupport_introspection_c__Vector3_fini_function
 .text.rosidl_typesupport_introspection_c__get_message_type_support_handle__geometry_msgs__msg__Vector3
                0x10007a58       0x1c D:/Program/Pico/pico_eurobot_2024/pico2/libmicroros\libmicroros.a(libgeometry_msgs__rosidl_typesupport_introspection_c-vector3__type_support.c.obj)
                0x10007a58                rosidl_typesupport_introspection_c__get_message_type_support_handle__geometry_msgs__msg__Vector3
 .text.get_serialized_size_geometry_msgs__msg__Vector3
                0x10007a74       0x38 D:/Program/Pico/pico_eurobot_2024/pico2/libmicroros\libmicroros.a(libgeometry_msgs__rosidl_typesupport_microxrcedds_c-vector3__type_support_c.c.obj)
                0x10007a74                get_serialized_size_geometry_msgs__msg__Vector3
 .text._Vector3__cdr_deserialize
                0x10007aac       0x28 D:/Program/Pico/pico_eurobot_2024/pico2/libmicroros\libmicroros.a(libgeometry_msgs__rosidl_typesupport_microxrcedds_c-vector3__type_support_c.c.obj)
 .text._Vector3__cdr_serialize
                0x10007ad4       0x30 D:/Program/Pico/pico_eurobot_2024/pico2/libmicroros\libmicroros.a(libgeometry_msgs__rosidl_typesupport_microxrcedds_c-vector3__type_support_c.c.obj)
 .text._Vector3__get_serialized_size
                0x10007b04       0x30 D:/Program/Pico/pico_eurobot_2024/pico2/libmicroros\libmicroros.a(libgeometry_msgs__rosidl_typesupport_microxrcedds_c-vector3__type_support_c.c.obj)
 .text._Vector3__max_serialized_size
                0x10007b34       0x28 D:/Program/Pico/pico_eurobot_2024/pico2/libmicroros\libmicroros.a(libgeometry_msgs__rosidl_typesupport_microxrcedds_c-vector3__type_support_c.c.obj)
 .text.rosidl_typesupport_microxrcedds_c__get_message_type_support_handle__geometry_msgs__msg__Vector3
                0x10007b5c        0x8 D:/Program/Pico/pico_eurobot_2024/pico2/libmicroros\libmicroros.a(libgeometry_msgs__rosidl_typesupport_microxrcedds_c-vector3__type_support_c.c.obj)
                0x10007b5c                rosidl_typesupport_microxrcedds_c__get_message_type_support_handle__geometry_msgs__msg__Vector3
 .text.ucdr_serialize_bool
                0x10007b64       0x2c D:/Program/Pico/pico_eurobot_2024/pico2/libmicroros\libmicroros.a(libmicrocdr-basic.c.obj)
                0x10007b64                ucdr_serialize_bool
 .text.ucdr_deserialize_bool
                0x10007b90       0x30 D:/Program/Pico/pico_eurobot_2024/pico2/libmicroros\libmicroros.a(libmicrocdr-basic.c.obj)
                0x10007b90                ucdr_deserialize_bool
 .text.ucdr_serialize_uint8_t
                0x10007bc0       0x2c D:/Program/Pico/pico_eurobot_2024/pico2/libmicroros\libmicroros.a(libmicrocdr-basic.c.obj)
                0x10007bc0                ucdr_serialize_uint8_t
 .text.ucdr_deserialize_uint8_t
                0x10007bec       0x30 D:/Program/Pico/pico_eurobot_2024/pico2/libmicroros\libmicroros.a(libmicrocdr-basic.c.obj)
                0x10007bec                ucdr_deserialize_uint8_t
 .text.ucdr_serialize_uint16_t
                0x10007c1c       0xf4 D:/Program/Pico/pico_eurobot_2024/pico2/libmicroros\libmicroros.a(libmicrocdr-basic.c.obj)
                0x10007c1c                ucdr_serialize_uint16_t
 .text.ucdr_serialize_endian_uint16_t
                0x10007d10      0x100 D:/Program/Pico/pico_eurobot_2024/pico2/libmicroros\libmicroros.a(libmicrocdr-basic.c.obj)
                0x10007d10                ucdr_serialize_endian_uint16_t
 .text.ucdr_deserialize_uint16_t
                0x10007e10       0xec D:/Program/Pico/pico_eurobot_2024/pico2/libmicroros\libmicroros.a(libmicrocdr-basic.c.obj)
                0x10007e10                ucdr_deserialize_uint16_t
 .text.ucdr_deserialize_endian_uint16_t
                0x10007efc       0xf8 D:/Program/Pico/pico_eurobot_2024/pico2/libmicroros\libmicroros.a(libmicrocdr-basic.c.obj)
                0x10007efc                ucdr_deserialize_endian_uint16_t
 .text.ucdr_serialize_uint32_t
                0x10007ff4      0x11c D:/Program/Pico/pico_eurobot_2024/pico2/libmicroros\libmicroros.a(libmicrocdr-basic.c.obj)
                0x10007ff4                ucdr_serialize_uint32_t
 .text.ucdr_serialize_endian_uint32_t
                0x10008110      0x11c D:/Program/Pico/pico_eurobot_2024/pico2/libmicroros\libmicroros.a(libmicrocdr-basic.c.obj)
                0x10008110                ucdr_serialize_endian_uint32_t
 .text.ucdr_deserialize_uint32_t
                0x1000822c      0x11c D:/Program/Pico/pico_eurobot_2024/pico2/libmicroros\libmicroros.a(libmicrocdr-basic.c.obj)
                0x1000822c                ucdr_deserialize_uint32_t
 .text.ucdr_deserialize_endian_uint32_t
                0x10008348      0x12c D:/Program/Pico/pico_eurobot_2024/pico2/libmicroros\libmicroros.a(libmicrocdr-basic.c.obj)
                0x10008348                ucdr_deserialize_endian_uint32_t
 .text.ucdr_serialize_uint64_t
                0x10008474      0x170 D:/Program/Pico/pico_eurobot_2024/pico2/libmicroros\libmicroros.a(libmicrocdr-basic.c.obj)
                0x10008474                ucdr_serialize_uint64_t
 .text.ucdr_serialize_int8_t
                0x100085e4       0x2c D:/Program/Pico/pico_eurobot_2024/pico2/libmicroros\libmicroros.a(libmicrocdr-basic.c.obj)
                0x100085e4                ucdr_serialize_int8_t
 .text.ucdr_deserialize_int8_t
                0x10008610       0x30 D:/Program/Pico/pico_eurobot_2024/pico2/libmicroros\libmicroros.a(libmicrocdr-basic.c.obj)
                0x10008610                ucdr_deserialize_int8_t
 .text.ucdr_serialize_int16_t
                0x10008640       0xf4 D:/Program/Pico/pico_eurobot_2024/pico2/libmicroros\libmicroros.a(libmicrocdr-basic.c.obj)
                0x10008640                ucdr_serialize_int16_t
 .text.ucdr_deserialize_int16_t
                0x10008734       0xec D:/Program/Pico/pico_eurobot_2024/pico2/libmicroros\libmicroros.a(libmicrocdr-basic.c.obj)
                0x10008734                ucdr_deserialize_int16_t
 .text.ucdr_serialize_int32_t
                0x10008820      0x11c D:/Program/Pico/pico_eurobot_2024/pico2/libmicroros\libmicroros.a(libmicrocdr-basic.c.obj)
                0x10008820                ucdr_serialize_int32_t
 .text.ucdr_deserialize_int32_t
                0x1000893c      0x11c D:/Program/Pico/pico_eurobot_2024/pico2/libmicroros\libmicroros.a(libmicrocdr-basic.c.obj)
                0x1000893c                ucdr_deserialize_int32_t
 .text.ucdr_serialize_double
                0x10008a58      0x170 D:/Program/Pico/pico_eurobot_2024/pico2/libmicroros\libmicroros.a(libmicrocdr-basic.c.obj)
                0x10008a58                ucdr_serialize_double
 .text.ucdr_deserialize_double
                0x10008bc8      0x180 D:/Program/Pico/pico_eurobot_2024/pico2/libmicroros\libmicroros.a(libmicrocdr-basic.c.obj)
                0x10008bc8                ucdr_deserialize_double
 .text.ucdr_check_buffer_available_for
                0x10008d48       0x1c D:/Program/Pico/pico_eurobot_2024/pico2/libmicroros\libmicroros.a(libmicrocdr-common.c.obj)
                0x10008d48                ucdr_check_buffer_available_for
 .text.ucdr_check_final_buffer_behavior
                0x10008d64       0x38 D:/Program/Pico/pico_eurobot_2024/pico2/libmicroros\libmicroros.a(libmicrocdr-common.c.obj)
                0x10008d64                ucdr_check_final_buffer_behavior
 .text.ucdr_set_on_full_buffer_callback
                0x10008d9c        0x8 D:/Program/Pico/pico_eurobot_2024/pico2/libmicroros\libmicroros.a(libmicrocdr-common.c.obj)
                0x10008d9c                ucdr_set_on_full_buffer_callback
 .text.ucdr_init_buffer_origin_offset_endian
                0x10008da4       0x28 D:/Program/Pico/pico_eurobot_2024/pico2/libmicroros\libmicroros.a(libmicrocdr-common.c.obj)
                0x10008da4                ucdr_init_buffer_origin_offset_endian
 .text.ucdr_init_buffer_origin_offset
                0x10008dcc       0x14 D:/Program/Pico/pico_eurobot_2024/pico2/libmicroros\libmicroros.a(libmicrocdr-common.c.obj)
                0x10008dcc                ucdr_init_buffer_origin_offset
 .text.ucdr_init_buffer_origin
                0x10008de0       0x10 D:/Program/Pico/pico_eurobot_2024/pico2/libmicroros\libmicroros.a(libmicrocdr-common.c.obj)
                0x10008de0                ucdr_init_buffer_origin
 .text.ucdr_init_buffer
                0x10008df0        0xc D:/Program/Pico/pico_eurobot_2024/pico2/libmicroros\libmicroros.a(libmicrocdr-common.c.obj)
                0x10008df0                ucdr_init_buffer
 .text.ucdr_alignment
                0x10008dfc       0x10 D:/Program/Pico/pico_eurobot_2024/pico2/libmicroros\libmicroros.a(libmicrocdr-common.c.obj)
                0x10008dfc                ucdr_alignment
 .text.ucdr_buffer_alignment
                0x10008e0c       0x1c D:/Program/Pico/pico_eurobot_2024/pico2/libmicroros\libmicroros.a(libmicrocdr-common.c.obj)
                0x10008e0c                ucdr_buffer_alignment
 .text.ucdr_align_to
                0x10008e28       0x24 D:/Program/Pico/pico_eurobot_2024/pico2/libmicroros\libmicroros.a(libmicrocdr-common.c.obj)
                0x10008e28                ucdr_align_to
 .text.ucdr_buffer_length
                0x10008e4c        0x8 D:/Program/Pico/pico_eurobot_2024/pico2/libmicroros\libmicroros.a(libmicrocdr-common.c.obj)
                0x10008e4c                ucdr_buffer_length
 .text.ucdr_buffer_remaining
                0x10008e54        0x8 D:/Program/Pico/pico_eurobot_2024/pico2/libmicroros\libmicroros.a(libmicrocdr-common.c.obj)
                0x10008e54                ucdr_buffer_remaining
 .text.ucdr_check_final_buffer_behavior_array
                0x10008e5c       0x44 D:/Program/Pico/pico_eurobot_2024/pico2/libmicroros\libmicroros.a(libmicrocdr-common.c.obj)
                0x10008e5c                ucdr_check_final_buffer_behavior_array
 .text.ucdr_advance_buffer
                0x10008ea0       0x44 D:/Program/Pico/pico_eurobot_2024/pico2/libmicroros\libmicroros.a(libmicrocdr-common.c.obj)
                0x10008ea0                ucdr_advance_buffer
 .text.rcl_get_zero_initialized_publisher
                0x10008ee4        0xc D:/Program/Pico/pico_eurobot_2024/pico2/libmicroros\libmicroros.a(librcl-publisher.c.obj)
                0x10008ee4                rcl_get_zero_initialized_publisher
 .text.rcl_publisher_init
                0x10008ef0      0x138 D:/Program/Pico/pico_eurobot_2024/pico2/libmicroros\libmicroros.a(librcl-publisher.c.obj)
                0x10008ef0                rcl_publisher_init
 .text.rcl_publisher_get_default_options
                0x10009028       0x50 D:/Program/Pico/pico_eurobot_2024/pico2/libmicroros\libmicroros.a(librcl-publisher.c.obj)
                0x10009028                rcl_publisher_get_default_options
 .text.rcl_publish
                0x10009078       0x4c D:/Program/Pico/pico_eurobot_2024/pico2/libmicroros\libmicroros.a(librcl-publisher.c.obj)
                0x10009078                rcl_publish
 .text.rcl_publisher_is_valid
                0x100090c4       0x30 D:/Program/Pico/pico_eurobot_2024/pico2/libmicroros\libmicroros.a(librcl-publisher.c.obj)
                0x100090c4                rcl_publisher_is_valid
 .text.rcl_publisher_is_valid_except_context
                0x100090f4       0x1c D:/Program/Pico/pico_eurobot_2024/pico2/libmicroros\libmicroros.a(librcl-publisher.c.obj)
                0x100090f4                rcl_publisher_is_valid_except_context
 .text._rclc_check_for_new_data
                0x10009110       0x90 D:/Program/Pico/pico_eurobot_2024/pico2/libmicroros\libmicroros.a(librclc-executor.c.obj)
 .text._rclc_take_new_data
                0x100091a0      0x2c8 D:/Program/Pico/pico_eurobot_2024/pico2/libmicroros\libmicroros.a(librclc-executor.c.obj)
 .text._rclc_execute.part.0
                0x10009468      0x29c D:/Program/Pico/pico_eurobot_2024/pico2/libmicroros\libmicroros.a(librclc-executor.c.obj)
 .text.rclc_executor_trigger_any
                0x10009704       0x7c D:/Program/Pico/pico_eurobot_2024/pico2/libmicroros\libmicroros.a(librclc-executor.c.obj)
                0x10009704                rclc_executor_trigger_any
 .text.rclc_executor_init
                0x10009780       0xc0 D:/Program/Pico/pico_eurobot_2024/pico2/libmicroros\libmicroros.a(librclc-executor.c.obj)
                0x10009780                rclc_executor_init
 .text.rclc_executor_add_subscription
                0x10009840       0x74 D:/Program/Pico/pico_eurobot_2024/pico2/libmicroros\libmicroros.a(librclc-executor.c.obj)
                0x10009840                rclc_executor_add_subscription
 .text.rclc_executor_add_timer
                0x100098b4       0x58 D:/Program/Pico/pico_eurobot_2024/pico2/libmicroros\libmicroros.a(librclc-executor.c.obj)
                0x100098b4                rclc_executor_add_timer
 .text.rclc_executor_prepare
                0x1000990c       0x88 D:/Program/Pico/pico_eurobot_2024/pico2/libmicroros\libmicroros.a(librclc-executor.c.obj)
                0x1000990c                rclc_executor_prepare
 .text.rclc_executor_spin_some.part.0
                0x10009994      0x378 D:/Program/Pico/pico_eurobot_2024/pico2/libmicroros\libmicroros.a(librclc-executor.c.obj)
 .text.rclc_executor_spin_some
                0x10009d0c       0x30 D:/Program/Pico/pico_eurobot_2024/pico2/libmicroros\libmicroros.a(librclc-executor.c.obj)
                0x10009d0c                rclc_executor_spin_some
 .text.rclc_executor_handle_counters_zero_init
                0x10009d3c       0x18 D:/Program/Pico/pico_eurobot_2024/pico2/libmicroros\libmicroros.a(librclc-executor_handle.c.obj)
                0x10009d3c                rclc_executor_handle_counters_zero_init
 .text.rclc_executor_handle_init
                0x10009d54       0x28 D:/Program/Pico/pico_eurobot_2024/pico2/libmicroros\libmicroros.a(librclc-executor_handle.c.obj)
                0x10009d54                rclc_executor_handle_init
 .text.rclc_support_init
                0x10009d7c       0x94 D:/Program/Pico/pico_eurobot_2024/pico2/libmicroros\libmicroros.a(librclc-init.c.obj)
                0x10009d7c                rclc_support_init
 .text.rclc_node_init_default
                0x10009e10       0x74 D:/Program/Pico/pico_eurobot_2024/pico2/libmicroros\libmicroros.a(librclc-node.c.obj)
                0x10009e10                rclc_node_init_default
 .text.rclc_publisher_init_default
                0x10009e84       0x68 D:/Program/Pico/pico_eurobot_2024/pico2/libmicroros\libmicroros.a(librclc-publisher.c.obj)
                0x10009e84                rclc_publisher_init_default
 .text.rclc_subscription_init_default
                0x10009eec       0x68 D:/Program/Pico/pico_eurobot_2024/pico2/libmicroros\libmicroros.a(librclc-subscription.c.obj)
                0x10009eec                rclc_subscription_init_default
 .text.rclc_timer_init_default
                0x10009f54       0x60 D:/Program/Pico/pico_eurobot_2024/pico2/libmicroros\libmicroros.a(librclc-timer.c.obj)
                0x10009f54                rclc_timer_init_default
 .text.__default_zero_allocate
                0x10009fb4        0x8 D:/Program/Pico/pico_eurobot_2024/pico2/libmicroros\libmicroros.a(librcutils-allocator.c.obj)
 .text.__default_reallocate
                0x10009fbc        0x8 D:/Program/Pico/pico_eurobot_2024/pico2/libmicroros\libmicroros.a(librcutils-allocator.c.obj)
 .text.__default_deallocate
                0x10009fc4        0x8 D:/Program/Pico/pico_eurobot_2024/pico2/libmicroros\libmicroros.a(librcutils-allocator.c.obj)
 .text.__default_allocate
                0x10009fcc        0x8 D:/Program/Pico/pico_eurobot_2024/pico2/libmicroros\libmicroros.a(librcutils-allocator.c.obj)
 .text.rcutils_get_default_allocator
                0x10009fd4       0x14 D:/Program/Pico/pico_eurobot_2024/pico2/libmicroros\libmicroros.a(librcutils-allocator.c.obj)
                0x10009fd4                rcutils_get_default_allocator
 .text.rcutils_allocator_is_valid
                0x10009fe8       0x24 D:/Program/Pico/pico_eurobot_2024/pico2/libmicroros\libmicroros.a(librcutils-allocator.c.obj)
                0x10009fe8                rcutils_allocator_is_valid
 .text.rcutils_get_error_string
                0x1000a00c       0x34 D:/Program/Pico/pico_eurobot_2024/pico2/libmicroros\libmicroros.a(librcutils-error_handling.c.obj)
                0x1000a00c                rcutils_get_error_string
 .text.rcutils_reset_error
                0x1000a040       0x38 D:/Program/Pico/pico_eurobot_2024/pico2/libmicroros\libmicroros.a(librcutils-error_handling.c.obj)
                0x1000a040                rcutils_reset_error
 .text.rcutils_system_time_now
                0x1000a078       0x4c D:/Program/Pico/pico_eurobot_2024/pico2/libmicroros\libmicroros.a(librcutils-time_unix.c.obj)
                0x1000a078                rcutils_system_time_now
 .text.rcutils_steady_time_now
                0x1000a0c4       0x4c D:/Program/Pico/pico_eurobot_2024/pico2/libmicroros\libmicroros.a(librcutils-time_unix.c.obj)
                0x1000a0c4                rcutils_steady_time_now
 .text.rmw_get_default_publisher_options
                0x1000a110        0x8 D:/Program/Pico/pico_eurobot_2024/pico2/libmicroros\libmicroros.a(librmw-publisher_options.c.obj)
                0x1000a110                rmw_get_default_publisher_options
 .text.rmw_uros_set_custom_transport
                0x1000a118       0x34 D:/Program/Pico/pico_eurobot_2024/pico2/libmicroros\libmicroros.a(librmw_microxrcedds-custom_transport.c.obj)
                0x1000a118                rmw_uros_set_custom_transport
 .text.rmw_uros_ping_agent
                0x1000a14c       0xa0 D:/Program/Pico/pico_eurobot_2024/pico2/libmicroros\libmicroros.a(librmw_microxrcedds-ping.c.obj)
                0x1000a14c                rmw_uros_ping_agent
 .text.flush_session
                0x1000a1ec        0xc D:/Program/Pico/pico_eurobot_2024/pico2/libmicroros\libmicroros.a(librmw_microxrcedds-rmw_publish.c.obj)
                0x1000a1ec                flush_session
 .text.rmw_publish
                0x1000a1f8       0xd8 D:/Program/Pico/pico_eurobot_2024/pico2/libmicroros\libmicroros.a(librmw_microxrcedds-rmw_publish.c.obj)
                0x1000a1f8                rmw_publish
 .text.rmw_create_publisher
                0x1000a2d0      0x20c D:/Program/Pico/pico_eurobot_2024/pico2/libmicroros\libmicroros.a(librmw_microxrcedds-rmw_publisher.c.obj)
                0x1000a2d0                rmw_create_publisher
 .text.rmw_publisher_get_actual_qos
                0x1000a4dc       0x20 D:/Program/Pico/pico_eurobot_2024/pico2/libmicroros\libmicroros.a(librmw_microxrcedds-rmw_publisher.c.obj)
                0x1000a4dc                rmw_publisher_get_actual_qos
 .text.rmw_destroy_publisher
                0x1000a4fc       0xf4 D:/Program/Pico/pico_eurobot_2024/pico2/libmicroros\libmicroros.a(librmw_microxrcedds-rmw_publisher.c.obj)
                0x1000a4fc                rmw_destroy_publisher
 .text.rmw_uxrce_transport_init
                0x1000a5f0       0x2c D:/Program/Pico/pico_eurobot_2024/pico2/libmicroros\libmicroros.a(librmw_microxrcedds-rmw_uxrce_transports.c.obj)
                0x1000a5f0                rmw_uxrce_transport_init
 .text.rmw_uxrce_init_service_memory
                0x1000a61c       0x48 D:/Program/Pico/pico_eurobot_2024/pico2/libmicroros\libmicroros.a(librmw_microxrcedds-types.c.obj)
                0x1000a61c                rmw_uxrce_init_service_memory
 .text.rmw_uxrce_init_client_memory
                0x1000a664       0x48 D:/Program/Pico/pico_eurobot_2024/pico2/libmicroros\libmicroros.a(librmw_microxrcedds-types.c.obj)
                0x1000a664                rmw_uxrce_init_client_memory